Archive member included to satisfy reference by file (symbol)

C:/ST/STM32CubeIDE_1.17.0/STM32CubeIDE/plugins/com.st.stm32cube.ide.mcu.externaltools.gnu-tools-for-stm32.12.3.rel1.win32_1.1.0.202410251130/tools/bin/../lib/gcc/arm-none-eabi/12.3.1/../../../../arm-none-eabi/lib/thumb/v7e-m+fp/hard\libc_nano.a(libc_a-exit.o)
                              C:/ST/STM32CubeIDE_1.17.0/STM32CubeIDE/plugins/com.st.stm32cube.ide.mcu.externaltools.gnu-tools-for-stm32.12.3.rel1.win32_1.1.0.202410251130/tools/bin/../lib/gcc/arm-none-eabi/12.3.1/../../../../arm-none-eabi/lib/thumb/v7e-m+fp/hard/crt0.o (exit)
C:/ST/STM32CubeIDE_1.17.0/STM32CubeIDE/plugins/com.st.stm32cube.ide.mcu.externaltools.gnu-tools-for-stm32.12.3.rel1.win32_1.1.0.202410251130/tools/bin/../lib/gcc/arm-none-eabi/12.3.1/../../../../arm-none-eabi/lib/thumb/v7e-m+fp/hard\libc_nano.a(libc_a-findfp.o)
                              C:/ST/STM32CubeIDE_1.17.0/STM32CubeIDE/plugins/com.st.stm32cube.ide.mcu.externaltools.gnu-tools-for-stm32.12.3.rel1.win32_1.1.0.202410251130/tools/bin/../lib/gcc/arm-none-eabi/12.3.1/../../../../arm-none-eabi/lib/thumb/v7e-m+fp/hard\libc_nano.a(libc_a-exit.o) (__stdio_exit_handler)
C:/ST/STM32CubeIDE_1.17.0/STM32CubeIDE/plugins/com.st.stm32cube.ide.mcu.externaltools.gnu-tools-for-stm32.12.3.rel1.win32_1.1.0.202410251130/tools/bin/../lib/gcc/arm-none-eabi/12.3.1/../../../../arm-none-eabi/lib/thumb/v7e-m+fp/hard\libc_nano.a(libc_a-fwalk.o)
                              C:/ST/STM32CubeIDE_1.17.0/STM32CubeIDE/plugins/com.st.stm32cube.ide.mcu.externaltools.gnu-tools-for-stm32.12.3.rel1.win32_1.1.0.202410251130/tools/bin/../lib/gcc/arm-none-eabi/12.3.1/../../../../arm-none-eabi/lib/thumb/v7e-m+fp/hard\libc_nano.a(libc_a-findfp.o) (_fwalk_sglue)
C:/ST/STM32CubeIDE_1.17.0/STM32CubeIDE/plugins/com.st.stm32cube.ide.mcu.externaltools.gnu-tools-for-stm32.12.3.rel1.win32_1.1.0.202410251130/tools/bin/../lib/gcc/arm-none-eabi/12.3.1/../../../../arm-none-eabi/lib/thumb/v7e-m+fp/hard\libc_nano.a(libc_a-stdio.o)
                              C:/ST/STM32CubeIDE_1.17.0/STM32CubeIDE/plugins/com.st.stm32cube.ide.mcu.externaltools.gnu-tools-for-stm32.12.3.rel1.win32_1.1.0.202410251130/tools/bin/../lib/gcc/arm-none-eabi/12.3.1/../../../../arm-none-eabi/lib/thumb/v7e-m+fp/hard\libc_nano.a(libc_a-findfp.o) (__sread)
C:/ST/STM32CubeIDE_1.17.0/STM32CubeIDE/plugins/com.st.stm32cube.ide.mcu.externaltools.gnu-tools-for-stm32.12.3.rel1.win32_1.1.0.202410251130/tools/bin/../lib/gcc/arm-none-eabi/12.3.1/../../../../arm-none-eabi/lib/thumb/v7e-m+fp/hard\libc_nano.a(libc_a-memset.o)
                              C:/ST/STM32CubeIDE_1.17.0/STM32CubeIDE/plugins/com.st.stm32cube.ide.mcu.externaltools.gnu-tools-for-stm32.12.3.rel1.win32_1.1.0.202410251130/tools/bin/../lib/gcc/arm-none-eabi/12.3.1/../../../../arm-none-eabi/lib/thumb/v7e-m+fp/hard/crt0.o (memset)
C:/ST/STM32CubeIDE_1.17.0/STM32CubeIDE/plugins/com.st.stm32cube.ide.mcu.externaltools.gnu-tools-for-stm32.12.3.rel1.win32_1.1.0.202410251130/tools/bin/../lib/gcc/arm-none-eabi/12.3.1/../../../../arm-none-eabi/lib/thumb/v7e-m+fp/hard\libc_nano.a(libc_a-closer.o)
                              C:/ST/STM32CubeIDE_1.17.0/STM32CubeIDE/plugins/com.st.stm32cube.ide.mcu.externaltools.gnu-tools-for-stm32.12.3.rel1.win32_1.1.0.202410251130/tools/bin/../lib/gcc/arm-none-eabi/12.3.1/../../../../arm-none-eabi/lib/thumb/v7e-m+fp/hard\libc_nano.a(libc_a-stdio.o) (_close_r)
C:/ST/STM32CubeIDE_1.17.0/STM32CubeIDE/plugins/com.st.stm32cube.ide.mcu.externaltools.gnu-tools-for-stm32.12.3.rel1.win32_1.1.0.202410251130/tools/bin/../lib/gcc/arm-none-eabi/12.3.1/../../../../arm-none-eabi/lib/thumb/v7e-m+fp/hard\libc_nano.a(libc_a-reent.o)
                              C:/ST/STM32CubeIDE_1.17.0/STM32CubeIDE/plugins/com.st.stm32cube.ide.mcu.externaltools.gnu-tools-for-stm32.12.3.rel1.win32_1.1.0.202410251130/tools/bin/../lib/gcc/arm-none-eabi/12.3.1/../../../../arm-none-eabi/lib/thumb/v7e-m+fp/hard\libc_nano.a(libc_a-closer.o) (errno)
C:/ST/STM32CubeIDE_1.17.0/STM32CubeIDE/plugins/com.st.stm32cube.ide.mcu.externaltools.gnu-tools-for-stm32.12.3.rel1.win32_1.1.0.202410251130/tools/bin/../lib/gcc/arm-none-eabi/12.3.1/../../../../arm-none-eabi/lib/thumb/v7e-m+fp/hard\libc_nano.a(libc_a-impure.o)
                              C:/ST/STM32CubeIDE_1.17.0/STM32CubeIDE/plugins/com.st.stm32cube.ide.mcu.externaltools.gnu-tools-for-stm32.12.3.rel1.win32_1.1.0.202410251130/tools/bin/../lib/gcc/arm-none-eabi/12.3.1/../../../../arm-none-eabi/lib/thumb/v7e-m+fp/hard\libc_nano.a(libc_a-reent.o) (_impure_ptr)
C:/ST/STM32CubeIDE_1.17.0/STM32CubeIDE/plugins/com.st.stm32cube.ide.mcu.externaltools.gnu-tools-for-stm32.12.3.rel1.win32_1.1.0.202410251130/tools/bin/../lib/gcc/arm-none-eabi/12.3.1/../../../../arm-none-eabi/lib/thumb/v7e-m+fp/hard\libc_nano.a(libc_a-lseekr.o)
[...]
Memory Configuration

Name             Origin             Length             Attributes
CCMRAM           0x10000000         0x00010000         xrw
RAM              0x20000000         0x00020000         xrw
FLASH            0x08000000         0x00100000         xr
*default*        0x00000000         0xffffffff

Linker script and memory map

LOAD C:/ST/STM32CubeIDE_1.17.0/STM32CubeIDE/plugins/com.st.stm32cube.ide.mcu.externaltools.gnu-tools-for-stm32.12.3.rel1.win32_1.1.0.202410251130/tools/bin/../lib/gcc/arm-none-eabi/12.3.1/thumb/v7e-m+fp/hard/crti.o
LOAD C:/ST/STM32CubeIDE_1.17.0/STM32CubeIDE/plugins/com.st.stm32cube.ide.mcu.externaltools.gnu-tools-for-stm32.12.3.rel1.win32_1.1.0.202410251130/tools/bin/../lib/gcc/arm-none-eabi/12.3.1/thumb/v7e-m+fp/hard/crtbegin.o
LOAD C:/ST/STM32CubeIDE_1.17.0/STM32CubeIDE/plugins/com.st.stm32cube.ide.mcu.externaltools.gnu-tools-for-stm32.12.3.rel1.win32_1.1.0.202410251130/tools/bin/../lib/gcc/arm-none-eabi/12.3.1/../../../../arm-none-eabi/lib/thumb/v7e-m+fp/hard/crt0.o
LOAD ./Core/Src/Modbus_Slave.o
LOAD ./Core/Src/adc.o
LOAD ./Core/Src/button.o
LOAD ./Core/Src/buzzer.o
LOAD ./Core/Src/crc16.o
LOAD ./Core/Src/dma.o
LOAD ./Core/Src/ds3231.o
LOAD ./Core/Src/fsmc.o
LOAD ./Core/Src/gpio.o
LOAD ./Core/Src/i2c.o
LOAD ./Core/Src/lcd.o
LOAD ./Core/Src/led_7seg.o
LOAD ./Core/Src/main.o
LOAD ./Core/Src/picture.o
LOAD ./Core/Src/rs485.o
LOAD ./Core/Src/sensor.o
LOAD ./Core/Src/software_timer.o
LOAD ./Core/Src/spi.o
LOAD ./Core/Src/stm32f4xx_hal_msp.o
LOAD ./Core/Src/stm32f4xx_it.o
LOAD ./Core/Src/syscalls.o
LOAD ./Core/Src/sysmem.o
LOAD ./Core/Src/system_stm32f4xx.o
LOAD ./Core/Src/tim.o
LOAD ./Core/Src/usart.o
LOAD ./Core/Src/utils.o
LOAD ./Core/Startup/startup_stm32f407zetx.o
LOAD ./Drivers/STM32F4xx_HAL_Driver/Src/stm32f4xx_hal.o
LOAD ./Drivers/STM32F4xx_HAL_Driver/Src/stm32f4xx_hal_adc.o
LOAD ./Drivers/STM32F4xx_HAL_Driver/Src/stm32f4xx_hal_adc_ex.o
LOAD ./Drivers/STM32F4xx_HAL_Driver/Src/stm32f4xx_hal_cortex.o
LOAD ./Drivers/STM32F4xx_HAL_Driver/Src/stm32f4xx_hal_dma.o
LOAD ./Drivers/STM32F4xx_HAL_Driver/Src/stm32f4xx_hal_dma_ex.o
LOAD ./Drivers/STM32F4xx_HAL_Driver/Src/stm32f4xx_hal_exti.o
LOAD ./Drivers/STM32F4xx_HAL_Driver/Src/stm32f4xx_hal_flash.o
LOAD ./Drivers/STM32F4xx_HAL_Driver/Src/stm32f4xx_hal_flash_ex.o
LOAD ./Drivers/STM32F4xx_HAL_Driver/Src/stm32f4xx_hal_flash_ramfunc.o
LOAD ./Drivers/STM32F4xx_HAL_Driver/Src/stm32f4xx_hal_gpio.o
LOAD ./Drivers/STM32F4xx_HAL_Driver/Src/stm32f4xx_hal_i2c.o
LOAD ./Drivers/STM32F4xx_HAL_Driver/Src/stm32f4xx_hal_i2c_ex.o
LOAD ./Drivers/STM32F4xx_HAL_Driver/Src/stm32f4xx_hal_nand.o
LOAD ./Drivers/STM32F4xx_HAL_Driver/Src/stm32f4xx_hal_nor.o
LOAD ./Drivers/STM32F4xx_HAL_Driver/Src/stm32f4xx_hal_pccard.o
LOAD ./Drivers/STM32F4xx_HAL_Driver/Src/stm32f4xx_hal_pwr.o
LOAD ./Drivers/STM32F4xx_HAL_Driver/Src/stm32f4xx_hal_pwr_ex.o
LOAD ./Drivers/STM32F4xx_HAL_Driver/Src/stm32f4xx_hal_rcc.o
LOAD ./Drivers/STM32F4xx_HAL_Driver/Src/stm32f4xx_hal_rcc_ex.o
LOAD ./Drivers/STM32F4xx_HAL_Driver/Src/stm32f4xx_hal_spi.o
LOAD ./Drivers/STM32F4xx_HAL_Driver/Src/stm32f4xx_hal_sram.o
LOAD ./Drivers/STM32F4xx_HAL_Driver/Src/stm32f4xx_hal_tim.o
LOAD ./Drivers/STM32F4xx_HAL_Driver/Src/stm32f4xx_hal_tim_ex.o
LOAD ./Drivers/STM32F4xx_HAL_Driver/Src/stm32f4xx_hal_uart.o
LOAD ./Drivers/STM32F4xx_HAL_Driver/Src/stm32f4xx_ll_adc.o
LOAD ./Drivers/STM32F4xx_HAL_Driver/Src/stm32f4xx_ll_fsmc.o
START GROUP
LOAD C:/ST/STM32CubeIDE_1.17.0/STM32CubeIDE/plugins/com.st.stm32cube.ide.mcu.externaltools.gnu-tools-for-stm32.12.3.rel1.win32_1.1.0.202410251130/tools/bin/../lib/gcc/arm-none-eabi/12.3.1/../../../../arm-none-eabi/lib/thumb/v7e-m+fp/hard\libc_nano.a
LOAD C:/ST/STM32CubeIDE_1.17.0/STM32CubeIDE/plugins/com.st.stm32cube.ide.mcu.externaltools.gnu-tools-for-stm32.12.3.rel1.win32_1.1.0.202410251130/tools/bin/../lib/gcc/arm-none-eabi/12.3.1/../../../../arm-none-eabi/lib/thumb/v7e-m+fp/hard\libm.a
END GROUP
START GROUP
LOAD C:/ST/STM32CubeIDE_1.17.0/STM32CubeIDE/plugins/com.st.stm32cube.ide.mcu.externaltools.gnu-tools-for-stm32.12.3.rel1.win32_1.1.0.202410251130/tools/bin/../lib/gcc/arm-none-eabi/12.3.1/thumb/v7e-m+fp/hard\libgcc.a
LOAD C:/ST/STM32CubeIDE_1.17.0/STM32CubeIDE/plugins/com.st.stm32cube.ide.mcu.externaltools.gnu-tools-for-stm32.12.3.rel1.win32_1.1.0.202410251130/tools/bin/../lib/gcc/arm-none-eabi/12.3.1/../../../../arm-none-eabi/lib/thumb/v7e-m+fp/hard\libc_nano.a
END GROUP
START GROUP
LOAD C:/ST/STM32CubeIDE_1.17.0/STM32CubeIDE/plugins/com.st.stm32cube.ide.mcu.externaltools.gnu-tools-for-stm32.12.3.rel1.win32_1.1.0.202410251130/tools/bin/../lib/gcc/arm-none-eabi/12.3.1/thumb/v7e-m+fp/hard\libgcc.a
LOAD C:/ST/STM32CubeIDE_1.17.0/STM32CubeIDE/plugins/com.st.stm32cube.ide.mcu.externaltools.gnu-tools-for-stm32.12.3.rel1.win32_1.1.0.202410251130/tools/bin/../lib/gcc/arm-none-eabi/12.3.1/../../../../arm-none-eabi/lib/thumb/v7e-m+fp/hard\libc_nano.a
LOAD C:/ST/STM32CubeIDE_1.17.0/STM32CubeIDE/plugins/com.st.stm32cube.ide.mcu.externaltools.gnu-tools-for-stm32.12.3.rel1.win32_1.1.0.202410251130/tools/bin/../lib/gcc/arm-none-eabi/12.3.1/../../../../arm-none-eabi/lib/thumb/v7e-m+fp/hard\libnosys.a
END GROUP
START GROUP
LOAD C:/ST/STM32CubeIDE_1.17.0/STM32CubeIDE/plugins/com.st.stm32cube.ide.mcu.externaltools.gnu-tools-for-stm32.12.3.rel1.win32_1.1.0.202410251130/tools/bin/../lib/gcc/arm-none-eabi/12.3.1/thumb/v7e-m+fp/hard\libgcc.a
LOAD C:/ST/STM32CubeIDE_1.17.0/STM32CubeIDE/plugins/com.st.stm32cube.ide.mcu.externaltools.gnu-tools-for-stm32.12.3.rel1.win32_1.1.0.202410251130/tools/bin/../lib/gcc/arm-none-eabi/12.3.1/../../../../arm-none-eabi/lib/thumb/v7e-m+fp/hard\libc_nano.a
LOAD C:/ST/STM32CubeIDE_1.17.0/STM32CubeIDE/plugins/com.st.stm32cube.ide.mcu.externaltools.gnu-tools-for-stm32.12.3.rel1.win32_1.1.0.202410251130/tools/bin/../lib/gcc/arm-none-eabi/12.3.1/../../../../arm-none-eabi/lib/thumb/v7e-m+fp/hard\libnosys.a
END GROUP
LOAD C:/ST/STM32CubeIDE_1.17.0/STM32CubeIDE/plugins/com.st.stm32cube.ide.mcu.externaltools.gnu-tools-for-stm32.12.3.rel1.win32_1.1.0.202410251130/tools/bin/../lib/gcc/arm-none-eabi/12.3.1/thumb/v7e-m+fp/hard/crtend.o
LOAD C:/ST/STM32CubeIDE_1.17.0/STM32CubeIDE/plugins/com.st.stm32cube.ide.mcu.externaltools.gnu-tools-for-stm32.12.3.rel1.win32_1.1.0.202410251130/tools/bin/../lib/gcc/arm-none-eabi/12.3.1/thumb/v7e-m+fp/hard/crtn.o
                0x20020000                        _estack = (ORIGIN (RAM) + LENGTH (RAM))
                0x00000200                        _Min_Heap_Size = 0x200
                0x00000400                        _Min_Stack_Size = 0x400

.isr_vector     0x08000000      0x188
                0x08000000                        . = ALIGN (0x4)
 *(.isr_vector)
 .isr_vector    0x08000000      0x188 ./Core/Startup/startup_stm32f407zetx.o
                0x08000000                g_pfnVectors
                0x08000188                        . = ALIGN (0x4)

.text           0x08000188     0x77f8
                0x08000188                        . = ALIGN (0x4)
 *(.text)
 .text          0x08000188       0x40 C:/ST/STM32CubeIDE_1.17.0/STM32CubeIDE/plugins/com.st.stm32cube.ide.mcu.externaltools.gnu-tools-for-stm32.12.3.rel1.win32_1.1.0.202410251130/tools/bin/../lib/gcc/arm-none-eabi/12.3.1/thumb/v7e-m+fp/hard/crtbegin.o
 .text          0x080001c8      0x378 C:/ST/STM32CubeIDE_1.17.0/STM32CubeIDE/plugins/com.st.stm32cube.ide.mcu.externaltools.gnu-tools-for-stm32.12.3.rel1.win32_1.1.0.202410251130/tools/bin/../lib/gcc/arm-none-eabi/12.3.1/thumb/v7e-m+fp/hard\libgcc.a(_arm_addsubdf3.o)
                0x080001c8                __aeabi_drsub
                0x080001d0                __aeabi_dsub
                0x080001d0                __subdf3
                0x080001d4                __aeabi_dadd
                0x080001d4                __adddf3
                0x0800044c                __floatunsidf
                0x0800044c                __aeabi_ui2d
                0x0800046c                __floatsidf
                0x0800046c                __aeabi_i2d
                0x08000490                __aeabi_f2d
                0x08000490                __extendsfdf2
                0x080004d4                __floatundidf
                0x080004d4                __aeabi_ul2d
                0x080004e4                __floatdidf
                0x080004e4                __aeabi_l2d
 .text          0x08000540      0x424 C:/ST/STM32CubeIDE_1.17.0/STM32CubeIDE/plugins/com.st.stm32cube.ide.mcu.externaltools.gnu-tools-for-stm32.12.3.rel1.win32_1.1.0.202410251130/tools/bin/../lib/gcc/arm-none-eabi/12.3.1/thumb/v7e-m+fp/hard\libgcc.a(_arm_muldivdf3.o)
                0x08000540                __aeabi_dmul
                0x08000540                __muldf3
                0x08000794                __divdf3
                0x08000794                __aeabi_ddiv
 .text          0x08000964       0xa0 C:/ST/STM32CubeIDE_1.17.0/STM32CubeIDE/plugins/com.st.stm32cube.ide.mcu.externaltools.gnu-tools-for-stm32.12.3.rel1.win32_1.1.0.202410251130/tools/bin/../lib/gcc/arm-none-eabi/12.3.1/thumb/v7e-m+fp/hard\libgcc.a(_arm_truncdfsf2.o)
                0x08000964                __truncdfsf2
                0x08000964                __aeabi_d2f
 .text          0x08000a04       0x30 C:/ST/STM32CubeIDE_1.17.0/STM32CubeIDE/plugins/com.st.stm32cube.ide.mcu.externaltools.gnu-tools-for-stm32.12.3.rel1.win32_1.1.0.202410251130/tools/bin/../lib/gcc/arm-none-eabi/12.3.1/thumb/v7e-m+fp/hard\libgcc.a(_aeabi_uldivmod.o)
                0x08000a04                __aeabi_uldivmod
 .text          0x08000a34      0x2bc C:/ST/STM32CubeIDE_1.17.0/STM32CubeIDE/plugins/com.st.stm32cube.ide.mcu.externaltools.gnu-tools-for-stm32.12.3.rel1.win32_1.1.0.202410251130/tools/bin/../lib/gcc/arm-none-eabi/12.3.1/thumb/v7e-m+fp/hard\libgcc.a(_udivmoddi4.o)
                0x08000a34                __udivmoddi4
 .text          0x08000cf0        0x4 C:/ST/STM32CubeIDE_1.17.0/STM32CubeIDE/plugins/com.st.stm32cube.ide.mcu.externaltools.gnu-tools-for-stm32.12.3.rel1.win32_1.1.0.202410251130/tools/bin/../lib/gcc/arm-none-eabi/12.3.1/thumb/v7e-m+fp/hard\libgcc.a(_dvmd_tls.o)
                0x08000cf0                __aeabi_idiv0
                0x08000cf0                __aeabi_ldiv0
 *(.text*)
 .text.InitSlave
                0x08000cf4       0x40 ./Core/Src/Modbus_Slave.o
                0x08000cf4                InitSlave
 .text.CommandParser_handler
                0x08000d34       0x88 ./Core/Src/Modbus_Slave.o
                0x08000d34                CommandParser_handler
 .text.splitFloat
                0x08000dbc       0x38 ./Core/Src/Modbus_Slave.o
                0x08000dbc                splitFloat
 .text.splitUint16
                0x08000df4       0x2e ./Core/Src/Modbus_Slave.o
                0x08000df4                splitUint16
 *fill*         0x08000e22        0x2 
 .text.Read_multiple_holding_register_handler
                0x08000e24       0x70 ./Core/Src/Modbus_Slave.o
                0x08000e24                Read_multiple_holding_register_handler
 .text.Read_holding_register_handler
                0x08000e94       0x54 ./Core/Src/Modbus_Slave.o
                0x08000e94                Read_holding_register_handler
 .text.ReadData
                0x08000ee8       0x82 ./Core/Src/Modbus_Slave.o
 *fill*         0x08000f6a        0x2 
 .text.Write_holding_register_handler
                0x08000f6c       0xc0 ./Core/Src/Modbus_Slave.o
                0x08000f6c                Write_holding_register_handler
 .text.slave_behavior
                0x0800102c       0x94 ./Core/Src/Modbus_Slave.o
                0x0800102c                slave_behavior
 .text.MX_ADC1_Init
                0x080010c0      0x114 ./Core/Src/adc.o
                0x080010c0                MX_ADC1_Init
 .text.HAL_ADC_MspInit
                0x080011d4      0x128 ./Core/Src/adc.o
                0x080011d4                HAL_ADC_MspInit
 .text.button_init
                0x080012fc       0x18 ./Core/Src/button.o
                0x080012fc                button_init
 .text.buzzer_init
                0x08001314       0x14 ./Core/Src/buzzer.o
                0x08001314                buzzer_init
 .text.crc16    0x08001328       0x60 ./Core/Src/crc16.o
                0x08001328                crc16
 .text.MX_DMA_Init
                0x08001388       0x40 ./Core/Src/dma.o
                0x08001388                MX_DMA_Init
 .text.MX_FSMC_Init
                0x080013c8       0xf4 ./Core/Src/fsmc.o
                0x080013c8                MX_FSMC_Init
 .text.HAL_FSMC_MspInit
                0x080014bc       0x98 ./Core/Src/fsmc.o
 .text.HAL_SRAM_MspInit
                0x08001554       0x14 ./Core/Src/fsmc.o
                0x08001554                HAL_SRAM_MspInit
 .text.MX_GPIO_Init
                0x08001568      0x20c ./Core/Src/gpio.o
                0x08001568                MX_GPIO_Init
 .text.MX_I2C1_Init
                0x08001774       0x5c ./Core/Src/i2c.o
                0x08001774                MX_I2C1_Init
 .text.HAL_I2C_MspInit
                0x080017d0       0x90 ./Core/Src/i2c.o
                0x080017d0                HAL_I2C_MspInit
 .text.LCD_WR_REG
                0x08001860       0x20 ./Core/Src/lcd.o
                0x08001860                LCD_WR_REG
 .text.LCD_WR_DATA
                0x08001880       0x20 ./Core/Src/lcd.o
 .text.LCD_RD_DATA
                0x080018a0       0x24 ./Core/Src/lcd.o
 .text.lcd_set_address
                0x080018c4       0x98 ./Core/Src/lcd.o
                0x080018c4                lcd_set_address
 .text.lcd_clear
                0x0800195c       0x64 ./Core/Src/lcd.o
                0x0800195c                lcd_clear
 .text.lcd_draw_point
                0x080019c0       0x2e ./Core/Src/lcd.o
                0x080019c0                lcd_draw_point
 *fill*         0x080019ee        0x2 
 .text.lcd_show_char
                0x080019f0      0x1a0 ./Core/Src/lcd.o
                0x080019f0                lcd_show_char
 .text.mypow    0x08001b90       0x38 ./Core/Src/lcd.o
 .text.lcd_show_int_num
                0x08001bc8       0xfc ./Core/Src/lcd.o
                0x08001bc8                lcd_show_int_num
 .text.lcd_show_float_num
                0x08001cc4      0x110 ./Core/Src/lcd.o
                0x08001cc4                lcd_show_float_num
 .text.lcd_set_direction
                0x08001dd4       0x48 ./Core/Src/lcd.o
                0x08001dd4                lcd_set_direction
 .text.lcd_init
                0x08001e1c      0x2c0 ./Core/Src/lcd.o
                0x08001e1c                lcd_init
 .text.lcd_show_string
                0x080020dc       0xc8 ./Core/Src/lcd.o
                0x080020dc                lcd_show_string
 .text.HAL_UARTEx_RxEventCallback
                0x080021a4       0x24 ./Core/Src/main.o
                0x080021a4                HAL_UARTEx_RxEventCallback
 .text.HAL_TIM_PeriodElapsedCallback
                0x080021c8       0x1e ./Core/Src/main.o
                0x080021c8                HAL_TIM_PeriodElapsedCallback
 *fill*         0x080021e6        0x2 
 .text.main     0x080021e8       0xa0 ./Core/Src/main.o
                0x080021e8                main
 .text.SystemClock_Config
                0x08002288       0xd4 ./Core/Src/main.o
                0x08002288                SystemClock_Config
 .text.system_init
                0x0800235c       0x1c ./Core/Src/main.o
                0x0800235c                system_init
 .text.TestADC  0x08002378      0x180 ./Core/Src/main.o
                0x08002378                TestADC
 .text.Error_Handler
                0x080024f8        0xc ./Core/Src/main.o
                0x080024f8                Error_Handler
 .text.Modbus_Send
                0x08002504       0x74 ./Core/Src/rs485.o
                0x08002504                Modbus_Send
 .text.Modbus_CheckData
                0x08002578       0x6e ./Core/Src/rs485.o
                0x08002578                Modbus_CheckData
 .text.Modbus_Transmit_Slave
                0x080025e6       0xc0 ./Core/Src/rs485.o
                0x080025e6                Modbus_Transmit_Slave
 *fill*         0x080026a6        0x2 
 .text.Modbus_Receive
                0x080026a8       0x38 ./Core/Src/rs485.o
                0x080026a8                Modbus_Receive
 .text.Modbus_CallBack
                0x080026e0       0x4c ./Core/Src/rs485.o
                0x080026e0                Modbus_CallBack
 .text.Modbus_Init
                0x0800272c       0x60 ./Core/Src/rs485.o
                0x0800272c                Modbus_Init
 .text.sensor_init
                0x0800278c       0x1c ./Core/Src/sensor.o
                0x0800278c                sensor_init
 .text.sensor_read
                0x080027a8       0x1c ./Core/Src/sensor.o
                0x080027a8                sensor_read
 .text.sensor_get_light
                0x080027c4       0x18 ./Core/Src/sensor.o
                0x080027c4                sensor_get_light
 .text.sensor_get_potentiometer
                0x080027dc       0x18 ./Core/Src/sensor.o
                0x080027dc                sensor_get_potentiometer
 *fill*         0x080027f4        0x4 
 .text.sensor_get_voltage
                0x080027f8       0x78 ./Core/Src/sensor.o
                0x080027f8                sensor_get_voltage
 .text.sensor_get_current
                0x08002870       0xb8 ./Core/Src/sensor.o
                0x08002870                sensor_get_current
 .text.sensor_get_temperature
                0x08002928       0x3c ./Core/Src/sensor.o
                0x08002928                sensor_get_temperature
 .text.timer2_init
                0x08002964       0x14 ./Core/Src/software_timer.o
                0x08002964                timer2_init
 .text.InitTimer
                0x08002978       0x44 ./Core/Src/software_timer.o
                0x08002978                InitTimer
 .text.set_timer
                0x080029bc       0x34 ./Core/Src/software_timer.o
                0x080029bc                set_timer
 .text.TimerRun
                0x080029f0       0x64 ./Core/Src/software_timer.o
                0x080029f0                TimerRun
 .text.MX_SPI1_Init
                0x08002a54       0x6c ./Core/Src/spi.o
                0x08002a54                MX_SPI1_Init
 .text.HAL_SPI_MspInit
                0x08002ac0       0x90 ./Core/Src/spi.o
                0x08002ac0                HAL_SPI_MspInit
 .text.HAL_MspInit
                0x08002b50       0x50 ./Core/Src/stm32f4xx_hal_msp.o
                0x08002b50                HAL_MspInit
 .text.NMI_Handler
                0x08002ba0        0x8 ./Core/Src/stm32f4xx_it.o
                0x08002ba0                NMI_Handler
 .text.HardFault_Handler
                0x08002ba8        0x8 ./Core/Src/stm32f4xx_it.o
                0x08002ba8                HardFault_Handler
 .text.MemManage_Handler
                0x08002bb0        0x8 ./Core/Src/stm32f4xx_it.o
                0x08002bb0                MemManage_Handler
 .text.BusFault_Handler
                0x08002bb8        0x8 ./Core/Src/stm32f4xx_it.o
                0x08002bb8                BusFault_Handler
 .text.UsageFault_Handler
                0x08002bc0        0x8 ./Core/Src/stm32f4xx_it.o
                0x08002bc0                UsageFault_Handler
 .text.SVC_Handler
                0x08002bc8        0xe ./Core/Src/stm32f4xx_it.o
                0x08002bc8                SVC_Handler
 .text.DebugMon_Handler
                0x08002bd6        0xe ./Core/Src/stm32f4xx_it.o
                0x08002bd6                DebugMon_Handler
 .text.PendSV_Handler
                0x08002be4        0xe ./Core/Src/stm32f4xx_it.o
                0x08002be4                PendSV_Handler
 .text.SysTick_Handler
                0x08002bf2        0xc ./Core/Src/stm32f4xx_it.o
                0x08002bf2                SysTick_Handler
 *fill*         0x08002bfe        0x2 
 .text.TIM2_IRQHandler
                0x08002c00       0x14 ./Core/Src/stm32f4xx_it.o
                0x08002c00                TIM2_IRQHandler
 .text.USART1_IRQHandler
                0x08002c14       0x14 ./Core/Src/stm32f4xx_it.o
                0x08002c14                USART1_IRQHandler
 .text.USART3_IRQHandler
                0x08002c28       0x14 ./Core/Src/stm32f4xx_it.o
                0x08002c28                USART3_IRQHandler
 .text.DMA2_Stream0_IRQHandler
                0x08002c3c       0x14 ./Core/Src/stm32f4xx_it.o
                0x08002c3c                DMA2_Stream0_IRQHandler
 .text.SystemInit
                0x08002c50       0x24 ./Core/Src/system_stm32f4xx.o
                0x08002c50                SystemInit
 .text.MX_TIM2_Init
                0x08002c74       0x98 ./Core/Src/tim.o
                0x08002c74                MX_TIM2_Init
 .text.MX_TIM4_Init
                0x08002d0c       0x9c ./Core/Src/tim.o
                0x08002d0c                MX_TIM4_Init
 .text.MX_TIM13_Init
                0x08002da8       0x9c ./Core/Src/tim.o
                0x08002da8                MX_TIM13_Init
 .text.HAL_TIM_Base_MspInit
                0x08002e44       0xa4 ./Core/Src/tim.o
                0x08002e44                HAL_TIM_Base_MspInit
 .text.HAL_TIM_MspPostInit
                0x08002ee8       0x74 ./Core/Src/tim.o
                0x08002ee8                HAL_TIM_MspPostInit
 .text.MX_USART1_UART_Init
                0x08002f5c       0x54 ./Core/Src/usart.o
                0x08002f5c                MX_USART1_UART_Init
 .text.MX_USART3_UART_Init
                0x08002fb0       0x54 ./Core/Src/usart.o
                0x08002fb0                MX_USART3_UART_Init
 .text.HAL_UART_MspInit
                0x08003004      0x120 ./Core/Src/usart.o
                0x08003004                HAL_UART_MspInit
 .text.Reset_Handler
                0x08003124       0x50 ./Core/Startup/startup_stm32f407zetx.o
                0x08003124                Reset_Handler
 .text.Default_Handler
                0x08003174        0x2 ./Core/Startup/startup_stm32f407zetx.o
                0x08003174                RTC_Alarm_IRQHandler
                0x08003174                HASH_RNG_IRQHandler
                0x08003174                EXTI2_IRQHandler
                0x08003174                TIM8_CC_IRQHandler
                0x08003174                TIM1_CC_IRQHandler
                0x08003174                DMA2_Stream5_IRQHandler
                0x08003174                DMA1_Stream5_IRQHandler
                0x08003174                PVD_IRQHandler
                0x08003174                SDIO_IRQHandler
                0x08003174                TAMP_STAMP_IRQHandler
                0x08003174                CAN2_RX1_IRQHandler
                0x08003174                EXTI3_IRQHandler
                0x08003174                TIM8_TRG_COM_TIM14_IRQHandler
                0x08003174                TIM1_UP_TIM10_IRQHandler
                0x08003174                TIM8_UP_TIM13_IRQHandler
                0x08003174                I2C3_ER_IRQHandler
                0x08003174                EXTI0_IRQHandler
                0x08003174                I2C2_EV_IRQHandler
                0x08003174                DMA1_Stream2_IRQHandler
                0x08003174                CAN1_RX0_IRQHandler
                0x08003174                FPU_IRQHandler
                0x08003174                OTG_HS_WKUP_IRQHandler
                0x08003174                CAN2_SCE_IRQHandler
                0x08003174                DMA2_Stream2_IRQHandler
                0x08003174                SPI1_IRQHandler
                0x08003174                TIM6_DAC_IRQHandler
                0x08003174                TIM1_BRK_TIM9_IRQHandler
                0x08003174                DCMI_IRQHandler
                0x08003174                CAN2_RX0_IRQHandler
                0x08003174                DMA2_Stream3_IRQHandler
                0x08003174                USART6_IRQHandler
                0x08003174                CAN1_RX1_IRQHandler
                0x08003174                UART5_IRQHandler
                0x08003174                TIM4_IRQHandler
                0x08003174                I2C1_EV_IRQHandler
                0x08003174                DMA1_Stream6_IRQHandler
                0x08003174                DMA1_Stream1_IRQHandler
                0x08003174                UART4_IRQHandler
                0x08003174                TIM3_IRQHandler
                0x08003174                RCC_IRQHandler
                0x08003174                TIM8_BRK_TIM12_IRQHandler
                0x08003174                Default_Handler
                0x08003174                EXTI15_10_IRQHandler
                0x08003174                ADC_IRQHandler
                0x08003174                DMA1_Stream7_IRQHandler
                0x08003174                TIM7_IRQHandler
                0x08003174                CAN2_TX_IRQHandler
                0x08003174                TIM5_IRQHandler
                0x08003174                DMA2_Stream7_IRQHandler
                0x08003174                I2C3_EV_IRQHandler
                0x08003174                EXTI9_5_IRQHandler
                0x08003174                RTC_WKUP_IRQHandler
                0x08003174                ETH_WKUP_IRQHandler
                0x08003174                SPI2_IRQHandler
                0x08003174                OTG_HS_EP1_IN_IRQHandler
                0x08003174                DMA1_Stream0_IRQHandler
                0x08003174                CAN1_TX_IRQHandler
                0x08003174                EXTI4_IRQHandler
                0x08003174                FSMC_IRQHandler
                0x08003174                ETH_IRQHandler
                0x08003174                OTG_HS_EP1_OUT_IRQHandler
                0x08003174                WWDG_IRQHandler
                0x08003174                OTG_FS_WKUP_IRQHandler
                0x08003174                TIM1_TRG_COM_TIM11_IRQHandler
                0x08003174                OTG_HS_IRQHandler
                0x08003174                EXTI1_IRQHandler
                0x08003174                USART2_IRQHandler
                0x08003174                I2C2_ER_IRQHandler
                0x08003174                DMA2_Stream1_IRQHandler
                0x08003174                CAN1_SCE_IRQHandler
                0x08003174                FLASH_IRQHandler
                0x08003174                DMA2_Stream4_IRQHandler
                0x08003174                OTG_FS_IRQHandler
                0x08003174                SPI3_IRQHandler
                0x08003174                DMA1_Stream4_IRQHandler
                0x08003174                I2C1_ER_IRQHandler
                0x08003174                DMA2_Stream6_IRQHandler
                0x08003174                DMA1_Stream3_IRQHandler
 *fill*         0x08003176        0x2 
 .text.HAL_Init
                0x08003178       0x44 ./Drivers/STM32F4xx_HAL_Driver/Src/stm32f4xx_hal.o
                0x08003178                HAL_Init
 .text.HAL_InitTick
                0x080031bc       0x60 ./Drivers/STM32F4xx_HAL_Driver/Src/stm32f4xx_hal.o
                0x080031bc                HAL_InitTick
 .text.HAL_IncTick
                0x0800321c       0x28 ./Drivers/STM32F4xx_HAL_Driver/Src/stm32f4xx_hal.o
                0x0800321c                HAL_IncTick
 .text.HAL_GetTick
                0x08003244       0x18 ./Drivers/STM32F4xx_HAL_Driver/Src/stm32f4xx_hal.o
                0x08003244                HAL_GetTick
 .text.HAL_Delay
                0x0800325c       0x48 ./Drivers/STM32F4xx_HAL_Driver/Src/stm32f4xx_hal.o
                0x0800325c                HAL_Delay
 .text.HAL_ADC_Init
                0x080032a4       0x86 ./Drivers/STM32F4xx_HAL_Driver/Src/stm32f4xx_hal_adc.o
                0x080032a4                HAL_ADC_Init
 *fill*         0x0800332a        0x2 
 .text.HAL_ADC_Start_DMA
                0x0800332c      0x220 ./Drivers/STM32F4xx_HAL_Driver/Src/stm32f4xx_hal_adc.o
                0x0800332c                HAL_ADC_Start_DMA
 .text.HAL_ADC_ConvCpltCallback
                0x0800354c       0x14 ./Drivers/STM32F4xx_HAL_Driver/Src/stm32f4xx_hal_adc.o
                0x0800354c                HAL_ADC_ConvCpltCallback
 .text.HAL_ADC_ConvHalfCpltCallback
                0x08003560       0x14 ./Drivers/STM32F4xx_HAL_Driver/Src/stm32f4xx_hal_adc.o
                0x08003560                HAL_ADC_ConvHalfCpltCallback
 .text.HAL_ADC_ErrorCallback
                0x08003574       0x14 ./Drivers/STM32F4xx_HAL_Driver/Src/stm32f4xx_hal_adc.o
                0x08003574                HAL_ADC_ErrorCallback
 .text.HAL_ADC_ConfigChannel
                0x08003588      0x244 ./Drivers/STM32F4xx_HAL_Driver/Src/stm32f4xx_hal_adc.o
                0x08003588                HAL_ADC_ConfigChannel
 .text.ADC_Init
                0x080037cc      0x1f8 ./Drivers/STM32F4xx_HAL_Driver/Src/stm32f4xx_hal_adc.o
 .text.ADC_DMAConvCplt
                0x080039c4       0xba ./Drivers/STM32F4xx_HAL_Driver/Src/stm32f4xx_hal_adc.o
 .text.ADC_DMAHalfConvCplt
                0x08003a7e       0x1c ./Drivers/STM32F4xx_HAL_Driver/Src/stm32f4xx_hal_adc.o
 .text.ADC_DMAError
                0x08003a9a       0x2e ./Drivers/STM32F4xx_HAL_Driver/Src/stm32f4xx_hal_adc.o
 .text.__NVIC_SetPriorityGrouping
                0x08003ac8       0x48 ./Drivers/STM32F4xx_HAL_Driver/Src/stm32f4xx_hal_cortex.o
 .text.__NVIC_GetPriorityGrouping
                0x08003b10       0x1c ./Drivers/STM32F4xx_HAL_Driver/Src/stm32f4xx_hal_cortex.o
 .text.__NVIC_EnableIRQ
                0x08003b2c       0x3c ./Drivers/STM32F4xx_HAL_Driver/Src/stm32f4xx_hal_cortex.o
 .text.__NVIC_SetPriority
                0x08003b68       0x54 ./Drivers/STM32F4xx_HAL_Driver/Src/stm32f4xx_hal_cortex.o
 .text.NVIC_EncodePriority
                0x08003bbc       0x66 ./Drivers/STM32F4xx_HAL_Driver/Src/stm32f4xx_hal_cortex.o
 *fill*         0x08003c22        0x2 
 .text.SysTick_Config
                0x08003c24       0x44 ./Drivers/STM32F4xx_HAL_Driver/Src/stm32f4xx_hal_cortex.o
 .text.HAL_NVIC_SetPriorityGrouping
                0x08003c68       0x16 ./Drivers/STM32F4xx_HAL_Driver/Src/stm32f4xx_hal_cortex.o
                0x08003c68                HAL_NVIC_SetPriorityGrouping
 .text.HAL_NVIC_SetPriority
                0x08003c7e       0x38 ./Drivers/STM32F4xx_HAL_Driver/Src/stm32f4xx_hal_cortex.o
                0x08003c7e                HAL_NVIC_SetPriority
 .text.HAL_NVIC_EnableIRQ
                0x08003cb6       0x1c ./Drivers/STM32F4xx_HAL_Driver/Src/stm32f4xx_hal_cortex.o
                0x08003cb6                HAL_NVIC_EnableIRQ
 .text.HAL_SYSTICK_Config
                0x08003cd2       0x18 ./Drivers/STM32F4xx_HAL_Driver/Src/stm32f4xx_hal_cortex.o
                0x08003cd2                HAL_SYSTICK_Config
 *fill*         0x08003cea        0x2 
 .text.HAL_DMA_Init
                0x08003cec      0x15c ./Drivers/STM32F4xx_HAL_Driver/Src/stm32f4xx_hal_dma.o
                0x08003cec                HAL_DMA_Init
 .text.HAL_DMA_Start_IT
                0x08003e48       0xb0 ./Drivers/STM32F4xx_HAL_Driver/Src/stm32f4xx_hal_dma.o
                0x08003e48                HAL_DMA_Start_IT
 .text.HAL_DMA_Abort
                0x08003ef8       0xe0 ./Drivers/STM32F4xx_HAL_Driver/Src/stm32f4xx_hal_dma.o
                0x08003ef8                HAL_DMA_Abort
 .text.HAL_DMA_Abort_IT
                0x08003fd8       0x44 ./Drivers/STM32F4xx_HAL_Driver/Src/stm32f4xx_hal_dma.o
                0x08003fd8                HAL_DMA_Abort_IT
 .text.HAL_DMA_IRQHandler
                0x0800401c      0x314 ./Drivers/STM32F4xx_HAL_Driver/Src/stm32f4xx_hal_dma.o
                0x0800401c                HAL_DMA_IRQHandler
 .text.DMA_SetConfig
                0x08004330       0x5c ./Drivers/STM32F4xx_HAL_Driver/Src/stm32f4xx_hal_dma.o
 .text.DMA_CalcBaseAndBitshift
                0x0800438c       0x6c ./Drivers/STM32F4xx_HAL_Driver/Src/stm32f4xx_hal_dma.o
 .text.DMA_CheckFifoParam
                0x080043f8       0xf8 ./Drivers/STM32F4xx_HAL_Driver/Src/stm32f4xx_hal_dma.o
 .text.HAL_GPIO_Init
                0x080044f0      0x338 ./Drivers/STM32F4xx_HAL_Driver/Src/stm32f4xx_hal_gpio.o
                0x080044f0                HAL_GPIO_Init
 .text.HAL_GPIO_WritePin
                0x08004828       0x32 ./Drivers/STM32F4xx_HAL_Driver/Src/stm32f4xx_hal_gpio.o
                0x08004828                HAL_GPIO_WritePin
 .text.HAL_GPIO_TogglePin
                0x0800485a       0x34 ./Drivers/STM32F4xx_HAL_Driver/Src/stm32f4xx_hal_gpio.o
                0x0800485a                HAL_GPIO_TogglePin
 *fill*         0x0800488e        0x2 
 .text.HAL_I2C_Init
                0x08004890      0x288 ./Drivers/STM32F4xx_HAL_Driver/Src/stm32f4xx_hal_i2c.o
                0x08004890                HAL_I2C_Init
 .text.HAL_RCC_OscConfig
                0x08004b18      0x4f0 ./Drivers/STM32F4xx_HAL_Driver/Src/stm32f4xx_hal_rcc.o
                0x08004b18                HAL_RCC_OscConfig
 .text.HAL_RCC_ClockConfig
                0x08005008      0x1cc ./Drivers/STM32F4xx_HAL_Driver/Src/stm32f4xx_hal_rcc.o
                0x08005008                HAL_RCC_ClockConfig
 .text.HAL_RCC_GetSysClockFreq
                0x080051d4      0x20c ./Drivers/STM32F4xx_HAL_Driver/Src/stm32f4xx_hal_rcc.o
                0x080051d4                HAL_RCC_GetSysClockFreq
 .text.HAL_RCC_GetHCLKFreq
                0x080053e0       0x18 ./Drivers/STM32F4xx_HAL_Driver/Src/stm32f4xx_hal_rcc.o
                0x080053e0                HAL_RCC_GetHCLKFreq
 .text.HAL_RCC_GetPCLK1Freq
                0x080053f8       0x28 ./Drivers/STM32F4xx_HAL_Driver/Src/stm32f4xx_hal_rcc.o
                0x080053f8                HAL_RCC_GetPCLK1Freq
 .text.HAL_RCC_GetPCLK2Freq
                0x08005420       0x28 ./Drivers/STM32F4xx_HAL_Driver/Src/stm32f4xx_hal_rcc.o
                0x08005420                HAL_RCC_GetPCLK2Freq
 .text.HAL_SPI_Init
                0x08005448      0x112 ./Drivers/STM32F4xx_HAL_Driver/Src/stm32f4xx_hal_spi.o
                0x08005448                HAL_SPI_Init
 .text.HAL_SRAM_Init
                0x0800555a       0x90 ./Drivers/STM32F4xx_HAL_Driver/Src/stm32f4xx_hal_sram.o
                0x0800555a                HAL_SRAM_Init
 .text.HAL_TIM_Base_Init
                0x080055ea       0x9e ./Drivers/STM32F4xx_HAL_Driver/Src/stm32f4xx_hal_tim.o
                0x080055ea                HAL_TIM_Base_Init
 .text.HAL_TIM_Base_Start_IT
                0x08005688       0xe0 ./Drivers/STM32F4xx_HAL_Driver/Src/stm32f4xx_hal_tim.o
                0x08005688                HAL_TIM_Base_Start_IT
 .text.HAL_TIM_PWM_Init
                0x08005768       0x9e ./Drivers/STM32F4xx_HAL_Driver/Src/stm32f4xx_hal_tim.o
                0x08005768                HAL_TIM_PWM_Init
 .text.HAL_TIM_PWM_MspInit
                0x08005806       0x14 ./Drivers/STM32F4xx_HAL_Driver/Src/stm32f4xx_hal_tim.o
                0x08005806                HAL_TIM_PWM_MspInit
 *fill*         0x0800581a        0x2 
 .text.HAL_TIM_PWM_Start
                0x0800581c      0x190 ./Drivers/STM32F4xx_HAL_Driver/Src/stm32f4xx_hal_tim.o
                0x0800581c                HAL_TIM_PWM_Start
 .text.HAL_TIM_IRQHandler
                0x080059ac      0x1e0 ./Drivers/STM32F4xx_HAL_Driver/Src/stm32f4xx_hal_tim.o
                0x080059ac                HAL_TIM_IRQHandler
 .text.HAL_TIM_PWM_ConfigChannel
                0x08005b8c      0x184 ./Drivers/STM32F4xx_HAL_Driver/Src/stm32f4xx_hal_tim.o
                0x08005b8c                HAL_TIM_PWM_ConfigChannel
 .text.HAL_TIM_ConfigClockSource
                0x08005d10      0x18e ./Drivers/STM32F4xx_HAL_Driver/Src/stm32f4xx_hal_tim.o
                0x08005d10                HAL_TIM_ConfigClockSource
 .text.HAL_TIM_OC_DelayElapsedCallback
                0x08005e9e       0x14 ./Drivers/STM32F4xx_HAL_Driver/Src/stm32f4xx_hal_tim.o
                0x08005e9e                HAL_TIM_OC_DelayElapsedCallback
 .text.HAL_TIM_IC_CaptureCallback
                0x08005eb2       0x14 ./Drivers/STM32F4xx_HAL_Driver/Src/stm32f4xx_hal_tim.o
                0x08005eb2                HAL_TIM_IC_CaptureCallback
 .text.HAL_TIM_PWM_PulseFinishedCallback
                0x08005ec6       0x14 ./Drivers/STM32F4xx_HAL_Driver/Src/stm32f4xx_hal_tim.o
                0x08005ec6                HAL_TIM_PWM_PulseFinishedCallback
 .text.HAL_TIM_TriggerCallback
                0x08005eda       0x14 ./Drivers/STM32F4xx_HAL_Driver/Src/stm32f4xx_hal_tim.o
                0x08005eda                HAL_TIM_TriggerCallback
 *fill*         0x08005eee        0x2 
 .text.TIM_Base_SetConfig
                0x08005ef0      0x158 ./Drivers/STM32F4xx_HAL_Driver/Src/stm32f4xx_hal_tim.o
                0x08005ef0                TIM_Base_SetConfig
 .text.TIM_OC1_SetConfig
                0x08006048       0xe0 ./Drivers/STM32F4xx_HAL_Driver/Src/stm32f4xx_hal_tim.o
 .text.TIM_OC2_SetConfig
                0x08006128       0xec ./Drivers/STM32F4xx_HAL_Driver/Src/stm32f4xx_hal_tim.o
                0x08006128                TIM_OC2_SetConfig
 .text.TIM_OC3_SetConfig
                0x08006214       0xe8 ./Drivers/STM32F4xx_HAL_Driver/Src/stm32f4xx_hal_tim.o
 .text.TIM_OC4_SetConfig
                0x080062fc       0xac ./Drivers/STM32F4xx_HAL_Driver/Src/stm32f4xx_hal_tim.o
 .text.TIM_TI1_ConfigInputStage
                0x080063a8       0x5e ./Drivers/STM32F4xx_HAL_Driver/Src/stm32f4xx_hal_tim.o
 .text.TIM_TI2_ConfigInputStage
                0x08006406       0x60 ./Drivers/STM32F4xx_HAL_Driver/Src/stm32f4xx_hal_tim.o
 .text.TIM_ITRx_SetConfig
                0x08006466       0x36 ./Drivers/STM32F4xx_HAL_Driver/Src/stm32f4xx_hal_tim.o
 .text.TIM_ETR_SetConfig
                0x0800649c       0x40 ./Drivers/STM32F4xx_HAL_Driver/Src/stm32f4xx_hal_tim.o
                0x0800649c                TIM_ETR_SetConfig
 .text.TIM_CCxChannelCmd
                0x080064dc       0x4a ./Drivers/STM32F4xx_HAL_Driver/Src/stm32f4xx_hal_tim.o
                0x080064dc                TIM_CCxChannelCmd
 *fill*         0x08006526        0x2 
 .text.HAL_TIMEx_MasterConfigSynchronization
                0x08006528       0xf8 ./Drivers/STM32F4xx_HAL_Driver/Src/stm32f4xx_hal_tim_ex.o
                0x08006528                HAL_TIMEx_MasterConfigSynchronization
 .text.HAL_TIMEx_CommutCallback
                0x08006620       0x14 ./Drivers/STM32F4xx_HAL_Driver/Src/stm32f4xx_hal_tim_ex.o
                0x08006620                HAL_TIMEx_CommutCallback
 .text.HAL_TIMEx_BreakCallback
                0x08006634       0x14 ./Drivers/STM32F4xx_HAL_Driver/Src/stm32f4xx_hal_tim_ex.o
                0x08006634                HAL_TIMEx_BreakCallback
 .text.HAL_UART_Init
                0x08006648       0xa0 ./Drivers/STM32F4xx_HAL_Driver/Src/stm32f4xx_hal_uart.o
                0x08006648                HAL_UART_Init
 .text.HAL_UART_Transmit
                0x080066e8      0x116 ./Drivers/STM32F4xx_HAL_Driver/Src/stm32f4xx_hal_uart.o
                0x080066e8                HAL_UART_Transmit
 .text.HAL_UARTEx_ReceiveToIdle_IT
                0x080067fe       0xba ./Drivers/STM32F4xx_HAL_Driver/Src/stm32f4xx_hal_uart.o
                0x080067fe                HAL_UARTEx_ReceiveToIdle_IT
 .text.HAL_UART_IRQHandler
                0x080068b8      0x524 ./Drivers/STM32F4xx_HAL_Driver/Src/stm32f4xx_hal_uart.o
                0x080068b8                HAL_UART_IRQHandler
 .text.HAL_UART_TxCpltCallback
                0x08006ddc       0x14 ./Drivers/STM32F4xx_HAL_Driver/Src/stm32f4xx_hal_uart.o
                0x08006ddc                HAL_UART_TxCpltCallback
 .text.HAL_UART_RxCpltCallback
                0x08006df0       0x14 ./Drivers/STM32F4xx_HAL_Driver/Src/stm32f4xx_hal_uart.o
                0x08006df0                HAL_UART_RxCpltCallback
 .text.HAL_UART_ErrorCallback
                0x08006e04       0x14 ./Drivers/STM32F4xx_HAL_Driver/Src/stm32f4xx_hal_uart.o
                0x08006e04                HAL_UART_ErrorCallback
 .text.UART_WaitOnFlagUntilTimeout
                0x08006e18       0xb2 ./Drivers/STM32F4xx_HAL_Driver/Src/stm32f4xx_hal_uart.o
 .text.UART_Start_Receive_IT
                0x08006eca       0x74 ./Drivers/STM32F4xx_HAL_Driver/Src/stm32f4xx_hal_uart.o
                0x08006eca                UART_Start_Receive_IT
 .text.UART_EndRxTransfer
                0x08006f3e       0xc6 ./Drivers/STM32F4xx_HAL_Driver/Src/stm32f4xx_hal_uart.o
 .text.UART_DMAAbortOnError
                0x08007004       0x28 ./Drivers/STM32F4xx_HAL_Driver/Src/stm32f4xx_hal_uart.o
 .text.UART_Transmit_IT
                0x0800702c       0xa0 ./Drivers/STM32F4xx_HAL_Driver/Src/stm32f4xx_hal_uart.o
 .text.UART_EndTransmit_IT
                0x080070cc       0x30 ./Drivers/STM32F4xx_HAL_Driver/Src/stm32f4xx_hal_uart.o
 .text.UART_Receive_IT
                0x080070fc      0x17c ./Drivers/STM32F4xx_HAL_Driver/Src/stm32f4xx_hal_uart.o
 .text.UART_SetConfig
                0x08007278      0x4e8 ./Drivers/STM32F4xx_HAL_Driver/Src/stm32f4xx_hal_uart.o
 .text.FSMC_NORSRAM_Init
                0x08007760       0xd4 ./Drivers/STM32F4xx_HAL_Driver/Src/stm32f4xx_ll_fsmc.o
                0x08007760                FSMC_NORSRAM_Init
 .text.FSMC_NORSRAM_Timing_Init
                0x08007834       0x6a ./Drivers/STM32F4xx_HAL_Driver/Src/stm32f4xx_ll_fsmc.o
                0x08007834                FSMC_NORSRAM_Timing_Init
 *fill*         0x0800789e        0x2 
 .text.FSMC_NORSRAM_Extended_Timing_Init
                0x080078a0       0x70 ./Drivers/STM32F4xx_HAL_Driver/Src/stm32f4xx_ll_fsmc.o
                0x080078a0                FSMC_NORSRAM_Extended_Timing_Init
 .text.memset   0x08007910       0x10 C:/ST/STM32CubeIDE_1.17.0/STM32CubeIDE/plugins/com.st.stm32cube.ide.mcu.externaltools.gnu-tools-for-stm32.12.3.rel1.win32_1.1.0.202410251130/tools/bin/../lib/gcc/arm-none-eabi/12.3.1/../../../../arm-none-eabi/lib/thumb/v7e-m+fp/hard\libc_nano.a(libc_a-memset.o)
                0x08007910                memset
 .text.__libc_init_array
                0x08007920       0x48 C:/ST/STM32CubeIDE_1.17.0/STM32CubeIDE/plugins/com.st.stm32cube.ide.mcu.externaltools.gnu-tools-for-stm32.12.3.rel1.win32_1.1.0.202410251130/tools/bin/../lib/gcc/arm-none-eabi/12.3.1/../../../../arm-none-eabi/lib/thumb/v7e-m+fp/hard\libc_nano.a(libc_a-init.o)
                0x08007920                __libc_init_array
 *(.glue_7)
 .glue_7        0x08007968        0x0 linker stubs
 *(.glue_7t)
 .glue_7t       0x08007968        0x0 linker stubs
 *(.eh_frame)
 .eh_frame      0x08007968        0x0 C:/ST/STM32CubeIDE_1.17.0/STM32CubeIDE/plugins/com.st.stm32cube.ide.mcu.externaltools.gnu-tools-for-stm32.12.3.rel1.win32_1.1.0.202410251130/tools/bin/../lib/gcc/arm-none-eabi/12.3.1/thumb/v7e-m+fp/hard/crtbegin.o
 *(.init)
 .init          0x08007968        0x4 C:/ST/STM32CubeIDE_1.17.0/STM32CubeIDE/plugins/com.st.stm32cube.ide.mcu.externaltools.gnu-tools-for-stm32.12.3.rel1.win32_1.1.0.202410251130/tools/bin/../lib/gcc/arm-none-eabi/12.3.1/thumb/v7e-m+fp/hard/crti.o
                0x08007968                _init
 .init          0x0800796c        0x8 C:/ST/STM32CubeIDE_1.17.0/STM32CubeIDE/plugins/com.st.stm32cube.ide.mcu.externaltools.gnu-tools-for-stm32.12.3.rel1.win32_1.1.0.202410251130/tools/bin/../lib/gcc/arm-none-eabi/12.3.1/thumb/v7e-m+fp/hard/crtn.o
 *(.fini)
 .fini          0x08007974        0x4 C:/ST/STM32CubeIDE_1.17.0/STM32CubeIDE/plugins/com.st.stm32cube.ide.mcu.externaltools.gnu-tools-for-stm32.12.3.rel1.win32_1.1.0.202410251130/tools/bin/../lib/gcc/arm-none-eabi/12.3.1/thumb/v7e-m+fp/hard/crti.o
                0x08007974                _fini
 .fini          0x08007978        0x8 C:/ST/STM32CubeIDE_1.17.0/STM32CubeIDE/plugins/com.st.stm32cube.ide.mcu.externaltools.gnu-tools-for-stm32.12.3.rel1.win32_1.1.0.202410251130/tools/bin/../lib/gcc/arm-none-eabi/12.3.1/thumb/v7e-m+fp/hard/crtn.o
                0x08007980                        . = ALIGN (0x4)
                0x08007980                        _etext = .

.vfp11_veneer   0x08007980        0x0
 .vfp11_veneer  0x08007980        0x0 linker stubs

.v4_bx          0x08007980        0x0
 .v4_bx         0x08007980        0x0 linker stubs

.iplt           0x08007980        0x0
 .iplt          0x08007980        0x0 C:/ST/STM32CubeIDE_1.17.0/STM32CubeIDE/plugins/com.st.stm32cube.ide.mcu.externaltools.gnu-tools-for-stm32.12.3.rel1.win32_1.1.0.202410251130/tools/bin/../lib/gcc/arm-none-eabi/12.3.1/thumb/v7e-m+fp/hard/crtbegin.o

.rodata         0x08007980     0x2fe0
                0x08007980                        . = ALIGN (0x4)
 *(.rodata)
 .rodata        0x08007980       0x3d ./Core/Src/main.o
 *(.rodata*)
 *fill*         0x080079bd        0x3 
 .rodata.ascii_1608
                0x080079c0      0x5f0 ./Core/Src/lcd.o
                0x080079c0                ascii_1608
 .rodata.ascii_2412
                0x08007fb0     0x11d0 ./Core/Src/lcd.o
                0x08007fb0                ascii_2412
 .rodata.ascii_3216
                0x08009180     0x17c0 ./Core/Src/lcd.o
                0x08009180                ascii_3216
 .rodata.AHBPrescTable
                0x0800a940       0x10 ./Core/Src/system_stm32f4xx.o
                0x0800a940                AHBPrescTable
 .rodata.APBPrescTable
                0x0800a950        0x8 ./Core/Src/system_stm32f4xx.o
                0x0800a950                APBPrescTable
 .rodata.flagBitshiftOffset.0
                0x0800a958        0x8 ./Drivers/STM32F4xx_HAL_Driver/Src/stm32f4xx_hal_dma.o
                0x0800a960                        . = ALIGN (0x4)

.ARM.extab      0x0800a960        0x0
                0x0800a960                        . = ALIGN (0x4)
 *(.ARM.extab* .gnu.linkonce.armextab.*)
                0x0800a960                        . = ALIGN (0x4)

.ARM            0x0800a960        0x8
                0x0800a960                        . = ALIGN (0x4)
                0x0800a960                        __exidx_start = .
 *(.ARM.exidx*)
 .ARM.exidx     0x0800a960        0x8 C:/ST/STM32CubeIDE_1.17.0/STM32CubeIDE/plugins/com.st.stm32cube.ide.mcu.externaltools.gnu-tools-for-stm32.12.3.rel1.win32_1.1.0.202410251130/tools/bin/../lib/gcc/arm-none-eabi/12.3.1/thumb/v7e-m+fp/hard\libgcc.a(_udivmoddi4.o)
                0x0800a968                        __exidx_end = .
                0x0800a968                        . = ALIGN (0x4)

.rel.dyn        0x0800a968        0x0
 .rel.iplt      0x0800a968        0x0 C:/ST/STM32CubeIDE_1.17.0/STM32CubeIDE/plugins/com.st.stm32cube.ide.mcu.externaltools.gnu-tools-for-stm32.12.3.rel1.win32_1.1.0.202410251130/tools/bin/../lib/gcc/arm-none-eabi/12.3.1/thumb/v7e-m+fp/hard/crtbegin.o

.preinit_array  0x0800a968        0x0
                0x0800a968                        . = ALIGN (0x4)
                0x0800a968                        PROVIDE (__preinit_array_start = .)
 *(.preinit_array*)
                0x0800a968                        PROVIDE (__preinit_array_end = .)
                0x0800a968                        . = ALIGN (0x4)

.init_array     0x0800a968        0x4
                0x0800a968                        . = ALIGN (0x4)
                0x0800a968                        PROVIDE (__init_array_start = .)
 *(SORT_BY_NAME(.init_array.*))
 *(.init_array*)
 .init_array    0x0800a968        0x4 C:/ST/STM32CubeIDE_1.17.0/STM32CubeIDE/plugins/com.st.stm32cube.ide.mcu.externaltools.gnu-tools-for-stm32.12.3.rel1.win32_1.1.0.202410251130/tools/bin/../lib/gcc/arm-none-eabi/12.3.1/thumb/v7e-m+fp/hard/crtbegin.o
                0x0800a96c                        PROVIDE (__init_array_end = .)
                0x0800a96c                        . = ALIGN (0x4)

.fini_array     0x0800a96c        0x4
                0x0800a96c                        . = ALIGN (0x4)
                [!provide]                        PROVIDE (__fini_array_start = .)
 *(SORT_BY_NAME(.fini_array.*))
 *(.fini_array*)
 .fini_array    0x0800a96c        0x4 C:/ST/STM32CubeIDE_1.17.0/STM32CubeIDE/plugins/com.st.stm32cube.ide.mcu.externaltools.gnu-tools-for-stm32.12.3.rel1.win32_1.1.0.202410251130/tools/bin/../lib/gcc/arm-none-eabi/12.3.1/thumb/v7e-m+fp/hard/crtbegin.o
                [!provide]                        PROVIDE (__fini_array_end = .)
                0x0800a970                        . = ALIGN (0x4)
                0x0800a970                        _sidata = LOADADDR (.data)

.data           0x20000000      0x20c load address 0x0800a970
                0x20000000                        . = ALIGN (0x4)
                0x20000000                        _sdata = .
 *(.data)
 *(.data*)
 .data.crc16_lookup_table
                0x20000000      0x200 ./Core/Src/crc16.o
                0x20000000                crc16_lookup_table
 .data.SystemCoreClock
                0x20000200        0x4 ./Core/Src/system_stm32f4xx.o
                0x20000200                SystemCoreClock
 .data.uwTickPrio
                0x20000204        0x4 ./Drivers/STM32F4xx_HAL_Driver/Src/stm32f4xx_hal.o
                0x20000204                uwTickPrio
 .data.uwTickFreq
                0x20000208        0x1 ./Drivers/STM32F4xx_HAL_Driver/Src/stm32f4xx_hal.o
                0x20000208                uwTickFreq
 *(.RamFunc)
 *(.RamFunc*)
                0x2000020c                        . = ALIGN (0x4)
 *fill*         0x20000209        0x3 
                0x2000020c                        _edata = .
                0x0800ab7c                        _siccmram = LOADADDR (.ccmram)

.igot.plt       0x2000020c        0x0 load address 0x0800ab7c
 .igot.plt      0x2000020c        0x0 C:/ST/STM32CubeIDE_1.17.0/STM32CubeIDE/plugins/com.st.stm32cube.ide.mcu.externaltools.gnu-tools-for-stm32.12.3.rel1.win32_1.1.0.202410251130/tools/bin/../lib/gcc/arm-none-eabi/12.3.1/thumb/v7e-m+fp/hard/crtbegin.o

.ccmram         0x10000000        0x0 load address 0x0800ab7c
                0x10000000                        . = ALIGN (0x4)
                0x10000000                        _sccmram = .
 *(.ccmram)
 *(.ccmram*)
                0x10000000                        . = ALIGN (0x4)
                0x10000000                        _eccmram = .
                0x10000000                        . = ALIGN (0x4)

.bss            0x2000020c      0x584
                0x2000020c                        _sbss = .
                0x2000020c                        __bss_start__ = _sbss
 *(.bss)
 .bss           0x2000020c       0x1c C:/ST/STM32CubeIDE_1.17.0/STM32CubeIDE/plugins/com.st.stm32cube.ide.mcu.externaltools.gnu-tools-for-stm32.12.3.rel1.win32_1.1.0.202410251130/tools/bin/../lib/gcc/arm-none-eabi/12.3.1/thumb/v7e-m+fp/hard/crtbegin.o
 *(.bss*)
 .bss.BKIT01    0x20000228       0x17 ./Core/Src/Modbus_Slave.o
                0x20000228                BKIT01
 *fill*         0x2000023f        0x1 
 .bss.hadc1     0x20000240       0x48 ./Core/Src/adc.o
                0x20000240                hadc1
 .bss.hdma_adc1
                0x20000288       0x60 ./Core/Src/adc.o
                0x20000288                hdma_adc1
 .bss.hsram1    0x200002e8       0x50 ./Core/Src/fsmc.o
                0x200002e8                hsram1
 .bss.FSMC_Initialized
                0x20000338        0x4 ./Core/Src/fsmc.o
 .bss.hi2c1     0x2000033c       0x54 ./Core/Src/i2c.o
                0x2000033c                hi2c1
 .bss.lcddev    0x20000390        0x6 ./Core/Src/lcd.o
                0x20000390                lcddev
 .bss.count_adc
                0x20000396        0x1 ./Core/Src/main.o
                0x20000396                count_adc
 .bss.Receive_Flag
                0x20000397        0x1 ./Core/Src/rs485.o
                0x20000397                Receive_Flag
 .bss.slave     0x20000398      0x20c ./Core/Src/rs485.o
                0x20000398                slave
 .bss.adc_receive
                0x200005a4        0xa ./Core/Src/sensor.o
                0x200005a4                adc_receive
 *fill*         0x200005ae        0x2 
 .bss.timer_flag
                0x200005b0        0x5 ./Core/Src/software_timer.o
                0x200005b0                timer_flag
 *fill*         0x200005b5        0x3 
 .bss.timer_counter
                0x200005b8       0x14 ./Core/Src/software_timer.o
                0x200005b8                timer_counter
 .bss.hspi1     0x200005cc       0x58 ./Core/Src/spi.o
                0x200005cc                hspi1
 .bss.htim2     0x20000624       0x48 ./Core/Src/tim.o
                0x20000624                htim2
 .bss.htim4     0x2000066c       0x48 ./Core/Src/tim.o
                0x2000066c                htim4
 .bss.htim13    0x200006b4       0x48 ./Core/Src/tim.o
                0x200006b4                htim13
 .bss.huart1    0x200006fc       0x48 ./Core/Src/usart.o
                0x200006fc                huart1
 .bss.huart3    0x20000744       0x48 ./Core/Src/usart.o
                0x20000744                huart3
 .bss.uwTick    0x2000078c        0x4 ./Drivers/STM32F4xx_HAL_Driver/Src/stm32f4xx_hal.o
                0x2000078c                uwTick
 *(COMMON)
                0x20000790                        . = ALIGN (0x4)
                0x20000790                        _ebss = .
                0x20000790                        __bss_end__ = _ebss

._user_heap_stack
                0x20000790      0x600
                0x20000790                        . = ALIGN (0x8)
                [!provide]                        PROVIDE (end = .)
                0x20000790                        PROVIDE (_end = .)
                0x20000990                        . = (. + _Min_Heap_Size)
 *fill*         0x20000790      0x200 
                0x20000d90                        . = (. + _Min_Stack_Size)
 *fill*         0x20000990      0x400 
                0x20000d90                        . = ALIGN (0x8)

/DISCARD/
 libc.a(*)
 libm.a(*)
 libgcc.a(*)

.ARM.attributes
                0x00000000       0x30
 *(.ARM.attributes)
 .ARM.attributes
                0x00000000       0x22 C:/ST/STM32CubeIDE_1.17.0/STM32CubeIDE/plugins/com.st.stm32cube.ide.mcu.externaltools.gnu-tools-for-stm32.12.3.rel1.win32_1.1.0.202410251130/tools/bin/../lib/gcc/arm-none-eabi/12.3.1/thumb/v7e-m+fp/hard/crti.o
 .ARM.attributes
                0x00000022       0x34 C:/ST/STM32CubeIDE_1.17.0/STM32CubeIDE/plugins/com.st.stm32cube.ide.mcu.externaltools.gnu-tools-for-stm32.12.3.rel1.win32_1.1.0.202410251130/tools/bin/../lib/gcc/arm-none-eabi/12.3.1/thumb/v7e-m+fp/hard/crtbegin.o
 .ARM.attributes
                0x00000056       0x34 ./Core/Src/Modbus_Slave.o
 .ARM.attributes
                0x0000008a       0x34 ./Core/Src/adc.o
 .ARM.attributes
                0x000000be       0x34 ./Core/Src/button.o
 .ARM.attributes
                0x000000f2       0x34 ./Core/Src/buzzer.o
 .ARM.attributes
                0x00000126       0x34 ./Core/Src/crc16.o
 .ARM.attributes
                0x0000015a       0x34 ./Core/Src/dma.o
 .ARM.attributes
                0x0000018e       0x34 ./Core/Src/fsmc.o
 .ARM.attributes
                0x000001c2       0x34 ./Core/Src/gpio.o
 .ARM.attributes
                0x000001f6       0x34 ./Core/Src/i2c.o
 .ARM.attributes
                0x0000022a       0x34 ./Core/Src/lcd.o
 .ARM.attributes
                0x0000025e       0x34 ./Core/Src/main.o
 .ARM.attributes
                0x00000292       0x34 ./Core/Src/rs485.o
 .ARM.attributes
                0x000002c6       0x34 ./Core/Src/sensor.o
 .ARM.attributes
                0x000002fa       0x34 ./Core/Src/software_timer.o
 .ARM.attributes
                0x0000032e       0x34 ./Core/Src/spi.o
 .ARM.attributes
                0x00000362       0x34 ./Core/Src/stm32f4xx_hal_msp.o
 .ARM.attributes
                0x00000396       0x34 ./Core/Src/stm32f4xx_it.o
 .ARM.attributes
                0x000003ca       0x34 ./Core/Src/system_stm32f4xx.o
 .ARM.attributes
                0x000003fe       0x34 ./Core/Src/tim.o
 .ARM.attributes
                0x00000432       0x34 ./Core/Src/usart.o
 .ARM.attributes
                0x00000466       0x21 ./Core/Startup/startup_stm32f407zetx.o
 .ARM.attributes
                0x00000487       0x34 ./Drivers/STM32F4xx_HAL_Driver/Src/stm32f4xx_hal.o
 .ARM.attributes
                0x000004bb       0x34 ./Drivers/STM32F4xx_HAL_Driver/Src/stm32f4xx_hal_adc.o
 .ARM.attributes
                0x000004ef       0x34 ./Drivers/STM32F4xx_HAL_Driver/Src/stm32f4xx_hal_cortex.o
 .ARM.attributes
                0x00000523       0x34 ./Drivers/STM32F4xx_HAL_Driver/Src/stm32f4xx_hal_dma.o
 .ARM.attributes
                0x00000557       0x34 ./Drivers/STM32F4xx_HAL_Driver/Src/stm32f4xx_hal_gpio.o
 .ARM.attributes
                0x0000058b       0x34 ./Drivers/STM32F4xx_HAL_Driver/Src/stm32f4xx_hal_i2c.o
 .ARM.attributes
                0x000005bf       0x34 ./Drivers/STM32F4xx_HAL_Driver/Src/stm32f4xx_hal_rcc.o
 .ARM.attributes
                0x000005f3       0x34 ./Drivers/STM32F4xx_HAL_Driver/Src/stm32f4xx_hal_spi.o
 .ARM.attributes
                0x00000627       0x34 ./Drivers/STM32F4xx_HAL_Driver/Src/stm32f4xx_hal_sram.o
 .ARM.attributes
                0x0000065b       0x34 ./Drivers/STM32F4xx_HAL_Driver/Src/stm32f4xx_hal_tim.o
 .ARM.attributes
                0x0000068f       0x34 ./Drivers/STM32F4xx_HAL_Driver/Src/stm32f4xx_hal_tim_ex.o
 .ARM.attributes
                0x000006c3       0x34 ./Drivers/STM32F4xx_HAL_Driver/Src/stm32f4xx_hal_uart.o
 .ARM.attributes
                0x000006f7       0x34 ./Drivers/STM32F4xx_HAL_Driver/Src/stm32f4xx_ll_fsmc.o
 .ARM.attributes
                0x0000072b       0x34 C:/ST/STM32CubeIDE_1.17.0/STM32CubeIDE/plugins/com.st.stm32cube.ide.mcu.externaltools.gnu-tools-for-stm32.12.3.rel1.win32_1.1.0.202410251130/tools/bin/../lib/gcc/arm-none-eabi/12.3.1/../../../../arm-none-eabi/lib/thumb/v7e-m+fp/hard\libc_nano.a(libc_a-memset.o)
 .ARM.attributes
                0x0000075f       0x34 C:/ST/STM32CubeIDE_1.17.0/STM32CubeIDE/plugins/com.st.stm32cube.ide.mcu.externaltools.gnu-tools-for-stm32.12.3.rel1.win32_1.1.0.202410251130/tools/bin/../lib/gcc/arm-none-eabi/12.3.1/../../../../arm-none-eabi/lib/thumb/v7e-m+fp/hard\libc_nano.a(libc_a-init.o)
 .ARM.attributes
                0x00000793       0x22 C:/ST/STM32CubeIDE_1.17.0/STM32CubeIDE/plugins/com.st.stm32cube.ide.mcu.externaltools.gnu-tools-for-stm32.12.3.rel1.win32_1.1.0.202410251130/tools/bin/../lib/gcc/arm-none-eabi/12.3.1/thumb/v7e-m+fp/hard\libgcc.a(_arm_addsubdf3.o)
 .ARM.attributes
                0x000007b5       0x22 C:/ST/STM32CubeIDE_1.17.0/STM32CubeIDE/plugins/com.st.stm32cube.ide.mcu.externaltools.gnu-tools-for-stm32.12.3.rel1.win32_1.1.0.202410251130/tools/bin/../lib/gcc/arm-none-eabi/12.3.1/thumb/v7e-m+fp/hard\libgcc.a(_arm_muldivdf3.o)
 .ARM.attributes
                0x000007d7       0x22 C:/ST/STM32CubeIDE_1.17.0/STM32CubeIDE/plugins/com.st.stm32cube.ide.mcu.externaltools.gnu-tools-for-stm32.12.3.rel1.win32_1.1.0.202410251130/tools/bin/../lib/gcc/arm-none-eabi/12.3.1/thumb/v7e-m+fp/hard\libgcc.a(_arm_truncdfsf2.o)
 .ARM.attributes
                0x000007f9       0x22 C:/ST/STM32CubeIDE_1.17.0/STM32CubeIDE/plugins/com.st.stm32cube.ide.mcu.externaltools.gnu-tools-for-stm32.12.3.rel1.win32_1.1.0.202410251130/tools/bin/../lib/gcc/arm-none-eabi/12.3.1/thumb/v7e-m+fp/hard\libgcc.a(_aeabi_uldivmod.o)
 .ARM.attributes
                0x0000081b       0x34 C:/ST/STM32CubeIDE_1.17.0/STM32CubeIDE/plugins/com.st.stm32cube.ide.mcu.externaltools.gnu-tools-for-stm32.12.3.rel1.win32_1.1.0.202410251130/tools/bin/../lib/gcc/arm-none-eabi/12.3.1/thumb/v7e-m+fp/hard\libgcc.a(_udivmoddi4.o)
 .ARM.attributes
                0x0000084f       0x22 C:/ST/STM32CubeIDE_1.17.0/STM32CubeIDE/plugins/com.st.stm32cube.ide.mcu.externaltools.gnu-tools-for-stm32.12.3.rel1.win32_1.1.0.202410251130/tools/bin/../lib/gcc/arm-none-eabi/12.3.1/thumb/v7e-m+fp/hard\libgcc.a(_dvmd_tls.o)
 .ARM.attributes
                0x00000871       0x22 C:/ST/STM32CubeIDE_1.17.0/STM32CubeIDE/plugins/com.st.stm32cube.ide.mcu.externaltools.gnu-tools-for-stm32.12.3.rel1.win32_1.1.0.202410251130/tools/bin/../lib/gcc/arm-none-eabi/12.3.1/thumb/v7e-m+fp/hard/crtn.o
OUTPUT(Modbus_Project_Slave.elf elf32-littlearm)
LOAD linker stubs
LOAD C:/ST/STM32CubeIDE_1.17.0/STM32CubeIDE/plugins/com.st.stm32cube.ide.mcu.externaltools.gnu-tools-for-stm32.12.3.rel1.win32_1.1.0.202410251130/tools/bin/../lib/gcc/arm-none-eabi/12.3.1/../../../../arm-none-eabi/lib/thumb/v7e-m+fp/hard\libc.a
LOAD C:/ST/STM32CubeIDE_1.17.0/STM32CubeIDE/plugins/com.st.stm32cube.ide.mcu.externaltools.gnu-tools-for-stm32.12.3.rel1.win32_1.1.0.202410251130/tools/bin/../lib/gcc/arm-none-eabi/12.3.1/../../../../arm-none-eabi/lib/thumb/v7e-m+fp/hard\libm.a
LOAD C:/ST/STM32CubeIDE_1.17.0/STM32CubeIDE/plugins/com.st.stm32cube.ide.mcu.externaltools.gnu-tools-for-stm32.12.3.rel1.win32_1.1.0.202410251130/tools/bin/../lib/gcc/arm-none-eabi/12.3.1/thumb/v7e-m+fp/hard\libgcc.a

.debug_info     0x00000000    0x1a8c4
 .debug_info    0x00000000      0xb43 ./Core/Src/Modbus_Slave.o
 .debug_info    0x00000b43      0x9f1 ./Core/Src/adc.o
 .debug_info    0x00001534      0x777 ./Core/Src/button.o
 .debug_info    0x00001cab      0x6d4 ./Core/Src/buzzer.o
 .debug_info    0x0000237f      0x14b ./Core/Src/crc16.o
 .debug_info    0x000024ca      0x4ad ./Core/Src/dma.o
 .debug_info    0x00002977      0x9ee ./Core/Src/fsmc.o
 .debug_info    0x00003365      0x479 ./Core/Src/gpio.o
 .debug_info    0x000037de      0x968 ./Core/Src/i2c.o
 .debug_info    0x00004146      0xc29 ./Core/Src/lcd.o
 .debug_info    0x00004d6f     0x1220 ./Core/Src/main.o
 .debug_info    0x00005f8f      0xa7e ./Core/Src/rs485.o
 .debug_info    0x00006a0d      0x67f ./Core/Src/sensor.o
 .debug_info    0x0000708c      0x8ca ./Core/Src/software_timer.o
 .debug_info    0x00007956      0x94d ./Core/Src/spi.o
 .debug_info    0x000082a3      0x269 ./Core/Src/stm32f4xx_hal_msp.o
 .debug_info    0x0000850c      0x9d6 ./Core/Src/stm32f4xx_it.o
 .debug_info    0x00008ee2      0x512 ./Core/Src/system_stm32f4xx.o
 .debug_info    0x000093f4      0xefa ./Core/Src/tim.o
 .debug_info    0x0000a2ee      0xbe5 ./Core/Src/usart.o
 .debug_info    0x0000aed3       0x30 ./Core/Startup/startup_stm32f407zetx.o
 .debug_info    0x0000af03      0x944 ./Drivers/STM32F4xx_HAL_Driver/Src/stm32f4xx_hal.o
 .debug_info    0x0000b847      0xcd4 ./Drivers/STM32F4xx_HAL_Driver/Src/stm32f4xx_hal_adc.o
 .debug_info    0x0000c51b      0xd8c ./Drivers/STM32F4xx_HAL_Driver/Src/stm32f4xx_hal_cortex.o
 .debug_info    0x0000d2a7      0x8e7 ./Drivers/STM32F4xx_HAL_Driver/Src/stm32f4xx_hal_dma.o
 .debug_info    0x0000db8e      0x6c3 ./Drivers/STM32F4xx_HAL_Driver/Src/stm32f4xx_hal_gpio.o
 .debug_info    0x0000e251     0x2415 ./Drivers/STM32F4xx_HAL_Driver/Src/stm32f4xx_hal_i2c.o
 .debug_info    0x00010666      0x8af ./Drivers/STM32F4xx_HAL_Driver/Src/stm32f4xx_hal_rcc.o
 .debug_info    0x00010f15     0x1525 ./Drivers/STM32F4xx_HAL_Driver/Src/stm32f4xx_hal_spi.o
 .debug_info    0x0001243a      0xd39 ./Drivers/STM32F4xx_HAL_Driver/Src/stm32f4xx_hal_sram.o
 .debug_info    0x00013173     0x299d ./Drivers/STM32F4xx_HAL_Driver/Src/stm32f4xx_hal_tim.o
 .debug_info    0x00015b10     0x14db ./Drivers/STM32F4xx_HAL_Driver/Src/stm32f4xx_hal_tim_ex.o
 .debug_info    0x00016feb     0x2f4f ./Drivers/STM32F4xx_HAL_Driver/Src/stm32f4xx_hal_uart.o
 .debug_info    0x00019f3a      0x98a ./Drivers/STM32F4xx_HAL_Driver/Src/stm32f4xx_ll_fsmc.o

.debug_abbrev   0x00000000     0x446e
 .debug_abbrev  0x00000000      0x27a ./Core/Src/Modbus_Slave.o
 .debug_abbrev  0x0000027a      0x205 ./Core/Src/adc.o
 .debug_abbrev  0x0000047f      0x1d1 ./Core/Src/button.o
 .debug_abbrev  0x00000650      0x1a1 ./Core/Src/buzzer.o
 .debug_abbrev  0x000007f1       0xca ./Core/Src/crc16.o
 .debug_abbrev  0x000008bb      0x10e ./Core/Src/dma.o
 .debug_abbrev  0x000009c9      0x212 ./Core/Src/fsmc.o
 .debug_abbrev  0x00000bdb      0x152 ./Core/Src/gpio.o
 .debug_abbrev  0x00000d2d      0x1f1 ./Core/Src/i2c.o
 .debug_abbrev  0x00000f1e      0x328 ./Core/Src/lcd.o
 .debug_abbrev  0x00001246      0x301 ./Core/Src/main.o
 .debug_abbrev  0x00001547      0x24c ./Core/Src/rs485.o
 .debug_abbrev  0x00001793      0x1a8 ./Core/Src/sensor.o
 .debug_abbrev  0x0000193b      0x1ed ./Core/Src/software_timer.o
 .debug_abbrev  0x00001b28      0x1fa ./Core/Src/spi.o
 .debug_abbrev  0x00001d22       0xd8 ./Core/Src/stm32f4xx_hal_msp.o
 .debug_abbrev  0x00001dfa      0x19b ./Core/Src/stm32f4xx_it.o
 .debug_abbrev  0x00001f95      0x11a ./Core/Src/system_stm32f4xx.o
 .debug_abbrev  0x000020af      0x22c ./Core/Src/tim.o
 .debug_abbrev  0x000022db      0x21e ./Core/Src/usart.o
 .debug_abbrev  0x000024f9       0x24 ./Core/Startup/startup_stm32f407zetx.o
 .debug_abbrev  0x0000251d      0x214 ./Drivers/STM32F4xx_HAL_Driver/Src/stm32f4xx_hal.o
 .debug_abbrev  0x00002731      0x252 ./Drivers/STM32F4xx_HAL_Driver/Src/stm32f4xx_hal_adc.o
 .debug_abbrev  0x00002983      0x31d ./Drivers/STM32F4xx_HAL_Driver/Src/stm32f4xx_hal_cortex.o
 .debug_abbrev  0x00002ca0      0x264 ./Drivers/STM32F4xx_HAL_Driver/Src/stm32f4xx_hal_dma.o
 .debug_abbrev  0x00002f04      0x1d4 ./Drivers/STM32F4xx_HAL_Driver/Src/stm32f4xx_hal_gpio.o
 .debug_abbrev  0x000030d8      0x2ad ./Drivers/STM32F4xx_HAL_Driver/Src/stm32f4xx_hal_i2c.o
 .debug_abbrev  0x00003385      0x2b7 ./Drivers/STM32F4xx_HAL_Driver/Src/stm32f4xx_hal_rcc.o
 .debug_abbrev  0x0000363c      0x27a ./Drivers/STM32F4xx_HAL_Driver/Src/stm32f4xx_hal_spi.o
 .debug_abbrev  0x000038b6      0x20c ./Drivers/STM32F4xx_HAL_Driver/Src/stm32f4xx_hal_sram.o
 .debug_abbrev  0x00003ac2      0x278 ./Drivers/STM32F4xx_HAL_Driver/Src/stm32f4xx_hal_tim.o
 .debug_abbrev  0x00003d3a      0x283 ./Drivers/STM32F4xx_HAL_Driver/Src/stm32f4xx_hal_tim_ex.o
 .debug_abbrev  0x00003fbd      0x30e ./Drivers/STM32F4xx_HAL_Driver/Src/stm32f4xx_hal_uart.o
 .debug_abbrev  0x000042cb      0x1a3 ./Drivers/STM32F4xx_HAL_Driver/Src/stm32f4xx_ll_fsmc.o

.debug_aranges  0x00000000     0x1728
 .debug_aranges
                0x00000000       0x68 ./Core/Src/Modbus_Slave.o
 .debug_aranges
                0x00000068       0x30 ./Core/Src/adc.o
 .debug_aranges
                0x00000098       0x28 ./Core/Src/button.o
 .debug_aranges
                0x000000c0       0x28 ./Core/Src/buzzer.o
 .debug_aranges
                0x000000e8       0x20 ./Core/Src/crc16.o
 .debug_aranges
                0x00000108       0x20 ./Core/Src/dma.o
 .debug_aranges
                0x00000128       0x40 ./Core/Src/fsmc.o
 .debug_aranges
                0x00000168       0x20 ./Core/Src/gpio.o
 .debug_aranges
                0x00000188       0x30 ./Core/Src/i2c.o
 .debug_aranges
                0x000001b8       0xd8 ./Core/Src/lcd.o
 .debug_aranges
                0x00000290       0x70 ./Core/Src/main.o
 .debug_aranges
                0x00000300       0x50 ./Core/Src/rs485.o
 .debug_aranges
                0x00000350       0x50 ./Core/Src/sensor.o
 .debug_aranges
                0x000003a0       0x58 ./Core/Src/software_timer.o
 .debug_aranges
                0x000003f8       0x30 ./Core/Src/spi.o
 .debug_aranges
                0x00000428       0x20 ./Core/Src/stm32f4xx_hal_msp.o
 .debug_aranges
                0x00000448       0x80 ./Core/Src/stm32f4xx_it.o
 .debug_aranges
                0x000004c8       0x28 ./Core/Src/system_stm32f4xx.o
 .debug_aranges
                0x000004f0       0x48 ./Core/Src/tim.o
 .debug_aranges
                0x00000538       0x38 ./Core/Src/usart.o
 .debug_aranges
                0x00000570       0x28 ./Core/Startup/startup_stm32f407zetx.o
 .debug_aranges
                0x00000598       0xf0 ./Drivers/STM32F4xx_HAL_Driver/Src/stm32f4xx_hal.o
 .debug_aranges
                0x00000688       0xe8 ./Drivers/STM32F4xx_HAL_Driver/Src/stm32f4xx_hal_adc.o
 .debug_aranges
                0x00000770      0x130 ./Drivers/STM32F4xx_HAL_Driver/Src/stm32f4xx_hal_cortex.o
 .debug_aranges
                0x000008a0       0x90 ./Drivers/STM32F4xx_HAL_Driver/Src/stm32f4xx_hal_dma.o
 .debug_aranges
                0x00000930       0x58 ./Drivers/STM32F4xx_HAL_Driver/Src/stm32f4xx_hal_gpio.o
 .debug_aranges
                0x00000988      0x2a8 ./Drivers/STM32F4xx_HAL_Driver/Src/stm32f4xx_hal_i2c.o
 .debug_aranges
                0x00000c30       0x88 ./Drivers/STM32F4xx_HAL_Driver/Src/stm32f4xx_hal_rcc.o
 .debug_aranges
                0x00000cb8      0x1d0 ./Drivers/STM32F4xx_HAL_Driver/Src/stm32f4xx_hal_spi.o
 .debug_aranges
                0x00000e88       0xb8 ./Drivers/STM32F4xx_HAL_Driver/Src/stm32f4xx_hal_sram.o
 .debug_aranges
                0x00000f40      0x3d0 ./Drivers/STM32F4xx_HAL_Driver/Src/stm32f4xx_hal_tim.o
 .debug_aranges
                0x00001310      0x168 ./Drivers/STM32F4xx_HAL_Driver/Src/stm32f4xx_hal_tim_ex.o
 .debug_aranges
                0x00001478      0x208 ./Drivers/STM32F4xx_HAL_Driver/Src/stm32f4xx_hal_uart.o
 .debug_aranges
                0x00001680       0xa8 ./Drivers/STM32F4xx_HAL_Driver/Src/stm32f4xx_ll_fsmc.o

.debug_rnglists
                0x00000000     0x11f4
 .debug_rnglists
                0x00000000       0x4d ./Core/Src/Modbus_Slave.o
 .debug_rnglists
                0x0000004d       0x21 ./Core/Src/adc.o
 .debug_rnglists
                0x0000006e       0x1a ./Core/Src/button.o
 .debug_rnglists
                0x00000088       0x19 ./Core/Src/buzzer.o
 .debug_rnglists
                0x000000a1       0x13 ./Core/Src/crc16.o
 .debug_rnglists
                0x000000b4       0x13 ./Core/Src/dma.o
 .debug_rnglists
                0x000000c7       0x2d ./Core/Src/fsmc.o
 .debug_rnglists
                0x000000f4       0x14 ./Core/Src/gpio.o
 .debug_rnglists
                0x00000108       0x20 ./Core/Src/i2c.o
 .debug_rnglists
                0x00000128       0xa8 ./Core/Src/lcd.o
 .debug_rnglists
                0x000001d0       0x52 ./Core/Src/main.o
 .debug_rnglists
                0x00000222       0x39 ./Core/Src/rs485.o
 .debug_rnglists
                0x0000025b       0x38 ./Core/Src/sensor.o
 .debug_rnglists
                0x00000293       0x3d ./Core/Src/software_timer.o
 .debug_rnglists
                0x000002d0       0x20 ./Core/Src/spi.o
 .debug_rnglists
                0x000002f0       0x13 ./Core/Src/stm32f4xx_hal_msp.o
 .debug_rnglists
                0x00000303       0x5b ./Core/Src/stm32f4xx_it.o
 .debug_rnglists
                0x0000035e       0x1a ./Core/Src/system_stm32f4xx.o
 .debug_rnglists
                0x00000378       0x35 ./Core/Src/tim.o
 .debug_rnglists
                0x000003ad       0x26 ./Core/Src/usart.o
 .debug_rnglists
                0x000003d3       0x19 ./Core/Startup/startup_stm32f407zetx.o
 .debug_rnglists
                0x000003ec       0xaf ./Drivers/STM32F4xx_HAL_Driver/Src/stm32f4xx_hal.o
 .debug_rnglists
                0x0000049b       0xb5 ./Drivers/STM32F4xx_HAL_Driver/Src/stm32f4xx_hal_adc.o
 .debug_rnglists
                0x00000550       0xe0 ./Drivers/STM32F4xx_HAL_Driver/Src/stm32f4xx_hal_cortex.o
 .debug_rnglists
                0x00000630       0x70 ./Drivers/STM32F4xx_HAL_Driver/Src/stm32f4xx_hal_dma.o
 .debug_rnglists
                0x000006a0       0x3f ./Drivers/STM32F4xx_HAL_Driver/Src/stm32f4xx_hal_gpio.o
 .debug_rnglists
                0x000006df      0x23c ./Drivers/STM32F4xx_HAL_Driver/Src/stm32f4xx_hal_i2c.o
 .debug_rnglists
                0x0000091b       0x66 ./Drivers/STM32F4xx_HAL_Driver/Src/stm32f4xx_hal_rcc.o
 .debug_rnglists
                0x00000981      0x16f ./Drivers/STM32F4xx_HAL_Driver/Src/stm32f4xx_hal_spi.o
 .debug_rnglists
                0x00000af0       0x8d ./Drivers/STM32F4xx_HAL_Driver/Src/stm32f4xx_hal_sram.o
 .debug_rnglists
                0x00000b7d      0x31a ./Drivers/STM32F4xx_HAL_Driver/Src/stm32f4xx_hal_tim.o
 .debug_rnglists
                0x00000e97      0x125 ./Drivers/STM32F4xx_HAL_Driver/Src/stm32f4xx_hal_tim_ex.o
 .debug_rnglists
                0x00000fbc      0x1bc ./Drivers/STM32F4xx_HAL_Driver/Src/stm32f4xx_hal_uart.o
 .debug_rnglists
                0x00001178       0x7c ./Drivers/STM32F4xx_HAL_Driver/Src/stm32f4xx_ll_fsmc.o

.debug_macro    0x00000000    0x26333
 .debug_macro   0x00000000      0x38b ./Core/Src/Modbus_Slave.o
 .debug_macro   0x0000038b      0xab4 ./Core/Src/Modbus_Slave.o
 .debug_macro   0x00000e3f      0x2b3 ./Core/Src/Modbus_Slave.o
 .debug_macro   0x000010f2       0x2e ./Core/Src/Modbus_Slave.o
 .debug_macro   0x00001120       0x2f ./Core/Src/Modbus_Slave.o
 .debug_macro   0x0000114f       0x22 ./Core/Src/Modbus_Slave.o
 .debug_macro   0x00001171       0x8e ./Core/Src/Modbus_Slave.o
 .debug_macro   0x000011ff       0x51 ./Core/Src/Modbus_Slave.o
 .debug_macro   0x00001250      0x103 ./Core/Src/Modbus_Slave.o
 .debug_macro   0x00001353       0x6a ./Core/Src/Modbus_Slave.o
 .debug_macro   0x000013bd      0x1df ./Core/Src/Modbus_Slave.o
 .debug_macro   0x0000159c       0x1c ./Core/Src/Modbus_Slave.o
 .debug_macro   0x000015b8       0x22 ./Core/Src/Modbus_Slave.o
 .debug_macro   0x000015da       0xfb ./Core/Src/Modbus_Slave.o
 .debug_macro   0x000016d5     0x1011 ./Core/Src/Modbus_Slave.o
 .debug_macro   0x000026e6      0x11f ./Core/Src/Modbus_Slave.o
 .debug_macro   0x00002805    0x15e97 ./Core/Src/Modbus_Slave.o
 .debug_macro   0x0001869c       0x6d ./Core/Src/Modbus_Slave.o
 .debug_macro   0x00018709     0x369a ./Core/Src/Modbus_Slave.o
 .debug_macro   0x0001bda3      0x189 ./Core/Src/Modbus_Slave.o
 .debug_macro   0x0001bf2c       0x5c ./Core/Src/Modbus_Slave.o
 .debug_macro   0x0001bf88      0x980 ./Core/Src/Modbus_Slave.o
 .debug_macro   0x0001c908      0x9e9 ./Core/Src/Modbus_Slave.o
 .debug_macro   0x0001d2f1      0x115 ./Core/Src/Modbus_Slave.o
 .debug_macro   0x0001d406      0x13e ./Core/Src/Modbus_Slave.o
 .debug_macro   0x0001d544       0xa5 ./Core/Src/Modbus_Slave.o
 .debug_macro   0x0001d5e9      0x174 ./Core/Src/Modbus_Slave.o
 .debug_macro   0x0001d75d      0x287 ./Core/Src/Modbus_Slave.o
 .debug_macro   0x0001d9e4       0x5f ./Core/Src/Modbus_Slave.o
 .debug_macro   0x0001da43      0x236 ./Core/Src/Modbus_Slave.o
 .debug_macro   0x0001dc79      0xb5b ./Core/Src/Modbus_Slave.o
 .debug_macro   0x0001e7d4      0x38b ./Core/Src/Modbus_Slave.o
 .debug_macro   0x0001eb5f      0x176 ./Core/Src/Modbus_Slave.o
 .debug_macro   0x0001ecd5       0xf9 ./Core/Src/Modbus_Slave.o
 .debug_macro   0x0001edce      0x12c ./Core/Src/Modbus_Slave.o
 .debug_macro   0x0001eefa      0x21e ./Core/Src/Modbus_Slave.o
 .debug_macro   0x0001f118       0x2e ./Core/Src/Modbus_Slave.o
 .debug_macro   0x0001f146      0x516 ./Core/Src/Modbus_Slave.o
 .debug_macro   0x0001f65c      0x1b5 ./Core/Src/Modbus_Slave.o
 .debug_macro   0x0001f811       0xd6 ./Core/Src/Modbus_Slave.o
 .debug_macro   0x0001f8e7      0x127 ./Core/Src/Modbus_Slave.o
 .debug_macro   0x0001fa0e       0x7e ./Core/Src/Modbus_Slave.o
 .debug_macro   0x0001fa8c       0x89 ./Core/Src/Modbus_Slave.o
 .debug_macro   0x0001fb15      0x225 ./Core/Src/Modbus_Slave.o
 .debug_macro   0x0001fd3a      0x8ed ./Core/Src/Modbus_Slave.o
 .debug_macro   0x00020627       0x4d ./Core/Src/Modbus_Slave.o
 .debug_macro   0x00020674      0x2aa ./Core/Src/Modbus_Slave.o
 .debug_macro   0x0002091e      0x12d ./Core/Src/Modbus_Slave.o
 .debug_macro   0x00020a4b       0x94 ./Core/Src/Modbus_Slave.o
 .debug_macro   0x00020adf       0x2a ./Core/Src/Modbus_Slave.o
 .debug_macro   0x00020b09       0x61 ./Core/Src/Modbus_Slave.o
 .debug_macro   0x00020b6a       0x43 ./Core/Src/Modbus_Slave.o
 .debug_macro   0x00020bad       0x34 ./Core/Src/Modbus_Slave.o
 .debug_macro   0x00020be1       0x16 ./Core/Src/Modbus_Slave.o
 .debug_macro   0x00020bf7       0x35 ./Core/Src/Modbus_Slave.o
 .debug_macro   0x00020c2c       0x16 ./Core/Src/Modbus_Slave.o
 .debug_macro   0x00020c42       0x43 ./Core/Src/Modbus_Slave.o
 .debug_macro   0x00020c85       0x34 ./Core/Src/Modbus_Slave.o
 .debug_macro   0x00020cb9       0x10 ./Core/Src/Modbus_Slave.o
 .debug_macro   0x00020cc9       0x58 ./Core/Src/Modbus_Slave.o
 .debug_macro   0x00020d21       0x8e ./Core/Src/Modbus_Slave.o
 .debug_macro   0x00020daf       0x1c ./Core/Src/Modbus_Slave.o
 .debug_macro   0x00020dcb      0x177 ./Core/Src/Modbus_Slave.o
 .debug_macro   0x00020f42      0x369 ./Core/Src/Modbus_Slave.o
 .debug_macro   0x000212ab       0x16 ./Core/Src/Modbus_Slave.o
 .debug_macro   0x000212c1       0x29 ./Core/Src/Modbus_Slave.o
 .debug_macro   0x000212ea       0x16 ./Core/Src/Modbus_Slave.o
 .debug_macro   0x00021300       0x20 ./Core/Src/Modbus_Slave.o
 .debug_macro   0x00021320       0x3a ./Core/Src/Modbus_Slave.o
 .debug_macro   0x0002135a       0x52 ./Core/Src/Modbus_Slave.o
 .debug_macro   0x000213ac       0xca ./Core/Src/Modbus_Slave.o
 .debug_macro   0x00021476      0x24e ./Core/Src/adc.o
 .debug_macro   0x000216c4      0x262 ./Core/Src/button.o
 .debug_macro   0x00021926      0x258 ./Core/Src/buzzer.o
 .debug_macro   0x00021b7e      0x13e ./Core/Src/crc16.o
 .debug_macro   0x00021cbc      0x11c ./Core/Src/crc16.o
 .debug_macro   0x00021dd8       0x94 ./Core/Src/crc16.o
 .debug_macro   0x00021e6c      0x24e ./Core/Src/dma.o
 .debug_macro   0x000220ba      0x24e ./Core/Src/fsmc.o
 .debug_macro   0x00022308      0x24e ./Core/Src/gpio.o
 .debug_macro   0x00022556      0x24e ./Core/Src/i2c.o
 .debug_macro   0x000227a4      0x36d ./Core/Src/lcd.o
 .debug_macro   0x00022b11      0x417 ./Core/Src/main.o
 .debug_macro   0x00022f28       0x1c ./Core/Src/main.o
 .debug_macro   0x00022f44       0x34 ./Core/Src/main.o
 .debug_macro   0x00022f78      0x359 ./Core/Src/rs485.o
 .debug_macro   0x000232d1      0x258 ./Core/Src/sensor.o
 .debug_macro   0x00023529      0x267 ./Core/Src/software_timer.o
 .debug_macro   0x00023790       0x16 ./Core/Src/software_timer.o
 .debug_macro   0x000237a6      0x24e ./Core/Src/spi.o
 .debug_macro   0x000239f4      0x244 ./Core/Src/stm32f4xx_hal_msp.o
 .debug_macro   0x00023c38      0x24e ./Core/Src/stm32f4xx_it.o
 .debug_macro   0x00023e86      0x235 ./Core/Src/system_stm32f4xx.o
 .debug_macro   0x000240bb      0x24e ./Core/Src/tim.o
 .debug_macro   0x00024309      0x24e ./Core/Src/usart.o
 .debug_macro   0x00024557      0x295 ./Drivers/STM32F4xx_HAL_Driver/Src/stm32f4xx_hal.o
 .debug_macro   0x000247ec      0x236 ./Drivers/STM32F4xx_HAL_Driver/Src/stm32f4xx_hal_adc.o
 .debug_macro   0x00024a22      0x235 ./Drivers/STM32F4xx_HAL_Driver/Src/stm32f4xx_hal_cortex.o
 .debug_macro   0x00024c57      0x23b ./Drivers/STM32F4xx_HAL_Driver/Src/stm32f4xx_hal_dma.o
 .debug_macro   0x00024e92      0x23b ./Drivers/STM32F4xx_HAL_Driver/Src/stm32f4xx_hal_gpio.o
 .debug_macro   0x000250cd      0x283 ./Drivers/STM32F4xx_HAL_Driver/Src/stm32f4xx_hal_i2c.o
 .debug_macro   0x00025350      0x259 ./Drivers/STM32F4xx_HAL_Driver/Src/stm32f4xx_hal_rcc.o
 .debug_macro   0x000255a9      0x244 ./Drivers/STM32F4xx_HAL_Driver/Src/stm32f4xx_hal_spi.o
 .debug_macro   0x000257ed      0x235 ./Drivers/STM32F4xx_HAL_Driver/Src/stm32f4xx_hal_sram.o
 .debug_macro   0x00025a22      0x236 ./Drivers/STM32F4xx_HAL_Driver/Src/stm32f4xx_hal_tim.o
 .debug_macro   0x00025c58      0x235 ./Drivers/STM32F4xx_HAL_Driver/Src/stm32f4xx_hal_tim_ex.o
 .debug_macro   0x00025e8d      0x236 ./Drivers/STM32F4xx_HAL_Driver/Src/stm32f4xx_hal_uart.o
 .debug_macro   0x000260c3      0x270 ./Drivers/STM32F4xx_HAL_Driver/Src/stm32f4xx_ll_fsmc.o

.debug_line     0x00000000    0x2041f
 .debug_line    0x00000000      0xbad ./Core/Src/Modbus_Slave.o
 .debug_line    0x00000bad      0x8f4 ./Core/Src/adc.o
 .debug_line    0x000014a1      0x88a ./Core/Src/button.o
 .debug_line    0x00001d2b      0x827 ./Core/Src/buzzer.o
 .debug_line    0x00002552      0x5d5 ./Core/Src/crc16.o
 .debug_line    0x00002b27      0x800 ./Core/Src/dma.o
 .debug_line    0x00003327      0x905 ./Core/Src/fsmc.o
 .debug_line    0x00003c2c      0x864 ./Core/Src/gpio.o
 .debug_line    0x00004490      0x86e ./Core/Src/i2c.o
 .debug_line    0x00004cfe     0x1056 ./Core/Src/lcd.o
 .debug_line    0x00005d54      0xc0f ./Core/Src/main.o
 .debug_line    0x00006963      0xb79 ./Core/Src/rs485.o
 .debug_line    0x000074dc      0x8c1 ./Core/Src/sensor.o
 .debug_line    0x00007d9d      0x92d ./Core/Src/software_timer.o
 .debug_line    0x000086ca      0x876 ./Core/Src/spi.o
 .debug_line    0x00008f40      0x805 ./Core/Src/stm32f4xx_hal_msp.o
 .debug_line    0x00009745      0x927 ./Core/Src/stm32f4xx_it.o
 .debug_line    0x0000a06c      0x889 ./Core/Src/system_stm32f4xx.o
 .debug_line    0x0000a8f5      0x984 ./Core/Src/tim.o
 .debug_line    0x0000b279      0x8de ./Core/Src/usart.o
 .debug_line    0x0000bb57       0x7a ./Core/Startup/startup_stm32f407zetx.o
 .debug_line    0x0000bbd1      0xaf2 ./Drivers/STM32F4xx_HAL_Driver/Src/stm32f4xx_hal.o
 .debug_line    0x0000c6c3     0x137a ./Drivers/STM32F4xx_HAL_Driver/Src/stm32f4xx_hal_adc.o
 .debug_line    0x0000da3d      0xde4 ./Drivers/STM32F4xx_HAL_Driver/Src/stm32f4xx_hal_cortex.o
 .debug_line    0x0000e821     0x1062 ./Drivers/STM32F4xx_HAL_Driver/Src/stm32f4xx_hal_dma.o
 .debug_line    0x0000f883      0xc7e ./Drivers/STM32F4xx_HAL_Driver/Src/stm32f4xx_hal_gpio.o
 .debug_line    0x00010501     0x3c38 ./Drivers/STM32F4xx_HAL_Driver/Src/stm32f4xx_hal_i2c.o
 .debug_line    0x00014139      0xe7d ./Drivers/STM32F4xx_HAL_Driver/Src/stm32f4xx_hal_rcc.o
 .debug_line    0x00014fb6     0x1e10 ./Drivers/STM32F4xx_HAL_Driver/Src/stm32f4xx_hal_spi.o
 .debug_line    0x00016dc6      0xe07 ./Drivers/STM32F4xx_HAL_Driver/Src/stm32f4xx_hal_sram.o
 .debug_line    0x00017bcd     0x3896 ./Drivers/STM32F4xx_HAL_Driver/Src/stm32f4xx_hal_tim.o
 .debug_line    0x0001b463     0x1ae8 ./Drivers/STM32F4xx_HAL_Driver/Src/stm32f4xx_hal_tim_ex.o
 .debug_line    0x0001cf4b     0x29c4 ./Drivers/STM32F4xx_HAL_Driver/Src/stm32f4xx_hal_uart.o
 .debug_line    0x0001f90f      0xb10 ./Drivers/STM32F4xx_HAL_Driver/Src/stm32f4xx_ll_fsmc.o

.debug_str      0x00000000    0xdfeca
 .debug_str     0x00000000    0xd9d11 ./Core/Src/Modbus_Slave.o
                              0xda062 (size before relaxing)
 .debug_str     0x000d9d11      0x37f ./Core/Src/adc.o
                              0xd6812 (size before relaxing)
 .debug_str     0x000da090      0x1fe ./Core/Src/button.o
                              0xd670e (size before relaxing)
 .debug_str     0x000da28e      0x2e0 ./Core/Src/buzzer.o
                              0xd676d (size before relaxing)
 .debug_str     0x000da56e       0x37 ./Core/Src/crc16.o
                               0x7294 (size before relaxing)
 .debug_str     0x000da5a5      0x52c ./Core/Src/dma.o
                              0xd67cc (size before relaxing)
 .debug_str     0x000daad1      0x290 ./Core/Src/fsmc.o
                              0xd68cc (size before relaxing)
 .debug_str     0x000dad61       0x20 ./Core/Src/gpio.o
                              0xd637a (size before relaxing)
 .debug_str     0x000dad81      0x2bb ./Core/Src/i2c.o
                              0xd68a9 (size before relaxing)
 .debug_str     0x000db03c      0x29a ./Core/Src/lcd.o
                              0xd9921 (size before relaxing)
 .debug_str     0x000db2d6      0x3d2 ./Core/Src/main.o
                              0xda742 (size before relaxing)
 .debug_str     0x000db6a8       0xc2 ./Core/Src/rs485.o
                              0xd9b9b (size before relaxing)
 .debug_str     0x000db76a       0x33 ./Core/Src/sensor.o
                              0xd6676 (size before relaxing)
 .debug_str     0x000db79d       0xec ./Core/Src/software_timer.o
                              0xd687e (size before relaxing)
 .debug_str     0x000db889       0x4b ./Core/Src/spi.o
                              0xd6806 (size before relaxing)
 .debug_str     0x000db8d4       0x2c ./Core/Src/stm32f4xx_hal_msp.o
                              0xd62af (size before relaxing)
 .debug_str     0x000db900      0x14f ./Core/Src/stm32f4xx_it.o
                              0xd6a31 (size before relaxing)
 .debug_str     0x000dba4f       0xdb ./Core/Src/system_stm32f4xx.o
                              0xd6101 (size before relaxing)
 .debug_str     0x000dbb2a      0x1ef ./Core/Src/tim.o
                              0xd6ff6 (size before relaxing)
 .debug_str     0x000dbd19       0x51 ./Core/Src/usart.o
                              0xd6d86 (size before relaxing)
 .debug_str     0x000dbd6a       0x44 ./Core/Startup/startup_stm32f407zetx.o
                                 0x74 (size before relaxing)
 .debug_str     0x000dbdae      0x5f7 ./Drivers/STM32F4xx_HAL_Driver/Src/stm32f4xx_hal.o
                              0xd6c85 (size before relaxing)
 .debug_str     0x000dc3a5      0x2ac ./Drivers/STM32F4xx_HAL_Driver/Src/stm32f4xx_hal_adc.o
                              0xd66ee (size before relaxing)
 .debug_str     0x000dc651      0x36b ./Drivers/STM32F4xx_HAL_Driver/Src/stm32f4xx_hal_cortex.o
                              0xd6a01 (size before relaxing)
 .debug_str     0x000dc9bc      0x2c7 ./Drivers/STM32F4xx_HAL_Driver/Src/stm32f4xx_hal_dma.o
                              0xd651b (size before relaxing)
 .debug_str     0x000dcc83      0x109 ./Drivers/STM32F4xx_HAL_Driver/Src/stm32f4xx_hal_gpio.o
                              0xd627c (size before relaxing)
 .debug_str     0x000dcd8c      0xb09 ./Drivers/STM32F4xx_HAL_Driver/Src/stm32f4xx_hal_i2c.o
                              0xd711f (size before relaxing)
 .debug_str     0x000dd895      0x213 ./Drivers/STM32F4xx_HAL_Driver/Src/stm32f4xx_hal_rcc.o
                              0xd6535 (size before relaxing)
 .debug_str     0x000ddaa8      0x547 ./Drivers/STM32F4xx_HAL_Driver/Src/stm32f4xx_hal_spi.o
                              0xd69bf (size before relaxing)
 .debug_str     0x000ddfef      0x1eb ./Drivers/STM32F4xx_HAL_Driver/Src/stm32f4xx_hal_sram.o
                              0xd66ff (size before relaxing)
 .debug_str     0x000de1da      0xcfd ./Drivers/STM32F4xx_HAL_Driver/Src/stm32f4xx_hal_tim.o
                              0xd748b (size before relaxing)
 .debug_str     0x000deed7      0x493 ./Drivers/STM32F4xx_HAL_Driver/Src/stm32f4xx_hal_tim_ex.o
                              0xd6c97 (size before relaxing)
 .debug_str     0x000df36a      0x5a4 ./Drivers/STM32F4xx_HAL_Driver/Src/stm32f4xx_hal_uart.o
                              0xd6b16 (size before relaxing)
 .debug_str     0x000df90e      0x5bc ./Drivers/STM32F4xx_HAL_Driver/Src/stm32f4xx_ll_fsmc.o
                              0xd696c (size before relaxing)

.comment        0x00000000       0x43
 .comment       0x00000000       0x43 ./Core/Src/Modbus_Slave.o
                                 0x44 (size before relaxing)
 .comment       0x00000043       0x44 ./Core/Src/adc.o
 .comment       0x00000043       0x44 ./Core/Src/button.o
 .comment       0x00000043       0x44 ./Core/Src/buzzer.o
 .comment       0x00000043       0x44 ./Core/Src/crc16.o
 .comment       0x00000043       0x44 ./Core/Src/dma.o
 .comment       0x00000043       0x44 ./Core/Src/fsmc.o
 .comment       0x00000043       0x44 ./Core/Src/gpio.o
 .comment       0x00000043       0x44 ./Core/Src/i2c.o
 .comment       0x00000043       0x44 ./Core/Src/lcd.o
 .comment       0x00000043       0x44 ./Core/Src/main.o
 .comment       0x00000043       0x44 ./Core/Src/rs485.o
 .comment       0x00000043       0x44 ./Core/Src/sensor.o
 .comment       0x00000043       0x44 ./Core/Src/software_timer.o
 .comment       0x00000043       0x44 ./Core/Src/spi.o
 .comment       0x00000043       0x44 ./Core/Src/stm32f4xx_hal_msp.o
 .comment       0x00000043       0x44 ./Core/Src/stm32f4xx_it.o
 .comment       0x00000043       0x44 ./Core/Src/system_stm32f4xx.o
 .comment       0x00000043       0x44 ./Core/Src/tim.o
 .comment       0x00000043       0x44 ./Core/Src/usart.o
 .comment       0x00000043       0x44 ./Drivers/STM32F4xx_HAL_Driver/Src/stm32f4xx_hal.o
 .comment       0x00000043       0x44 ./Drivers/STM32F4xx_HAL_Driver/Src/stm32f4xx_hal_adc.o
 .comment       0x00000043       0x44 ./Drivers/STM32F4xx_HAL_Driver/Src/stm32f4xx_hal_cortex.o
 .comment       0x00000043       0x44 ./Drivers/STM32F4xx_HAL_Driver/Src/stm32f4xx_hal_dma.o
 .comment       0x00000043       0x44 ./Drivers/STM32F4xx_HAL_Driver/Src/stm32f4xx_hal_gpio.o
 .comment       0x00000043       0x44 ./Drivers/STM32F4xx_HAL_Driver/Src/stm32f4xx_hal_i2c.o
 .comment       0x00000043       0x44 ./Drivers/STM32F4xx_HAL_Driver/Src/stm32f4xx_hal_rcc.o
 .comment       0x00000043       0x44 ./Drivers/STM32F4xx_HAL_Driver/Src/stm32f4xx_hal_spi.o
 .comment       0x00000043       0x44 ./Drivers/STM32F4xx_HAL_Driver/Src/stm32f4xx_hal_sram.o
 .comment       0x00000043       0x44 ./Drivers/STM32F4xx_HAL_Driver/Src/stm32f4xx_hal_tim.o
 .comment       0x00000043       0x44 ./Drivers/STM32F4xx_HAL_Driver/Src/stm32f4xx_hal_tim_ex.o
 .comment       0x00000043       0x44 ./Drivers/STM32F4xx_HAL_Driver/Src/stm32f4xx_hal_uart.o
 .comment       0x00000043       0x44 ./Drivers/STM32F4xx_HAL_Driver/Src/stm32f4xx_ll_fsmc.o

.debug_frame    0x00000000     0x6038
 .debug_frame   0x00000000      0x180 ./Core/Src/Modbus_Slave.o
 .debug_frame   0x00000180       0x7c ./Core/Src/adc.o
 .debug_frame   0x000001fc       0x50 ./Core/Src/button.o
 .debug_frame   0x0000024c       0x54 ./Core/Src/buzzer.o
 .debug_frame   0x000002a0       0x38 ./Core/Src/crc16.o
 .debug_frame   0x000002d8       0x34 ./Core/Src/dma.o
 .debug_frame   0x0000030c       0xbc ./Core/Src/fsmc.o
 .debug_frame   0x000003c8       0x34 ./Core/Src/gpio.o
 .debug_frame   0x000003fc       0x74 ./Core/Src/i2c.o
 .debug_frame   0x00000470      0x394 ./Core/Src/lcd.o
 .debug_frame   0x00000804      0x16c ./Core/Src/main.o
 .debug_frame   0x00000970      0x10c ./Core/Src/rs485.o
 .debug_frame   0x00000a7c       0xe0 ./Core/Src/sensor.o
 .debug_frame   0x00000b5c      0x138 ./Core/Src/software_timer.o
 .debug_frame   0x00000c94       0x74 ./Core/Src/spi.o
 .debug_frame   0x00000d08       0x38 ./Core/Src/stm32f4xx_hal_msp.o
 .debug_frame   0x00000d40      0x174 ./Core/Src/stm32f4xx_it.o
 .debug_frame   0x00000eb4       0x58 ./Core/Src/system_stm32f4xx.o
 .debug_frame   0x00000f0c       0xe8 ./Core/Src/tim.o
 .debug_frame   0x00000ff4       0x90 ./Core/Src/usart.o
 .debug_frame   0x00001084      0x374 ./Drivers/STM32F4xx_HAL_Driver/Src/stm32f4xx_hal.o
 .debug_frame   0x000013f8      0x3fc ./Drivers/STM32F4xx_HAL_Driver/Src/stm32f4xx_hal_adc.o
 .debug_frame   0x000017f4      0x508 ./Drivers/STM32F4xx_HAL_Driver/Src/stm32f4xx_hal_cortex.o
 .debug_frame   0x00001cfc      0x250 ./Drivers/STM32F4xx_HAL_Driver/Src/stm32f4xx_hal_dma.o
 .debug_frame   0x00001f4c      0x14c ./Drivers/STM32F4xx_HAL_Driver/Src/stm32f4xx_hal_gpio.o
 .debug_frame   0x00002098      0xc84 ./Drivers/STM32F4xx_HAL_Driver/Src/stm32f4xx_hal_i2c.o
 .debug_frame   0x00002d1c      0x1f4 ./Drivers/STM32F4xx_HAL_Driver/Src/stm32f4xx_hal_rcc.o
 .debug_frame   0x00002f10      0x828 ./Drivers/STM32F4xx_HAL_Driver/Src/stm32f4xx_hal_spi.o
 .debug_frame   0x00003738      0x30c ./Drivers/STM32F4xx_HAL_Driver/Src/stm32f4xx_hal_sram.o
 .debug_frame   0x00003a44     0x11c0 ./Drivers/STM32F4xx_HAL_Driver/Src/stm32f4xx_hal_tim.o
 .debug_frame   0x00004c04      0x638 ./Drivers/STM32F4xx_HAL_Driver/Src/stm32f4xx_hal_tim_ex.o
 .debug_frame   0x0000523c      0x954 ./Drivers/STM32F4xx_HAL_Driver/Src/stm32f4xx_hal_uart.o
 .debug_frame   0x00005b90      0x2dc ./Drivers/STM32F4xx_HAL_Driver/Src/stm32f4xx_ll_fsmc.o
 .debug_frame   0x00005e6c       0x20 C:/ST/STM32CubeIDE_1.17.0/STM32CubeIDE/plugins/com.st.stm32cube.ide.mcu.externaltools.gnu-tools-for-stm32.12.3.rel1.win32_1.1.0.202410251130/tools/bin/../lib/gcc/arm-none-eabi/12.3.1/../../../../arm-none-eabi/lib/thumb/v7e-m+fp/hard\libc_nano.a(libc_a-memset.o)
 .debug_frame   0x00005e8c       0x2c C:/ST/STM32CubeIDE_1.17.0/STM32CubeIDE/plugins/com.st.stm32cube.ide.mcu.externaltools.gnu-tools-for-stm32.12.3.rel1.win32_1.1.0.202410251130/tools/bin/../lib/gcc/arm-none-eabi/12.3.1/../../../../arm-none-eabi/lib/thumb/v7e-m+fp/hard\libc_nano.a(libc_a-init.o)
 .debug_frame   0x00005eb8       0xac C:/ST/STM32CubeIDE_1.17.0/STM32CubeIDE/plugins/com.st.stm32cube.ide.mcu.externaltools.gnu-tools-for-stm32.12.3.rel1.win32_1.1.0.202410251130/tools/bin/../lib/gcc/arm-none-eabi/12.3.1/thumb/v7e-m+fp/hard\libgcc.a(_arm_addsubdf3.o)
 .debug_frame   0x00005f64       0x50 C:/ST/STM32CubeIDE_1.17.0/STM32CubeIDE/plugins/com.st.stm32cube.ide.mcu.externaltools.gnu-tools-for-stm32.12.3.rel1.win32_1.1.0.202410251130/tools/bin/../lib/gcc/arm-none-eabi/12.3.1/thumb/v7e-m+fp/hard\libgcc.a(_arm_muldivdf3.o)
 .debug_frame   0x00005fb4       0x24 C:/ST/STM32CubeIDE_1.17.0/STM32CubeIDE/plugins/com.st.stm32cube.ide.mcu.externaltools.gnu-tools-for-stm32.12.3.rel1.win32_1.1.0.202410251130/tools/bin/../lib/gcc/arm-none-eabi/12.3.1/thumb/v7e-m+fp/hard\libgcc.a(_arm_truncdfsf2.o)
 .debug_frame   0x00005fd8       0x2c C:/ST/STM32CubeIDE_1.17.0/STM32CubeIDE/plugins/com.st.stm32cube.ide.mcu.externaltools.gnu-tools-for-stm32.12.3.rel1.win32_1.1.0.202410251130/tools/bin/../lib/gcc/arm-none-eabi/12.3.1/thumb/v7e-m+fp/hard\libgcc.a(_aeabi_uldivmod.o)
 .debug_frame   0x00006004       0x34 C:/ST/STM32CubeIDE_1.17.0/STM32CubeIDE/plugins/com.st.stm32cube.ide.mcu.externaltools.gnu-tools-for-stm32.12.3.rel1.win32_1.1.0.202410251130/tools/bin/../lib/gcc/arm-none-eabi/12.3.1/thumb/v7e-m+fp/hard\libgcc.a(_udivmoddi4.o)

.debug_line_str
                0x00000000       0x58
 .debug_line_str
                0x00000000       0x58 ./Core/Startup/startup_stm32f407zetx.o