Archive member included to satisfy reference by file (symbol)

C:/ST/STM32CubeIDE_1.17.0/STM32CubeIDE/plugins/com.st.stm32cube.ide.mcu.externaltools.gnu-tools-for-stm32.12.3.rel1.win32_1.1.0.202410251130/tools/bin/../lib/gcc/arm-none-eabi/12.3.1/../../../../arm-none-eabi/lib/thumb/v7e-m+fp/hard\libc_nano.a(libc_a-exit.o)
                              C:/ST/STM32CubeIDE_1.17.0/STM32CubeIDE/plugins/com.st.stm32cube.ide.mcu.externaltools.gnu-tools-for-stm32.12.3.rel1.win32_1.1.0.202410251130/tools/bin/../lib/gcc/arm-none-eabi/12.3.1/../../../../arm-none-eabi/lib/thumb/v7e-m+fp/hard/crt0.o (exit)
C:/ST/STM32CubeIDE_1.17.0/STM32CubeIDE/plugins/com.st.stm32cube.ide.mcu.externaltools.gnu-tools-for-stm32.12.3.rel1.win32_1.1.0.202410251130/tools/bin/../lib/gcc/arm-none-eabi/12.3.1/../../../../arm-none-eabi/lib/thumb/v7e-m+fp/hard\libc_nano.a(libc_a-findfp.o)
                              C:/ST/STM32CubeIDE_1.17.0/STM32CubeIDE/plugins/com.st.stm32cube.ide.mcu.externaltools.gnu-tools-for-stm32.12.3.rel1.win32_1.1.0.202410251130/tools/bin/../lib/gcc/arm-none-eabi/12.3.1/../../../../arm-none-eabi/lib/thumb/v7e-m+fp/hard\libc_nano.a(libc_a-exit.o) (__stdio_exit_handler)
C:/ST/STM32CubeIDE_1.17.0/STM32CubeIDE/plugins/com.st.stm32cube.ide.mcu.externaltools.gnu-tools-for-stm32.12.3.rel1.win32_1.1.0.202410251130/tools/bin/../lib/gcc/arm-none-eabi/12.3.1/../../../../arm-none-eabi/lib/thumb/v7e-m+fp/hard\libc_nano.a(libc_a-fwalk.o)
                              C:/ST/STM32CubeIDE_1.17.0/STM32CubeIDE/plugins/com.st.stm32cube.ide.mcu.externaltools.gnu-tools-for-stm32.12.3.rel1.win32_1.1.0.202410251130/tools/bin/../lib/gcc/arm-none-eabi/12.3.1/../../../../arm-none-eabi/lib/thumb/v7e-m+fp/hard\libc_nano.a(libc_a-findfp.o) (_fwalk_sglue)
C:/ST/STM32CubeIDE_1.17.0/STM32CubeIDE/plugins/com.st.stm32cube.ide.mcu.externaltools.gnu-tools-for-stm32.12.3.rel1.win32_1.1.0.202410251130/tools/bin/../lib/gcc/arm-none-eabi/12.3.1/../../../../arm-none-eabi/lib/thumb/v7e-m+fp/hard\libc_nano.a(libc_a-stdio.o)
                              C:/ST/STM32CubeIDE_1.17.0/STM32CubeIDE/plugins/com.st.stm32cube.ide.mcu.externaltools.gnu-tools-for-stm32.12.3.rel1.win32_1.1.0.202410251130/tools/bin/../lib/gcc/arm-none-eabi/12.3.1/../../../../arm-none-eabi/lib/thumb/v7e-m+fp/hard\libc_nano.a(libc_a-findfp.o) (__sread)
C:/ST/STM32CubeIDE_1.17.0/STM32CubeIDE/plugins/com.st.stm32cube.ide.mcu.externaltools.gnu-tools-for-stm32.12.3.rel1.win32_1.1.0.202410251130/tools/bin/../lib/gcc/arm-none-eabi/12.3.1/../../../../arm-none-eabi/lib/thumb/v7e-m+fp/hard\libc_nano.a(libc_a-memset.o)
                              C:/ST/STM32CubeIDE_1.17.0/STM32CubeIDE/plugins/com.st.stm32cube.ide.mcu.externaltools.gnu-tools-for-stm32.12.3.rel1.win32_1.1.0.202410251130/tools/bin/../lib/gcc/arm-none-eabi/12.3.1/../../../../arm-none-eabi/lib/thumb/v7e-m+fp/hard/crt0.o (memset)
C:/ST/STM32CubeIDE_1.17.0/STM32CubeIDE/plugins/com.st.stm32cube.ide.mcu.externaltools.gnu-tools-for-stm32.12.3.rel1.win32_1.1.0.202410251130/tools/bin/../lib/gcc/arm-none-eabi/12.3.1/../../../../arm-none-eabi/lib/thumb/v7e-m+fp/hard\libc_nano.a(libc_a-closer.o)
                              C:/ST/STM32CubeIDE_1.17.0/STM32CubeIDE/plugins/com.st.stm32cube.ide.mcu.externaltools.gnu-tools-for-stm32.12.3.rel1.win32_1.1.0.202410251130/tools/bin/../lib/gcc/arm-none-eabi/12.3.1/../../../../arm-none-eabi/lib/thumb/v7e-m+fp/hard\libc_nano.a(libc_a-stdio.o) (_close_r)
C:/ST/STM32CubeIDE_1.17.0/STM32CubeIDE/plugins/com.st.stm32cube.ide.mcu.externaltools.gnu-tools-for-stm32.12.3.rel1.win32_1.1.0.202410251130/tools/bin/../lib/gcc/arm-none-eabi/12.3.1/../../../../arm-none-eabi/lib/thumb/v7e-m+fp/hard\libc_nano.a(libc_a-reent.o)
                              C:/ST/STM32CubeIDE_1.17.0/STM32CubeIDE/plugins/com.st.stm32cube.ide.mcu.externaltools.gnu-tools-for-stm32.12.3.rel1.win32_1.1.0.202410251130/tools/bin/../lib/gcc/arm-none-eabi/12.3.1/../../../../arm-none-eabi/lib/thumb/v7e-m+fp/hard\libc_nano.a(libc_a-closer.o) (errno)
C:/ST/STM32CubeIDE_1.17.0/STM32CubeIDE/plugins/com.st.stm32cube.ide.mcu.externaltools.gnu-tools-for-stm32.12.3.rel1.win32_1.1.0.202410251130/tools/bin/../lib/gcc/arm-none-eabi/12.3.1/../../../../arm-none-eabi/lib/thumb/v7e-m+fp/hard\libc_nano.a(libc_a-impure.o)
                              C:/ST/STM32CubeIDE_1.17.0/STM32CubeIDE/plugins/com.st.stm32cube.ide.mcu.externaltools.gnu-tools-for-stm32.12.3.rel1.win32_1.1.0.202410251130/tools/bin/../lib/gcc/arm-none-eabi/12.3.1/../../../../arm-none-eabi/lib/thumb/v7e-m+fp/hard\libc_nano.a(libc_a-reent.o) (_impure_ptr)
C:/ST/STM32CubeIDE_1.17.0/STM32CubeIDE/plugins/com.st.stm32cube.ide.mcu.externaltools.gnu-tools-for-stm32.12.3.rel1.win32_1.1.0.202410251130/tools/bin/../lib/gcc/arm-none-eabi/12.3.1/../../../../arm-none-eabi/lib/thumb/v7e-m+fp/hard\libc_nano.a(libc_a-lseekr.o)
[...]
Memory Configuration

Name             Origin             Length             Attributes
CCMRAM           0x10000000         0x00010000         xrw
RAM              0x20000000         0x00020000         xrw
FLASH            0x08000000         0x00100000         xr
*default*        0x00000000         0xffffffff

Linker script and memory map

LOAD C:/ST/STM32CubeIDE_1.17.0/STM32CubeIDE/plugins/com.st.stm32cube.ide.mcu.externaltools.gnu-tools-for-stm32.12.3.rel1.win32_1.1.0.202410251130/tools/bin/../lib/gcc/arm-none-eabi/12.3.1/thumb/v7e-m+fp/hard/crti.o
LOAD C:/ST/STM32CubeIDE_1.17.0/STM32CubeIDE/plugins/com.st.stm32cube.ide.mcu.externaltools.gnu-tools-for-stm32.12.3.rel1.win32_1.1.0.202410251130/tools/bin/../lib/gcc/arm-none-eabi/12.3.1/thumb/v7e-m+fp/hard/crtbegin.o
LOAD C:/ST/STM32CubeIDE_1.17.0/STM32CubeIDE/plugins/com.st.stm32cube.ide.mcu.externaltools.gnu-tools-for-stm32.12.3.rel1.win32_1.1.0.202410251130/tools/bin/../lib/gcc/arm-none-eabi/12.3.1/../../../../arm-none-eabi/lib/thumb/v7e-m+fp/hard/crt0.o
LOAD ./Core/Src/Modbus_Slave.o
LOAD ./Core/Src/adc.o
LOAD ./Core/Src/button.o
LOAD ./Core/Src/buzzer.o
LOAD ./Core/Src/crc16.o
LOAD ./Core/Src/dma.o
LOAD ./Core/Src/ds3231.o
LOAD ./Core/Src/fsmc.o
LOAD ./Core/Src/gpio.o
LOAD ./Core/Src/i2c.o
LOAD ./Core/Src/lcd.o
LOAD ./Core/Src/led_7seg.o
LOAD ./Core/Src/main.o
LOAD ./Core/Src/picture.o
LOAD ./Core/Src/rs485.o
LOAD ./Core/Src/sensor.o
LOAD ./Core/Src/software_timer.o
LOAD ./Core/Src/spi.o
LOAD ./Core/Src/stm32f4xx_hal_msp.o
LOAD ./Core/Src/stm32f4xx_it.o
LOAD ./Core/Src/syscalls.o
LOAD ./Core/Src/sysmem.o
LOAD ./Core/Src/system_stm32f4xx.o
LOAD ./Core/Src/tim.o
LOAD ./Core/Src/usart.o
LOAD ./Core/Src/utils.o
LOAD ./Core/Startup/startup_stm32f407zetx.o
LOAD ./Drivers/STM32F4xx_HAL_Driver/Src/stm32f4xx_hal.o
LOAD ./Drivers/STM32F4xx_HAL_Driver/Src/stm32f4xx_hal_adc.o
LOAD ./Drivers/STM32F4xx_HAL_Driver/Src/stm32f4xx_hal_adc_ex.o
LOAD ./Drivers/STM32F4xx_HAL_Driver/Src/stm32f4xx_hal_cortex.o
LOAD ./Drivers/STM32F4xx_HAL_Driver/Src/stm32f4xx_hal_dma.o
LOAD ./Drivers/STM32F4xx_HAL_Driver/Src/stm32f4xx_hal_dma_ex.o
LOAD ./Drivers/STM32F4xx_HAL_Driver/Src/stm32f4xx_hal_exti.o
LOAD ./Drivers/STM32F4xx_HAL_Driver/Src/stm32f4xx_hal_flash.o
LOAD ./Drivers/STM32F4xx_HAL_Driver/Src/stm32f4xx_hal_flash_ex.o
LOAD ./Drivers/STM32F4xx_HAL_Driver/Src/stm32f4xx_hal_flash_ramfunc.o
LOAD ./Drivers/STM32F4xx_HAL_Driver/Src/stm32f4xx_hal_gpio.o
LOAD ./Drivers/STM32F4xx_HAL_Driver/Src/stm32f4xx_hal_i2c.o
LOAD ./Drivers/STM32F4xx_HAL_Driver/Src/stm32f4xx_hal_i2c_ex.o
LOAD ./Drivers/STM32F4xx_HAL_Driver/Src/stm32f4xx_hal_nand.o
LOAD ./Drivers/STM32F4xx_HAL_Driver/Src/stm32f4xx_hal_nor.o
LOAD ./Drivers/STM32F4xx_HAL_Driver/Src/stm32f4xx_hal_pccard.o
LOAD ./Drivers/STM32F4xx_HAL_Driver/Src/stm32f4xx_hal_pwr.o
LOAD ./Drivers/STM32F4xx_HAL_Driver/Src/stm32f4xx_hal_pwr_ex.o
LOAD ./Drivers/STM32F4xx_HAL_Driver/Src/stm32f4xx_hal_rcc.o
LOAD ./Drivers/STM32F4xx_HAL_Driver/Src/stm32f4xx_hal_rcc_ex.o
LOAD ./Drivers/STM32F4xx_HAL_Driver/Src/stm32f4xx_hal_spi.o
LOAD ./Drivers/STM32F4xx_HAL_Driver/Src/stm32f4xx_hal_sram.o
LOAD ./Drivers/STM32F4xx_HAL_Driver/Src/stm32f4xx_hal_tim.o
LOAD ./Drivers/STM32F4xx_HAL_Driver/Src/stm32f4xx_hal_tim_ex.o
LOAD ./Drivers/STM32F4xx_HAL_Driver/Src/stm32f4xx_hal_uart.o
LOAD ./Drivers/STM32F4xx_HAL_Driver/Src/stm32f4xx_ll_adc.o
LOAD ./Drivers/STM32F4xx_HAL_Driver/Src/stm32f4xx_ll_fsmc.o
START GROUP
LOAD C:/ST/STM32CubeIDE_1.17.0/STM32CubeIDE/plugins/com.st.stm32cube.ide.mcu.externaltools.gnu-tools-for-stm32.12.3.rel1.win32_1.1.0.202410251130/tools/bin/../lib/gcc/arm-none-eabi/12.3.1/../../../../arm-none-eabi/lib/thumb/v7e-m+fp/hard\libc_nano.a
LOAD C:/ST/STM32CubeIDE_1.17.0/STM32CubeIDE/plugins/com.st.stm32cube.ide.mcu.externaltools.gnu-tools-for-stm32.12.3.rel1.win32_1.1.0.202410251130/tools/bin/../lib/gcc/arm-none-eabi/12.3.1/../../../../arm-none-eabi/lib/thumb/v7e-m+fp/hard\libm.a
END GROUP
START GROUP
LOAD C:/ST/STM32CubeIDE_1.17.0/STM32CubeIDE/plugins/com.st.stm32cube.ide.mcu.externaltools.gnu-tools-for-stm32.12.3.rel1.win32_1.1.0.202410251130/tools/bin/../lib/gcc/arm-none-eabi/12.3.1/thumb/v7e-m+fp/hard\libgcc.a
LOAD C:/ST/STM32CubeIDE_1.17.0/STM32CubeIDE/plugins/com.st.stm32cube.ide.mcu.externaltools.gnu-tools-for-stm32.12.3.rel1.win32_1.1.0.202410251130/tools/bin/../lib/gcc/arm-none-eabi/12.3.1/../../../../arm-none-eabi/lib/thumb/v7e-m+fp/hard\libc_nano.a
END GROUP
START GROUP
LOAD C:/ST/STM32CubeIDE_1.17.0/STM32CubeIDE/plugins/com.st.stm32cube.ide.mcu.externaltools.gnu-tools-for-stm32.12.3.rel1.win32_1.1.0.202410251130/tools/bin/../lib/gcc/arm-none-eabi/12.3.1/thumb/v7e-m+fp/hard\libgcc.a
LOAD C:/ST/STM32CubeIDE_1.17.0/STM32CubeIDE/plugins/com.st.stm32cube.ide.mcu.externaltools.gnu-tools-for-stm32.12.3.rel1.win32_1.1.0.202410251130/tools/bin/../lib/gcc/arm-none-eabi/12.3.1/../../../../arm-none-eabi/lib/thumb/v7e-m+fp/hard\libc_nano.a
LOAD C:/ST/STM32CubeIDE_1.17.0/STM32CubeIDE/plugins/com.st.stm32cube.ide.mcu.externaltools.gnu-tools-for-stm32.12.3.rel1.win32_1.1.0.202410251130/tools/bin/../lib/gcc/arm-none-eabi/12.3.1/../../../../arm-none-eabi/lib/thumb/v7e-m+fp/hard\libnosys.a
END GROUP
START GROUP
LOAD C:/ST/STM32CubeIDE_1.17.0/STM32CubeIDE/plugins/com.st.stm32cube.ide.mcu.externaltools.gnu-tools-for-stm32.12.3.rel1.win32_1.1.0.202410251130/tools/bin/../lib/gcc/arm-none-eabi/12.3.1/thumb/v7e-m+fp/hard\libgcc.a
LOAD C:/ST/STM32CubeIDE_1.17.0/STM32CubeIDE/plugins/com.st.stm32cube.ide.mcu.externaltools.gnu-tools-for-stm32.12.3.rel1.win32_1.1.0.202410251130/tools/bin/../lib/gcc/arm-none-eabi/12.3.1/../../../../arm-none-eabi/lib/thumb/v7e-m+fp/hard\libc_nano.a
LOAD C:/ST/STM32CubeIDE_1.17.0/STM32CubeIDE/plugins/com.st.stm32cube.ide.mcu.externaltools.gnu-tools-for-stm32.12.3.rel1.win32_1.1.0.202410251130/tools/bin/../lib/gcc/arm-none-eabi/12.3.1/../../../../arm-none-eabi/lib/thumb/v7e-m+fp/hard\libnosys.a
END GROUP
LOAD C:/ST/STM32CubeIDE_1.17.0/STM32CubeIDE/plugins/com.st.stm32cube.ide.mcu.externaltools.gnu-tools-for-stm32.12.3.rel1.win32_1.1.0.202410251130/tools/bin/../lib/gcc/arm-none-eabi/12.3.1/thumb/v7e-m+fp/hard/crtend.o
LOAD C:/ST/STM32CubeIDE_1.17.0/STM32CubeIDE/plugins/com.st.stm32cube.ide.mcu.externaltools.gnu-tools-for-stm32.12.3.rel1.win32_1.1.0.202410251130/tools/bin/../lib/gcc/arm-none-eabi/12.3.1/thumb/v7e-m+fp/hard/crtn.o
                0x20020000                        _estack = (ORIGIN (RAM) + LENGTH (RAM))
                0x00000200                        _Min_Heap_Size = 0x200
                0x00000400                        _Min_Stack_Size = 0x400

.isr_vector     0x08000000      0x188
                0x08000000                        . = ALIGN (0x4)
 *(.isr_vector)
 .isr_vector    0x08000000      0x188 ./Core/Startup/startup_stm32f407zetx.o
                0x08000000                g_pfnVectors
                0x08000188                        . = ALIGN (0x4)

.text           0x08000188     0x7e64
                0x08000188                        . = ALIGN (0x4)
 *(.text)
 .text          0x08000188       0x40 C:/ST/STM32CubeIDE_1.17.0/STM32CubeIDE/plugins/com.st.stm32cube.ide.mcu.externaltools.gnu-tools-for-stm32.12.3.rel1.win32_1.1.0.202410251130/tools/bin/../lib/gcc/arm-none-eabi/12.3.1/thumb/v7e-m+fp/hard/crtbegin.o
 .text          0x080001c8      0x378 C:/ST/STM32CubeIDE_1.17.0/STM32CubeIDE/plugins/com.st.stm32cube.ide.mcu.externaltools.gnu-tools-for-stm32.12.3.rel1.win32_1.1.0.202410251130/tools/bin/../lib/gcc/arm-none-eabi/12.3.1/thumb/v7e-m+fp/hard\libgcc.a(_arm_addsubdf3.o)
                0x080001c8                __aeabi_drsub
                0x080001d0                __aeabi_dsub
                0x080001d0                __subdf3
                0x080001d4                __aeabi_dadd
                0x080001d4                __adddf3
                0x0800044c                __floatunsidf
                0x0800044c                __aeabi_ui2d
                0x0800046c                __floatsidf
                0x0800046c                __aeabi_i2d
                0x08000490                __aeabi_f2d
                0x08000490                __extendsfdf2
                0x080004d4                __floatundidf
                0x080004d4                __aeabi_ul2d
                0x080004e4                __floatdidf
                0x080004e4                __aeabi_l2d
 .text          0x08000540      0x424 C:/ST/STM32CubeIDE_1.17.0/STM32CubeIDE/plugins/com.st.stm32cube.ide.mcu.externaltools.gnu-tools-for-stm32.12.3.rel1.win32_1.1.0.202410251130/tools/bin/../lib/gcc/arm-none-eabi/12.3.1/thumb/v7e-m+fp/hard\libgcc.a(_arm_muldivdf3.o)
                0x08000540                __aeabi_dmul
                0x08000540                __muldf3
                0x08000794                __divdf3
                0x08000794                __aeabi_ddiv
 .text          0x08000964       0xa0 C:/ST/STM32CubeIDE_1.17.0/STM32CubeIDE/plugins/com.st.stm32cube.ide.mcu.externaltools.gnu-tools-for-stm32.12.3.rel1.win32_1.1.0.202410251130/tools/bin/../lib/gcc/arm-none-eabi/12.3.1/thumb/v7e-m+fp/hard\libgcc.a(_arm_truncdfsf2.o)
                0x08000964                __truncdfsf2
                0x08000964                __aeabi_d2f
 .text          0x08000a04       0x30 C:/ST/STM32CubeIDE_1.17.0/STM32CubeIDE/plugins/com.st.stm32cube.ide.mcu.externaltools.gnu-tools-for-stm32.12.3.rel1.win32_1.1.0.202410251130/tools/bin/../lib/gcc/arm-none-eabi/12.3.1/thumb/v7e-m+fp/hard\libgcc.a(_aeabi_uldivmod.o)
                0x08000a04                __aeabi_uldivmod
 .text          0x08000a34      0x2bc C:/ST/STM32CubeIDE_1.17.0/STM32CubeIDE/plugins/com.st.stm32cube.ide.mcu.externaltools.gnu-tools-for-stm32.12.3.rel1.win32_1.1.0.202410251130/tools/bin/../lib/gcc/arm-none-eabi/12.3.1/thumb/v7e-m+fp/hard\libgcc.a(_udivmoddi4.o)
                0x08000a34                __udivmoddi4
 .text          0x08000cf0        0x4 C:/ST/STM32CubeIDE_1.17.0/STM32CubeIDE/plugins/com.st.stm32cube.ide.mcu.externaltools.gnu-tools-for-stm32.12.3.rel1.win32_1.1.0.202410251130/tools/bin/../lib/gcc/arm-none-eabi/12.3.1/thumb/v7e-m+fp/hard\libgcc.a(_dvmd_tls.o)
                0x08000cf0                __aeabi_idiv0
                0x08000cf0                __aeabi_ldiv0
 *(.text*)
 .text.InitSlave
                0x08000cf4       0x40 ./Core/Src/Modbus_Slave.o
                0x08000cf4                InitSlave
 .text.CommandParser_handler
                0x08000d34       0x80 ./Core/Src/Modbus_Slave.o
                0x08000d34                CommandParser_handler
 .text.splitFloat
                0x08000db4       0x68 ./Core/Src/Modbus_Slave.o
                0x08000db4                splitFloat
 .text.splitUint16
                0x08000e1c       0x2e ./Core/Src/Modbus_Slave.o
                0x08000e1c                splitUint16
 *fill*         0x08000e4a        0x2 
 .text.Read_multiple_holding_register_handler
                0x08000e4c       0x70 ./Core/Src/Modbus_Slave.o
                0x08000e4c                Read_multiple_holding_register_handler
 .text.Read_single_register_handler
                0x08000ebc       0x54 ./Core/Src/Modbus_Slave.o
                0x08000ebc                Read_single_register_handler
 .text.ReadData
                0x08000f10       0x9a ./Core/Src/Modbus_Slave.o
 *fill*         0x08000faa        0x2 
 .text.slave_behavior
                0x08000fac       0xdc ./Core/Src/Modbus_Slave.o
                0x08000fac                slave_behavior
 .text.MX_ADC1_Init
                0x08001088      0x114 ./Core/Src/adc.o
                0x08001088                MX_ADC1_Init
 .text.HAL_ADC_MspInit
                0x0800119c      0x128 ./Core/Src/adc.o
                0x0800119c                HAL_ADC_MspInit
 .text.button_init
                0x080012c4       0x18 ./Core/Src/button.o
                0x080012c4                button_init
 .text.buzzer_init
                0x080012dc       0x14 ./Core/Src/buzzer.o
                0x080012dc                buzzer_init
 .text.crc16    0x080012f0       0x60 ./Core/Src/crc16.o
                0x080012f0                crc16
 .text.MX_DMA_Init
                0x08001350       0x40 ./Core/Src/dma.o
                0x08001350                MX_DMA_Init
 .text.MX_FSMC_Init
                0x08001390       0xf4 ./Core/Src/fsmc.o
                0x08001390                MX_FSMC_Init
 .text.HAL_FSMC_MspInit
                0x08001484       0x98 ./Core/Src/fsmc.o
 .text.HAL_SRAM_MspInit
                0x0800151c       0x14 ./Core/Src/fsmc.o
                0x0800151c                HAL_SRAM_MspInit
 .text.MX_GPIO_Init
                0x08001530      0x20c ./Core/Src/gpio.o
                0x08001530                MX_GPIO_Init
 .text.MX_I2C1_Init
                0x0800173c       0x5c ./Core/Src/i2c.o
                0x0800173c                MX_I2C1_Init
 .text.HAL_I2C_MspInit
                0x08001798       0x90 ./Core/Src/i2c.o
                0x08001798                HAL_I2C_MspInit
 .text.LCD_WR_REG
                0x08001828       0x20 ./Core/Src/lcd.o
                0x08001828                LCD_WR_REG
 .text.LCD_WR_DATA
                0x08001848       0x20 ./Core/Src/lcd.o
 .text.LCD_RD_DATA
                0x08001868       0x24 ./Core/Src/lcd.o
 .text.lcd_set_address
                0x0800188c       0x98 ./Core/Src/lcd.o
                0x0800188c                lcd_set_address
 .text.lcd_clear
                0x08001924       0x64 ./Core/Src/lcd.o
                0x08001924                lcd_clear
 .text.lcd_draw_point
                0x08001988       0x2e ./Core/Src/lcd.o
                0x08001988                lcd_draw_point
 *fill*         0x080019b6        0x2 
 .text.lcd_show_char
                0x080019b8      0x1a0 ./Core/Src/lcd.o
                0x080019b8                lcd_show_char
 .text.mypow    0x08001b58       0x38 ./Core/Src/lcd.o
 .text.lcd_show_int_num
                0x08001b90       0xfc ./Core/Src/lcd.o
                0x08001b90                lcd_show_int_num
 .text.lcd_show_float_num
                0x08001c8c      0x110 ./Core/Src/lcd.o
                0x08001c8c                lcd_show_float_num
 .text.lcd_set_direction
                0x08001d9c       0x48 ./Core/Src/lcd.o
                0x08001d9c                lcd_set_direction
 .text.lcd_init
                0x08001de4      0x2c0 ./Core/Src/lcd.o
                0x08001de4                lcd_init
 .text.lcd_show_string
                0x080020a4       0xc8 ./Core/Src/lcd.o
                0x080020a4                lcd_show_string
 .text.led_7seg_display
                0x0800216c      0x118 ./Core/Src/led_7seg.o
                0x0800216c                led_7seg_display
 .text.HAL_UARTEx_RxEventCallback
                0x08002284       0x24 ./Core/Src/main.o
                0x08002284                HAL_UARTEx_RxEventCallback
 .text.main     0x080022a8       0xf4 ./Core/Src/main.o
                0x080022a8                main
 .text.SystemClock_Config
                0x0800239c       0xd4 ./Core/Src/main.o
                0x0800239c                SystemClock_Config
 .text.system_init
                0x08002470       0x24 ./Core/Src/main.o
                0x08002470                system_init
 .text.TestADC  0x08002494      0x180 ./Core/Src/main.o
                0x08002494                TestADC
 .text.Error_Handler
                0x08002614        0xc ./Core/Src/main.o
                0x08002614                Error_Handler
 .text.Modbus_Send
                0x08002620       0x74 ./Core/Src/rs485.o
                0x08002620                Modbus_Send
 .text.Modbus_CheckData
                0x08002694       0x6e ./Core/Src/rs485.o
                0x08002694                Modbus_CheckData
 .text.Modbus_Transmit_Slave
                0x08002702       0xb8 ./Core/Src/rs485.o
                0x08002702                Modbus_Transmit_Slave
 *fill*         0x080027ba        0x2 
 .text.Modbus_Receive
                0x080027bc       0x38 ./Core/Src/rs485.o
                0x080027bc                Modbus_Receive
 .text.Modbus_CallBack
                0x080027f4       0x68 ./Core/Src/rs485.o
                0x080027f4                Modbus_CallBack
 .text.Modbus_Init
                0x0800285c       0x60 ./Core/Src/rs485.o
                0x0800285c                Modbus_Init
 .text.sensor_init
                0x080028bc       0x1c ./Core/Src/sensor.o
                0x080028bc                sensor_init
 .text.sensor_read
                0x080028d8       0x1c ./Core/Src/sensor.o
                0x080028d8                sensor_read
 .text.sensor_get_light
                0x080028f4       0x18 ./Core/Src/sensor.o
                0x080028f4                sensor_get_light
 .text.sensor_get_potentiometer
                0x0800290c       0x18 ./Core/Src/sensor.o
                0x0800290c                sensor_get_potentiometer
 *fill*         0x08002924        0x4 
 .text.sensor_get_voltage
                0x08002928       0x78 ./Core/Src/sensor.o
                0x08002928                sensor_get_voltage
 .text.sensor_get_current
                0x080029a0       0xb8 ./Core/Src/sensor.o
                0x080029a0                sensor_get_current
 .text.sensor_get_temperature
                0x08002a58       0x3c ./Core/Src/sensor.o
                0x08002a58                sensor_get_temperature
 .text.timer2_init
                0x08002a94       0x14 ./Core/Src/software_timer.o
                0x08002a94                timer2_init
 .text.timer2_set
                0x08002aa8       0x38 ./Core/Src/software_timer.o
                0x08002aa8                timer2_set
 .text.InitTimer
                0x08002ae0       0x44 ./Core/Src/software_timer.o
                0x08002ae0                InitTimer
 .text.set_timer
                0x08002b24       0x34 ./Core/Src/software_timer.o
                0x08002b24                set_timer
 .text.TimerRun
                0x08002b58       0x64 ./Core/Src/software_timer.o
                0x08002b58                TimerRun
 .text.HAL_TIM_PeriodElapsedCallback
                0x08002bbc       0x9c ./Core/Src/software_timer.o
                0x08002bbc                HAL_TIM_PeriodElapsedCallback
 .text.MX_SPI1_Init
                0x08002c58       0x6c ./Core/Src/spi.o
                0x08002c58                MX_SPI1_Init
 .text.HAL_SPI_MspInit
                0x08002cc4       0x90 ./Core/Src/spi.o
                0x08002cc4                HAL_SPI_MspInit
 .text.HAL_MspInit
                0x08002d54       0x50 ./Core/Src/stm32f4xx_hal_msp.o
                0x08002d54                HAL_MspInit
 .text.NMI_Handler
                0x08002da4        0x8 ./Core/Src/stm32f4xx_it.o
                0x08002da4                NMI_Handler
 .text.HardFault_Handler
                0x08002dac        0x8 ./Core/Src/stm32f4xx_it.o
                0x08002dac                HardFault_Handler
 .text.MemManage_Handler
                0x08002db4        0x8 ./Core/Src/stm32f4xx_it.o
                0x08002db4                MemManage_Handler
 .text.BusFault_Handler
                0x08002dbc        0x8 ./Core/Src/stm32f4xx_it.o
                0x08002dbc                BusFault_Handler
 .text.UsageFault_Handler
                0x08002dc4        0x8 ./Core/Src/stm32f4xx_it.o
                0x08002dc4                UsageFault_Handler
 .text.SVC_Handler
                0x08002dcc        0xe ./Core/Src/stm32f4xx_it.o
                0x08002dcc                SVC_Handler
 .text.DebugMon_Handler
                0x08002dda        0xe ./Core/Src/stm32f4xx_it.o
                0x08002dda                DebugMon_Handler
 .text.PendSV_Handler
                0x08002de8        0xe ./Core/Src/stm32f4xx_it.o
                0x08002de8                PendSV_Handler
 .text.SysTick_Handler
                0x08002df6        0xc ./Core/Src/stm32f4xx_it.o
                0x08002df6                SysTick_Handler
 *fill*         0x08002e02        0x2 
 .text.TIM2_IRQHandler
                0x08002e04       0x14 ./Core/Src/stm32f4xx_it.o
                0x08002e04                TIM2_IRQHandler
 .text.TIM4_IRQHandler
                0x08002e18       0x14 ./Core/Src/stm32f4xx_it.o
                0x08002e18                TIM4_IRQHandler
 .text.USART1_IRQHandler
                0x08002e2c       0x14 ./Core/Src/stm32f4xx_it.o
                0x08002e2c                USART1_IRQHandler
 .text.USART3_IRQHandler
                0x08002e40       0x14 ./Core/Src/stm32f4xx_it.o
                0x08002e40                USART3_IRQHandler
 .text.DMA2_Stream0_IRQHandler
                0x08002e54       0x14 ./Core/Src/stm32f4xx_it.o
                0x08002e54                DMA2_Stream0_IRQHandler
 .text.SystemInit
                0x08002e68       0x24 ./Core/Src/system_stm32f4xx.o
                0x08002e68                SystemInit
 .text.MX_TIM2_Init
                0x08002e8c       0x98 ./Core/Src/tim.o
                0x08002e8c                MX_TIM2_Init
 .text.MX_TIM4_Init
                0x08002f24       0x9c ./Core/Src/tim.o
                0x08002f24                MX_TIM4_Init
 .text.MX_TIM13_Init
                0x08002fc0       0x9c ./Core/Src/tim.o
                0x08002fc0                MX_TIM13_Init
 .text.HAL_TIM_Base_MspInit
                0x0800305c       0xb4 ./Core/Src/tim.o
                0x0800305c                HAL_TIM_Base_MspInit
 .text.HAL_TIM_MspPostInit
                0x08003110       0x74 ./Core/Src/tim.o
                0x08003110                HAL_TIM_MspPostInit
 .text.MX_USART1_UART_Init
                0x08003184       0x54 ./Core/Src/usart.o
                0x08003184                MX_USART1_UART_Init
 .text.MX_USART3_UART_Init
                0x080031d8       0x54 ./Core/Src/usart.o
                0x080031d8                MX_USART3_UART_Init
 .text.HAL_UART_MspInit
                0x0800322c      0x120 ./Core/Src/usart.o
                0x0800322c                HAL_UART_MspInit
 .text.Reset_Handler
                0x0800334c       0x50 ./Core/Startup/startup_stm32f407zetx.o
                0x0800334c                Reset_Handler
 .text.Default_Handler
                0x0800339c        0x2 ./Core/Startup/startup_stm32f407zetx.o
                0x0800339c                RTC_Alarm_IRQHandler
                0x0800339c                HASH_RNG_IRQHandler
                0x0800339c                EXTI2_IRQHandler
                0x0800339c                TIM8_CC_IRQHandler
                0x0800339c                TIM1_CC_IRQHandler
                0x0800339c                DMA2_Stream5_IRQHandler
                0x0800339c                DMA1_Stream5_IRQHandler
                0x0800339c                PVD_IRQHandler
                0x0800339c                SDIO_IRQHandler
                0x0800339c                TAMP_STAMP_IRQHandler
                0x0800339c                CAN2_RX1_IRQHandler
                0x0800339c                EXTI3_IRQHandler
                0x0800339c                TIM8_TRG_COM_TIM14_IRQHandler
                0x0800339c                TIM1_UP_TIM10_IRQHandler
                0x0800339c                TIM8_UP_TIM13_IRQHandler
                0x0800339c                I2C3_ER_IRQHandler
                0x0800339c                EXTI0_IRQHandler
                0x0800339c                I2C2_EV_IRQHandler
                0x0800339c                DMA1_Stream2_IRQHandler
                0x0800339c                CAN1_RX0_IRQHandler
                0x0800339c                FPU_IRQHandler
                0x0800339c                OTG_HS_WKUP_IRQHandler
                0x0800339c                CAN2_SCE_IRQHandler
                0x0800339c                DMA2_Stream2_IRQHandler
                0x0800339c                SPI1_IRQHandler
                0x0800339c                TIM6_DAC_IRQHandler
                0x0800339c                TIM1_BRK_TIM9_IRQHandler
                0x0800339c                DCMI_IRQHandler
                0x0800339c                CAN2_RX0_IRQHandler
                0x0800339c                DMA2_Stream3_IRQHandler
                0x0800339c                USART6_IRQHandler
                0x0800339c                CAN1_RX1_IRQHandler
                0x0800339c                UART5_IRQHandler
                0x0800339c                I2C1_EV_IRQHandler
                0x0800339c                DMA1_Stream6_IRQHandler
                0x0800339c                DMA1_Stream1_IRQHandler
                0x0800339c                UART4_IRQHandler
                0x0800339c                TIM3_IRQHandler
                0x0800339c                RCC_IRQHandler
                0x0800339c                TIM8_BRK_TIM12_IRQHandler
                0x0800339c                Default_Handler
                0x0800339c                EXTI15_10_IRQHandler
                0x0800339c                ADC_IRQHandler
                0x0800339c                DMA1_Stream7_IRQHandler
                0x0800339c                TIM7_IRQHandler
                0x0800339c                CAN2_TX_IRQHandler
                0x0800339c                TIM5_IRQHandler
                0x0800339c                DMA2_Stream7_IRQHandler
                0x0800339c                I2C3_EV_IRQHandler
                0x0800339c                EXTI9_5_IRQHandler
                0x0800339c                RTC_WKUP_IRQHandler
                0x0800339c                ETH_WKUP_IRQHandler
                0x0800339c                SPI2_IRQHandler
                0x0800339c                OTG_HS_EP1_IN_IRQHandler
                0x0800339c                DMA1_Stream0_IRQHandler
                0x0800339c                CAN1_TX_IRQHandler
                0x0800339c                EXTI4_IRQHandler
                0x0800339c                FSMC_IRQHandler
                0x0800339c                ETH_IRQHandler
                0x0800339c                OTG_HS_EP1_OUT_IRQHandler
                0x0800339c                WWDG_IRQHandler
                0x0800339c                OTG_FS_WKUP_IRQHandler
                0x0800339c                TIM1_TRG_COM_TIM11_IRQHandler
                0x0800339c                OTG_HS_IRQHandler
                0x0800339c                EXTI1_IRQHandler
                0x0800339c                USART2_IRQHandler
                0x0800339c                I2C2_ER_IRQHandler
                0x0800339c                DMA2_Stream1_IRQHandler
                0x0800339c                CAN1_SCE_IRQHandler
                0x0800339c                FLASH_IRQHandler
                0x0800339c                DMA2_Stream4_IRQHandler
                0x0800339c                OTG_FS_IRQHandler
                0x0800339c                SPI3_IRQHandler
                0x0800339c                DMA1_Stream4_IRQHandler
                0x0800339c                I2C1_ER_IRQHandler
                0x0800339c                DMA2_Stream6_IRQHandler
                0x0800339c                DMA1_Stream3_IRQHandler
 *fill*         0x0800339e        0x2 
 .text.HAL_Init
                0x080033a0       0x44 ./Drivers/STM32F4xx_HAL_Driver/Src/stm32f4xx_hal.o
                0x080033a0                HAL_Init
 .text.HAL_InitTick
                0x080033e4       0x60 ./Drivers/STM32F4xx_HAL_Driver/Src/stm32f4xx_hal.o
                0x080033e4                HAL_InitTick
 .text.HAL_IncTick
                0x08003444       0x28 ./Drivers/STM32F4xx_HAL_Driver/Src/stm32f4xx_hal.o
                0x08003444                HAL_IncTick
 .text.HAL_GetTick
                0x0800346c       0x18 ./Drivers/STM32F4xx_HAL_Driver/Src/stm32f4xx_hal.o
                0x0800346c                HAL_GetTick
 .text.HAL_Delay
                0x08003484       0x48 ./Drivers/STM32F4xx_HAL_Driver/Src/stm32f4xx_hal.o
                0x08003484                HAL_Delay
 .text.HAL_ADC_Init
                0x080034cc       0x86 ./Drivers/STM32F4xx_HAL_Driver/Src/stm32f4xx_hal_adc.o
                0x080034cc                HAL_ADC_Init
 *fill*         0x08003552        0x2 
 .text.HAL_ADC_Start_DMA
                0x08003554      0x220 ./Drivers/STM32F4xx_HAL_Driver/Src/stm32f4xx_hal_adc.o
                0x08003554                HAL_ADC_Start_DMA
 .text.HAL_ADC_ConvCpltCallback
                0x08003774       0x14 ./Drivers/STM32F4xx_HAL_Driver/Src/stm32f4xx_hal_adc.o
                0x08003774                HAL_ADC_ConvCpltCallback
 .text.HAL_ADC_ConvHalfCpltCallback
                0x08003788       0x14 ./Drivers/STM32F4xx_HAL_Driver/Src/stm32f4xx_hal_adc.o
                0x08003788                HAL_ADC_ConvHalfCpltCallback
 .text.HAL_ADC_ErrorCallback
                0x0800379c       0x14 ./Drivers/STM32F4xx_HAL_Driver/Src/stm32f4xx_hal_adc.o
                0x0800379c                HAL_ADC_ErrorCallback
 .text.HAL_ADC_ConfigChannel
                0x080037b0      0x244 ./Drivers/STM32F4xx_HAL_Driver/Src/stm32f4xx_hal_adc.o
                0x080037b0                HAL_ADC_ConfigChannel
 .text.ADC_Init
                0x080039f4      0x1f8 ./Drivers/STM32F4xx_HAL_Driver/Src/stm32f4xx_hal_adc.o
 .text.ADC_DMAConvCplt
                0x08003bec       0xba ./Drivers/STM32F4xx_HAL_Driver/Src/stm32f4xx_hal_adc.o
 .text.ADC_DMAHalfConvCplt
                0x08003ca6       0x1c ./Drivers/STM32F4xx_HAL_Driver/Src/stm32f4xx_hal_adc.o
 .text.ADC_DMAError
                0x08003cc2       0x2e ./Drivers/STM32F4xx_HAL_Driver/Src/stm32f4xx_hal_adc.o
 .text.__NVIC_SetPriorityGrouping
                0x08003cf0       0x48 ./Drivers/STM32F4xx_HAL_Driver/Src/stm32f4xx_hal_cortex.o
 .text.__NVIC_GetPriorityGrouping
                0x08003d38       0x1c ./Drivers/STM32F4xx_HAL_Driver/Src/stm32f4xx_hal_cortex.o
 .text.__NVIC_EnableIRQ
                0x08003d54       0x3c ./Drivers/STM32F4xx_HAL_Driver/Src/stm32f4xx_hal_cortex.o
 .text.__NVIC_SetPriority
                0x08003d90       0x54 ./Drivers/STM32F4xx_HAL_Driver/Src/stm32f4xx_hal_cortex.o
 .text.NVIC_EncodePriority
                0x08003de4       0x66 ./Drivers/STM32F4xx_HAL_Driver/Src/stm32f4xx_hal_cortex.o
 *fill*         0x08003e4a        0x2 
 .text.SysTick_Config
                0x08003e4c       0x44 ./Drivers/STM32F4xx_HAL_Driver/Src/stm32f4xx_hal_cortex.o
 .text.HAL_NVIC_SetPriorityGrouping
                0x08003e90       0x16 ./Drivers/STM32F4xx_HAL_Driver/Src/stm32f4xx_hal_cortex.o
                0x08003e90                HAL_NVIC_SetPriorityGrouping
 .text.HAL_NVIC_SetPriority
                0x08003ea6       0x38 ./Drivers/STM32F4xx_HAL_Driver/Src/stm32f4xx_hal_cortex.o
                0x08003ea6                HAL_NVIC_SetPriority
 .text.HAL_NVIC_EnableIRQ
                0x08003ede       0x1c ./Drivers/STM32F4xx_HAL_Driver/Src/stm32f4xx_hal_cortex.o
                0x08003ede                HAL_NVIC_EnableIRQ
 .text.HAL_SYSTICK_Config
                0x08003efa       0x18 ./Drivers/STM32F4xx_HAL_Driver/Src/stm32f4xx_hal_cortex.o
                0x08003efa                HAL_SYSTICK_Config
 *fill*         0x08003f12        0x2 
 .text.HAL_DMA_Init
                0x08003f14      0x15c ./Drivers/STM32F4xx_HAL_Driver/Src/stm32f4xx_hal_dma.o
                0x08003f14                HAL_DMA_Init
 .text.HAL_DMA_Start_IT
                0x08004070       0xb0 ./Drivers/STM32F4xx_HAL_Driver/Src/stm32f4xx_hal_dma.o
                0x08004070                HAL_DMA_Start_IT
 .text.HAL_DMA_Abort
                0x08004120       0xe0 ./Drivers/STM32F4xx_HAL_Driver/Src/stm32f4xx_hal_dma.o
                0x08004120                HAL_DMA_Abort
 .text.HAL_DMA_Abort_IT
                0x08004200       0x44 ./Drivers/STM32F4xx_HAL_Driver/Src/stm32f4xx_hal_dma.o
                0x08004200                HAL_DMA_Abort_IT
 .text.HAL_DMA_IRQHandler
                0x08004244      0x314 ./Drivers/STM32F4xx_HAL_Driver/Src/stm32f4xx_hal_dma.o
                0x08004244                HAL_DMA_IRQHandler
 .text.DMA_SetConfig
                0x08004558       0x5c ./Drivers/STM32F4xx_HAL_Driver/Src/stm32f4xx_hal_dma.o
 .text.DMA_CalcBaseAndBitshift
                0x080045b4       0x6c ./Drivers/STM32F4xx_HAL_Driver/Src/stm32f4xx_hal_dma.o
 .text.DMA_CheckFifoParam
                0x08004620       0xf8 ./Drivers/STM32F4xx_HAL_Driver/Src/stm32f4xx_hal_dma.o
 .text.HAL_GPIO_Init
                0x08004718      0x338 ./Drivers/STM32F4xx_HAL_Driver/Src/stm32f4xx_hal_gpio.o
                0x08004718                HAL_GPIO_Init
 .text.HAL_GPIO_WritePin
                0x08004a50       0x32 ./Drivers/STM32F4xx_HAL_Driver/Src/stm32f4xx_hal_gpio.o
                0x08004a50                HAL_GPIO_WritePin
 .text.HAL_GPIO_TogglePin
                0x08004a82       0x34 ./Drivers/STM32F4xx_HAL_Driver/Src/stm32f4xx_hal_gpio.o
                0x08004a82                HAL_GPIO_TogglePin
 *fill*         0x08004ab6        0x2 
 .text.HAL_I2C_Init
                0x08004ab8      0x288 ./Drivers/STM32F4xx_HAL_Driver/Src/stm32f4xx_hal_i2c.o
                0x08004ab8                HAL_I2C_Init
 .text.HAL_RCC_OscConfig
                0x08004d40      0x4f0 ./Drivers/STM32F4xx_HAL_Driver/Src/stm32f4xx_hal_rcc.o
                0x08004d40                HAL_RCC_OscConfig
 .text.HAL_RCC_ClockConfig
                0x08005230      0x1cc ./Drivers/STM32F4xx_HAL_Driver/Src/stm32f4xx_hal_rcc.o
                0x08005230                HAL_RCC_ClockConfig
 .text.HAL_RCC_GetSysClockFreq
                0x080053fc      0x20c ./Drivers/STM32F4xx_HAL_Driver/Src/stm32f4xx_hal_rcc.o
                0x080053fc                HAL_RCC_GetSysClockFreq
 .text.HAL_RCC_GetHCLKFreq
                0x08005608       0x18 ./Drivers/STM32F4xx_HAL_Driver/Src/stm32f4xx_hal_rcc.o
                0x08005608                HAL_RCC_GetHCLKFreq
 .text.HAL_RCC_GetPCLK1Freq
                0x08005620       0x28 ./Drivers/STM32F4xx_HAL_Driver/Src/stm32f4xx_hal_rcc.o
                0x08005620                HAL_RCC_GetPCLK1Freq
 .text.HAL_RCC_GetPCLK2Freq
                0x08005648       0x28 ./Drivers/STM32F4xx_HAL_Driver/Src/stm32f4xx_hal_rcc.o
                0x08005648                HAL_RCC_GetPCLK2Freq
 .text.HAL_SPI_Init
                0x08005670      0x112 ./Drivers/STM32F4xx_HAL_Driver/Src/stm32f4xx_hal_spi.o
                0x08005670                HAL_SPI_Init
 .text.HAL_SPI_Transmit
                0x08005782      0x288 ./Drivers/STM32F4xx_HAL_Driver/Src/stm32f4xx_hal_spi.o
                0x08005782                HAL_SPI_Transmit
 *fill*         0x08005a0a        0x2 
 .text.SPI_WaitFlagStateUntilTimeout
                0x08005a0c      0x110 ./Drivers/STM32F4xx_HAL_Driver/Src/stm32f4xx_hal_spi.o
 .text.SPI_EndRxTxTransaction
                0x08005b1c       0xa8 ./Drivers/STM32F4xx_HAL_Driver/Src/stm32f4xx_hal_spi.o
 .text.HAL_SRAM_Init
                0x08005bc4       0x90 ./Drivers/STM32F4xx_HAL_Driver/Src/stm32f4xx_hal_sram.o
                0x08005bc4                HAL_SRAM_Init
 .text.HAL_TIM_Base_Init
                0x08005c54       0x9e ./Drivers/STM32F4xx_HAL_Driver/Src/stm32f4xx_hal_tim.o
                0x08005c54                HAL_TIM_Base_Init
 *fill*         0x08005cf2        0x2 
 .text.HAL_TIM_Base_Start_IT
                0x08005cf4       0xe0 ./Drivers/STM32F4xx_HAL_Driver/Src/stm32f4xx_hal_tim.o
                0x08005cf4                HAL_TIM_Base_Start_IT
 .text.HAL_TIM_PWM_Init
                0x08005dd4       0x9e ./Drivers/STM32F4xx_HAL_Driver/Src/stm32f4xx_hal_tim.o
                0x08005dd4                HAL_TIM_PWM_Init
 .text.HAL_TIM_PWM_MspInit
                0x08005e72       0x14 ./Drivers/STM32F4xx_HAL_Driver/Src/stm32f4xx_hal_tim.o
                0x08005e72                HAL_TIM_PWM_MspInit
 *fill*         0x08005e86        0x2 
 .text.HAL_TIM_PWM_Start
                0x08005e88      0x190 ./Drivers/STM32F4xx_HAL_Driver/Src/stm32f4xx_hal_tim.o
                0x08005e88                HAL_TIM_PWM_Start
 .text.HAL_TIM_IRQHandler
                0x08006018      0x1e0 ./Drivers/STM32F4xx_HAL_Driver/Src/stm32f4xx_hal_tim.o
                0x08006018                HAL_TIM_IRQHandler
 .text.HAL_TIM_PWM_ConfigChannel
                0x080061f8      0x184 ./Drivers/STM32F4xx_HAL_Driver/Src/stm32f4xx_hal_tim.o
                0x080061f8                HAL_TIM_PWM_ConfigChannel
 .text.HAL_TIM_ConfigClockSource
                0x0800637c      0x18e ./Drivers/STM32F4xx_HAL_Driver/Src/stm32f4xx_hal_tim.o
                0x0800637c                HAL_TIM_ConfigClockSource
 .text.HAL_TIM_OC_DelayElapsedCallback
                0x0800650a       0x14 ./Drivers/STM32F4xx_HAL_Driver/Src/stm32f4xx_hal_tim.o
                0x0800650a                HAL_TIM_OC_DelayElapsedCallback
 .text.HAL_TIM_IC_CaptureCallback
                0x0800651e       0x14 ./Drivers/STM32F4xx_HAL_Driver/Src/stm32f4xx_hal_tim.o
                0x0800651e                HAL_TIM_IC_CaptureCallback
 .text.HAL_TIM_PWM_PulseFinishedCallback
                0x08006532       0x14 ./Drivers/STM32F4xx_HAL_Driver/Src/stm32f4xx_hal_tim.o
                0x08006532                HAL_TIM_PWM_PulseFinishedCallback
 .text.HAL_TIM_TriggerCallback
                0x08006546       0x14 ./Drivers/STM32F4xx_HAL_Driver/Src/stm32f4xx_hal_tim.o
                0x08006546                HAL_TIM_TriggerCallback
 *fill*         0x0800655a        0x2 
 .text.TIM_Base_SetConfig
                0x0800655c      0x158 ./Drivers/STM32F4xx_HAL_Driver/Src/stm32f4xx_hal_tim.o
                0x0800655c                TIM_Base_SetConfig
 .text.TIM_OC1_SetConfig
                0x080066b4       0xe0 ./Drivers/STM32F4xx_HAL_Driver/Src/stm32f4xx_hal_tim.o
 .text.TIM_OC2_SetConfig
                0x08006794       0xec ./Drivers/STM32F4xx_HAL_Driver/Src/stm32f4xx_hal_tim.o
                0x08006794                TIM_OC2_SetConfig
 .text.TIM_OC3_SetConfig
                0x08006880       0xe8 ./Drivers/STM32F4xx_HAL_Driver/Src/stm32f4xx_hal_tim.o
 .text.TIM_OC4_SetConfig
                0x08006968       0xac ./Drivers/STM32F4xx_HAL_Driver/Src/stm32f4xx_hal_tim.o
 .text.TIM_TI1_ConfigInputStage
                0x08006a14       0x5e ./Drivers/STM32F4xx_HAL_Driver/Src/stm32f4xx_hal_tim.o
 .text.TIM_TI2_ConfigInputStage
                0x08006a72       0x60 ./Drivers/STM32F4xx_HAL_Driver/Src/stm32f4xx_hal_tim.o
 .text.TIM_ITRx_SetConfig
                0x08006ad2       0x36 ./Drivers/STM32F4xx_HAL_Driver/Src/stm32f4xx_hal_tim.o
 .text.TIM_ETR_SetConfig
                0x08006b08       0x40 ./Drivers/STM32F4xx_HAL_Driver/Src/stm32f4xx_hal_tim.o
                0x08006b08                TIM_ETR_SetConfig
 .text.TIM_CCxChannelCmd
                0x08006b48       0x4a ./Drivers/STM32F4xx_HAL_Driver/Src/stm32f4xx_hal_tim.o
                0x08006b48                TIM_CCxChannelCmd
 *fill*         0x08006b92        0x2 
 .text.HAL_TIMEx_MasterConfigSynchronization
                0x08006b94       0xf8 ./Drivers/STM32F4xx_HAL_Driver/Src/stm32f4xx_hal_tim_ex.o
                0x08006b94                HAL_TIMEx_MasterConfigSynchronization
 .text.HAL_TIMEx_CommutCallback
                0x08006c8c       0x14 ./Drivers/STM32F4xx_HAL_Driver/Src/stm32f4xx_hal_tim_ex.o
                0x08006c8c                HAL_TIMEx_CommutCallback
 .text.HAL_TIMEx_BreakCallback
                0x08006ca0       0x14 ./Drivers/STM32F4xx_HAL_Driver/Src/stm32f4xx_hal_tim_ex.o
                0x08006ca0                HAL_TIMEx_BreakCallback
 .text.HAL_UART_Init
                0x08006cb4       0xa0 ./Drivers/STM32F4xx_HAL_Driver/Src/stm32f4xx_hal_uart.o
                0x08006cb4                HAL_UART_Init
 .text.HAL_UART_Transmit
                0x08006d54      0x116 ./Drivers/STM32F4xx_HAL_Driver/Src/stm32f4xx_hal_uart.o
                0x08006d54                HAL_UART_Transmit
 .text.HAL_UARTEx_ReceiveToIdle_IT
                0x08006e6a       0xba ./Drivers/STM32F4xx_HAL_Driver/Src/stm32f4xx_hal_uart.o
                0x08006e6a                HAL_UARTEx_ReceiveToIdle_IT
 .text.HAL_UART_IRQHandler
                0x08006f24      0x524 ./Drivers/STM32F4xx_HAL_Driver/Src/stm32f4xx_hal_uart.o
                0x08006f24                HAL_UART_IRQHandler
 .text.HAL_UART_TxCpltCallback
                0x08007448       0x14 ./Drivers/STM32F4xx_HAL_Driver/Src/stm32f4xx_hal_uart.o
                0x08007448                HAL_UART_TxCpltCallback
 .text.HAL_UART_RxCpltCallback
                0x0800745c       0x14 ./Drivers/STM32F4xx_HAL_Driver/Src/stm32f4xx_hal_uart.o
                0x0800745c                HAL_UART_RxCpltCallback
 .text.HAL_UART_ErrorCallback
                0x08007470       0x14 ./Drivers/STM32F4xx_HAL_Driver/Src/stm32f4xx_hal_uart.o
                0x08007470                HAL_UART_ErrorCallback
 .text.UART_WaitOnFlagUntilTimeout
                0x08007484       0xb2 ./Drivers/STM32F4xx_HAL_Driver/Src/stm32f4xx_hal_uart.o
 .text.UART_Start_Receive_IT
                0x08007536       0x74 ./Drivers/STM32F4xx_HAL_Driver/Src/stm32f4xx_hal_uart.o
                0x08007536                UART_Start_Receive_IT
 .text.UART_EndRxTransfer
                0x080075aa       0xc6 ./Drivers/STM32F4xx_HAL_Driver/Src/stm32f4xx_hal_uart.o
 .text.UART_DMAAbortOnError
                0x08007670       0x28 ./Drivers/STM32F4xx_HAL_Driver/Src/stm32f4xx_hal_uart.o
 .text.UART_Transmit_IT
                0x08007698       0xa0 ./Drivers/STM32F4xx_HAL_Driver/Src/stm32f4xx_hal_uart.o
 .text.UART_EndTransmit_IT
                0x08007738       0x30 ./Drivers/STM32F4xx_HAL_Driver/Src/stm32f4xx_hal_uart.o
 .text.UART_Receive_IT
                0x08007768      0x17c ./Drivers/STM32F4xx_HAL_Driver/Src/stm32f4xx_hal_uart.o
 .text.UART_SetConfig
                0x080078e4      0x4e8 ./Drivers/STM32F4xx_HAL_Driver/Src/stm32f4xx_hal_uart.o
 .text.FSMC_NORSRAM_Init
                0x08007dcc       0xd4 ./Drivers/STM32F4xx_HAL_Driver/Src/stm32f4xx_ll_fsmc.o
                0x08007dcc                FSMC_NORSRAM_Init
 .text.FSMC_NORSRAM_Timing_Init
                0x08007ea0       0x6a ./Drivers/STM32F4xx_HAL_Driver/Src/stm32f4xx_ll_fsmc.o
                0x08007ea0                FSMC_NORSRAM_Timing_Init
 *fill*         0x08007f0a        0x2 
 .text.FSMC_NORSRAM_Extended_Timing_Init
                0x08007f0c       0x70 ./Drivers/STM32F4xx_HAL_Driver/Src/stm32f4xx_ll_fsmc.o
                0x08007f0c                FSMC_NORSRAM_Extended_Timing_Init
 .text.memset   0x08007f7c       0x10 C:/ST/STM32CubeIDE_1.17.0/STM32CubeIDE/plugins/com.st.stm32cube.ide.mcu.externaltools.gnu-tools-for-stm32.12.3.rel1.win32_1.1.0.202410251130/tools/bin/../lib/gcc/arm-none-eabi/12.3.1/../../../../arm-none-eabi/lib/thumb/v7e-m+fp/hard\libc_nano.a(libc_a-memset.o)
                0x08007f7c                memset
 .text.__libc_init_array
                0x08007f8c       0x48 C:/ST/STM32CubeIDE_1.17.0/STM32CubeIDE/plugins/com.st.stm32cube.ide.mcu.externaltools.gnu-tools-for-stm32.12.3.rel1.win32_1.1.0.202410251130/tools/bin/../lib/gcc/arm-none-eabi/12.3.1/../../../../arm-none-eabi/lib/thumb/v7e-m+fp/hard\libc_nano.a(libc_a-init.o)
                0x08007f8c                __libc_init_array
 *(.glue_7)
 .glue_7        0x08007fd4        0x0 linker stubs
 *(.glue_7t)
 .glue_7t       0x08007fd4        0x0 linker stubs
 *(.eh_frame)
 .eh_frame      0x08007fd4        0x0 C:/ST/STM32CubeIDE_1.17.0/STM32CubeIDE/plugins/com.st.stm32cube.ide.mcu.externaltools.gnu-tools-for-stm32.12.3.rel1.win32_1.1.0.202410251130/tools/bin/../lib/gcc/arm-none-eabi/12.3.1/thumb/v7e-m+fp/hard/crtbegin.o
 *(.init)
 .init          0x08007fd4        0x4 C:/ST/STM32CubeIDE_1.17.0/STM32CubeIDE/plugins/com.st.stm32cube.ide.mcu.externaltools.gnu-tools-for-stm32.12.3.rel1.win32_1.1.0.202410251130/tools/bin/../lib/gcc/arm-none-eabi/12.3.1/thumb/v7e-m+fp/hard/crti.o
                0x08007fd4                _init
 .init          0x08007fd8        0x8 C:/ST/STM32CubeIDE_1.17.0/STM32CubeIDE/plugins/com.st.stm32cube.ide.mcu.externaltools.gnu-tools-for-stm32.12.3.rel1.win32_1.1.0.202410251130/tools/bin/../lib/gcc/arm-none-eabi/12.3.1/thumb/v7e-m+fp/hard/crtn.o
 *(.fini)
 .fini          0x08007fe0        0x4 C:/ST/STM32CubeIDE_1.17.0/STM32CubeIDE/plugins/com.st.stm32cube.ide.mcu.externaltools.gnu-tools-for-stm32.12.3.rel1.win32_1.1.0.202410251130/tools/bin/../lib/gcc/arm-none-eabi/12.3.1/thumb/v7e-m+fp/hard/crti.o
                0x08007fe0                _fini
 .fini          0x08007fe4        0x8 C:/ST/STM32CubeIDE_1.17.0/STM32CubeIDE/plugins/com.st.stm32cube.ide.mcu.externaltools.gnu-tools-for-stm32.12.3.rel1.win32_1.1.0.202410251130/tools/bin/../lib/gcc/arm-none-eabi/12.3.1/thumb/v7e-m+fp/hard/crtn.o
                0x08007fec                        . = ALIGN (0x4)
                0x08007fec                        _etext = .

.vfp11_veneer   0x08007fec        0x0
 .vfp11_veneer  0x08007fec        0x0 linker stubs

.v4_bx          0x08007fec        0x0
 .v4_bx         0x08007fec        0x0 linker stubs

.iplt           0x08007fec        0x0
 .iplt          0x08007fec        0x0 C:/ST/STM32CubeIDE_1.17.0/STM32CubeIDE/plugins/com.st.stm32cube.ide.mcu.externaltools.gnu-tools-for-stm32.12.3.rel1.win32_1.1.0.202410251130/tools/bin/../lib/gcc/arm-none-eabi/12.3.1/thumb/v7e-m+fp/hard/crtbegin.o

.rodata         0x08007fec     0x302c
                0x08007fec                        . = ALIGN (0x4)
 *(.rodata)
 .rodata        0x08007fec       0x32 ./Core/Src/Modbus_Slave.o
 *fill*         0x0800801e        0x2 
 .rodata        0x08008020       0x55 ./Core/Src/main.o
 *(.rodata*)
 *fill*         0x08008075        0x3 
 .rodata.ascii_1608
                0x08008078      0x5f0 ./Core/Src/lcd.o
                0x08008078                ascii_1608
 .rodata.ascii_2412
                0x08008668     0x11d0 ./Core/Src/lcd.o
                0x08008668                ascii_2412
 .rodata.ascii_3216
                0x08009838     0x17c0 ./Core/Src/lcd.o
                0x08009838                ascii_3216
 .rodata.AHBPrescTable
                0x0800aff8       0x10 ./Core/Src/system_stm32f4xx.o
                0x0800aff8                AHBPrescTable
 .rodata.APBPrescTable
                0x0800b008        0x8 ./Core/Src/system_stm32f4xx.o
                0x0800b008                APBPrescTable
 .rodata.flagBitshiftOffset.0
                0x0800b010        0x8 ./Drivers/STM32F4xx_HAL_Driver/Src/stm32f4xx_hal_dma.o
                0x0800b018                        . = ALIGN (0x4)

.ARM.extab      0x0800b018        0x0
                0x0800b018                        . = ALIGN (0x4)
 *(.ARM.extab* .gnu.linkonce.armextab.*)
                0x0800b018                        . = ALIGN (0x4)

.ARM            0x0800b018        0x8
                0x0800b018                        . = ALIGN (0x4)
                0x0800b018                        __exidx_start = .
 *(.ARM.exidx*)
 .ARM.exidx     0x0800b018        0x8 C:/ST/STM32CubeIDE_1.17.0/STM32CubeIDE/plugins/com.st.stm32cube.ide.mcu.externaltools.gnu-tools-for-stm32.12.3.rel1.win32_1.1.0.202410251130/tools/bin/../lib/gcc/arm-none-eabi/12.3.1/thumb/v7e-m+fp/hard\libgcc.a(_udivmoddi4.o)
                0x0800b020                        __exidx_end = .
                0x0800b020                        . = ALIGN (0x4)

.rel.dyn        0x0800b020        0x0
 .rel.iplt      0x0800b020        0x0 C:/ST/STM32CubeIDE_1.17.0/STM32CubeIDE/plugins/com.st.stm32cube.ide.mcu.externaltools.gnu-tools-for-stm32.12.3.rel1.win32_1.1.0.202410251130/tools/bin/../lib/gcc/arm-none-eabi/12.3.1/thumb/v7e-m+fp/hard/crtbegin.o

.preinit_array  0x0800b020        0x0
                0x0800b020                        . = ALIGN (0x4)
                0x0800b020                        PROVIDE (__preinit_array_start = .)
 *(.preinit_array*)
                0x0800b020                        PROVIDE (__preinit_array_end = .)
                0x0800b020                        . = ALIGN (0x4)

.init_array     0x0800b020        0x4
                0x0800b020                        . = ALIGN (0x4)
                0x0800b020                        PROVIDE (__init_array_start = .)
 *(SORT_BY_NAME(.init_array.*))
 *(.init_array*)
 .init_array    0x0800b020        0x4 C:/ST/STM32CubeIDE_1.17.0/STM32CubeIDE/plugins/com.st.stm32cube.ide.mcu.externaltools.gnu-tools-for-stm32.12.3.rel1.win32_1.1.0.202410251130/tools/bin/../lib/gcc/arm-none-eabi/12.3.1/thumb/v7e-m+fp/hard/crtbegin.o
                0x0800b024                        PROVIDE (__init_array_end = .)
                0x0800b024                        . = ALIGN (0x4)

.fini_array     0x0800b024        0x4
                0x0800b024                        . = ALIGN (0x4)
                [!provide]                        PROVIDE (__fini_array_start = .)
 *(SORT_BY_NAME(.fini_array.*))
 *(.fini_array*)
 .fini_array    0x0800b024        0x4 C:/ST/STM32CubeIDE_1.17.0/STM32CubeIDE/plugins/com.st.stm32cube.ide.mcu.externaltools.gnu-tools-for-stm32.12.3.rel1.win32_1.1.0.202410251130/tools/bin/../lib/gcc/arm-none-eabi/12.3.1/thumb/v7e-m+fp/hard/crtbegin.o
                [!provide]                        PROVIDE (__fini_array_end = .)
                0x0800b028                        . = ALIGN (0x4)
                0x0800b028                        _sidata = LOADADDR (.data)

.data           0x20000000      0x214 load address 0x0800b028
                0x20000000                        . = ALIGN (0x4)
                0x20000000                        _sdata = .
 *(.data)
 *(.data*)
 .data.crc16_lookup_table
                0x20000000      0x200 ./Core/Src/crc16.o
                0x20000000                crc16_lookup_table
 .data.led_7seg
                0x20000200        0x4 ./Core/Src/led_7seg.o
 .data.spi_buffer
                0x20000204        0x2 ./Core/Src/led_7seg.o
 *fill*         0x20000206        0x2 
 .data.SystemCoreClock
                0x20000208        0x4 ./Core/Src/system_stm32f4xx.o
                0x20000208                SystemCoreClock
 .data.uwTickPrio
                0x2000020c        0x4 ./Drivers/STM32F4xx_HAL_Driver/Src/stm32f4xx_hal.o
                0x2000020c                uwTickPrio
 .data.uwTickFreq
                0x20000210        0x1 ./Drivers/STM32F4xx_HAL_Driver/Src/stm32f4xx_hal.o
                0x20000210                uwTickFreq
 *(.RamFunc)
 *(.RamFunc*)
                0x20000214                        . = ALIGN (0x4)
 *fill*         0x20000211        0x3 
                0x20000214                        _edata = .
                0x0800b23c                        _siccmram = LOADADDR (.ccmram)

.igot.plt       0x20000214        0x0 load address 0x0800b23c
 .igot.plt      0x20000214        0x0 C:/ST/STM32CubeIDE_1.17.0/STM32CubeIDE/plugins/com.st.stm32cube.ide.mcu.externaltools.gnu-tools-for-stm32.12.3.rel1.win32_1.1.0.202410251130/tools/bin/../lib/gcc/arm-none-eabi/12.3.1/thumb/v7e-m+fp/hard/crtbegin.o

.ccmram         0x10000000        0x0 load address 0x0800b23c
                0x10000000                        . = ALIGN (0x4)
                0x10000000                        _sccmram = .
 *(.ccmram)
 *(.ccmram*)
                0x10000000                        . = ALIGN (0x4)
                0x10000000                        _eccmram = .
                0x10000000                        . = ALIGN (0x4)

.bss            0x20000214      0x58c
                0x20000214                        _sbss = .
                0x20000214                        __bss_start__ = _sbss
 *(.bss)
 .bss           0x20000214       0x1c C:/ST/STM32CubeIDE_1.17.0/STM32CubeIDE/plugins/com.st.stm32cube.ide.mcu.externaltools.gnu-tools-for-stm32.12.3.rel1.win32_1.1.0.202410251130/tools/bin/../lib/gcc/arm-none-eabi/12.3.1/thumb/v7e-m+fp/hard/crtbegin.o
 *(.bss*)
 .bss.BKIT01    0x20000230        0xd ./Core/Src/Modbus_Slave.o
                0x20000230                BKIT01
 *fill*         0x2000023d        0x3 
 .bss.hadc1     0x20000240       0x48 ./Core/Src/adc.o
                0x20000240                hadc1
 .bss.hdma_adc1
                0x20000288       0x60 ./Core/Src/adc.o
                0x20000288                hdma_adc1
 .bss.hsram1    0x200002e8       0x50 ./Core/Src/fsmc.o
                0x200002e8                hsram1
 .bss.FSMC_Initialized
                0x20000338        0x4 ./Core/Src/fsmc.o
 .bss.hi2c1     0x2000033c       0x54 ./Core/Src/i2c.o
                0x2000033c                hi2c1
 .bss.lcddev    0x20000390        0x6 ./Core/Src/lcd.o
                0x20000390                lcddev
 .bss.led_7seg_index
                0x20000396        0x2 ./Core/Src/led_7seg.o
 .bss.count_adc
                0x20000398        0x1 ./Core/Src/main.o
                0x20000398                count_adc
 .bss.Receive_Flag
                0x20000399        0x1 ./Core/Src/rs485.o
                0x20000399                Receive_Flag
 *fill*         0x2000039a        0x2 
 .bss.slave     0x2000039c      0x20c ./Core/Src/rs485.o
                0x2000039c                slave
 .bss.adc_receive
                0x200005a8        0xa ./Core/Src/sensor.o
                0x200005a8                adc_receive
 *fill*         0x200005b2        0x2 
 .bss.timer_flag
                0x200005b4        0x5 ./Core/Src/software_timer.o
                0x200005b4                timer_flag
 *fill*         0x200005b9        0x3 
 .bss.timer_counter
                0x200005bc       0x14 ./Core/Src/software_timer.o
                0x200005bc                timer_counter
 .bss.timer2_flag
                0x200005d0        0x1 ./Core/Src/software_timer.o
                0x200005d0                timer2_flag
 *fill*         0x200005d1        0x1 
 .bss.timer2_counter
                0x200005d2        0x2 ./Core/Src/software_timer.o
                0x200005d2                timer2_counter
 .bss.timer2_mul
                0x200005d4        0x2 ./Core/Src/software_timer.o
                0x200005d4                timer2_mul
 .bss.timer4_flag
                0x200005d6        0x1 ./Core/Src/software_timer.o
                0x200005d6                timer4_flag
 *fill*         0x200005d7        0x1 
 .bss.timer4_counter
                0x200005d8        0x2 ./Core/Src/software_timer.o
                0x200005d8                timer4_counter
 .bss.timer4_mul
                0x200005da        0x2 ./Core/Src/software_timer.o
                0x200005da                timer4_mul
 .bss.hspi1     0x200005dc       0x58 ./Core/Src/spi.o
                0x200005dc                hspi1
 .bss.htim2     0x20000634       0x48 ./Core/Src/tim.o
                0x20000634                htim2
 .bss.htim4     0x2000067c       0x48 ./Core/Src/tim.o
                0x2000067c                htim4
 .bss.htim13    0x200006c4       0x48 ./Core/Src/tim.o
                0x200006c4                htim13
 .bss.huart1    0x2000070c       0x48 ./Core/Src/usart.o
                0x2000070c                huart1
 .bss.huart3    0x20000754       0x48 ./Core/Src/usart.o
                0x20000754                huart3
 .bss.uwTick    0x2000079c        0x4 ./Drivers/STM32F4xx_HAL_Driver/Src/stm32f4xx_hal.o
                0x2000079c                uwTick
 *(COMMON)
                0x200007a0                        . = ALIGN (0x4)
                0x200007a0                        _ebss = .
                0x200007a0                        __bss_end__ = _ebss

._user_heap_stack
                0x200007a0      0x600
                0x200007a0                        . = ALIGN (0x8)
                [!provide]                        PROVIDE (end = .)
                0x200007a0                        PROVIDE (_end = .)
                0x200009a0                        . = (. + _Min_Heap_Size)
 *fill*         0x200007a0      0x200 
                0x20000da0                        . = (. + _Min_Stack_Size)
 *fill*         0x200009a0      0x400 
                0x20000da0                        . = ALIGN (0x8)

/DISCARD/
 libc.a(*)
 libm.a(*)
 libgcc.a(*)

.ARM.attributes
                0x00000000       0x30
 *(.ARM.attributes)
 .ARM.attributes
                0x00000000       0x22 C:/ST/STM32CubeIDE_1.17.0/STM32CubeIDE/plugins/com.st.stm32cube.ide.mcu.externaltools.gnu-tools-for-stm32.12.3.rel1.win32_1.1.0.202410251130/tools/bin/../lib/gcc/arm-none-eabi/12.3.1/thumb/v7e-m+fp/hard/crti.o
 .ARM.attributes
                0x00000022       0x34 C:/ST/STM32CubeIDE_1.17.0/STM32CubeIDE/plugins/com.st.stm32cube.ide.mcu.externaltools.gnu-tools-for-stm32.12.3.rel1.win32_1.1.0.202410251130/tools/bin/../lib/gcc/arm-none-eabi/12.3.1/thumb/v7e-m+fp/hard/crtbegin.o
 .ARM.attributes
                0x00000056       0x34 ./Core/Src/Modbus_Slave.o
 .ARM.attributes
                0x0000008a       0x34 ./Core/Src/adc.o
 .ARM.attributes
                0x000000be       0x34 ./Core/Src/button.o
 .ARM.attributes
                0x000000f2       0x34 ./Core/Src/buzzer.o
 .ARM.attributes
                0x00000126       0x34 ./Core/Src/crc16.o
 .ARM.attributes
                0x0000015a       0x34 ./Core/Src/dma.o
 .ARM.attributes
                0x0000018e       0x34 ./Core/Src/fsmc.o
 .ARM.attributes
                0x000001c2       0x34 ./Core/Src/gpio.o
 .ARM.attributes
                0x000001f6       0x34 ./Core/Src/i2c.o
 .ARM.attributes
                0x0000022a       0x34 ./Core/Src/lcd.o
 .ARM.attributes
                0x0000025e       0x34 ./Core/Src/led_7seg.o
 .ARM.attributes
                0x00000292       0x34 ./Core/Src/main.o
 .ARM.attributes
                0x000002c6       0x34 ./Core/Src/rs485.o
 .ARM.attributes
                0x000002fa       0x34 ./Core/Src/sensor.o
 .ARM.attributes
                0x0000032e       0x34 ./Core/Src/software_timer.o
 .ARM.attributes
                0x00000362       0x34 ./Core/Src/spi.o
 .ARM.attributes
                0x00000396       0x34 ./Core/Src/stm32f4xx_hal_msp.o
 .ARM.attributes
                0x000003ca       0x34 ./Core/Src/stm32f4xx_it.o
 .ARM.attributes
                0x000003fe       0x34 ./Core/Src/system_stm32f4xx.o
 .ARM.attributes
                0x00000432       0x34 ./Core/Src/tim.o
 .ARM.attributes
                0x00000466       0x34 ./Core/Src/usart.o
 .ARM.attributes
                0x0000049a       0x21 ./Core/Startup/startup_stm32f407zetx.o
 .ARM.attributes
                0x000004bb       0x34 ./Drivers/STM32F4xx_HAL_Driver/Src/stm32f4xx_hal.o
 .ARM.attributes
                0x000004ef       0x34 ./Drivers/STM32F4xx_HAL_Driver/Src/stm32f4xx_hal_adc.o
 .ARM.attributes
                0x00000523       0x34 ./Drivers/STM32F4xx_HAL_Driver/Src/stm32f4xx_hal_cortex.o
 .ARM.attributes
                0x00000557       0x34 ./Drivers/STM32F4xx_HAL_Driver/Src/stm32f4xx_hal_dma.o
 .ARM.attributes
                0x0000058b       0x34 ./Drivers/STM32F4xx_HAL_Driver/Src/stm32f4xx_hal_gpio.o
 .ARM.attributes
                0x000005bf       0x34 ./Drivers/STM32F4xx_HAL_Driver/Src/stm32f4xx_hal_i2c.o
 .ARM.attributes
                0x000005f3       0x34 ./Drivers/STM32F4xx_HAL_Driver/Src/stm32f4xx_hal_rcc.o
 .ARM.attributes
                0x00000627       0x34 ./Drivers/STM32F4xx_HAL_Driver/Src/stm32f4xx_hal_spi.o
 .ARM.attributes
                0x0000065b       0x34 ./Drivers/STM32F4xx_HAL_Driver/Src/stm32f4xx_hal_sram.o
 .ARM.attributes
                0x0000068f       0x34 ./Drivers/STM32F4xx_HAL_Driver/Src/stm32f4xx_hal_tim.o
 .ARM.attributes
                0x000006c3       0x34 ./Drivers/STM32F4xx_HAL_Driver/Src/stm32f4xx_hal_tim_ex.o
 .ARM.attributes
                0x000006f7       0x34 ./Drivers/STM32F4xx_HAL_Driver/Src/stm32f4xx_hal_uart.o
 .ARM.attributes
                0x0000072b       0x34 ./Drivers/STM32F4xx_HAL_Driver/Src/stm32f4xx_ll_fsmc.o
 .ARM.attributes
                0x0000075f       0x34 C:/ST/STM32CubeIDE_1.17.0/STM32CubeIDE/plugins/com.st.stm32cube.ide.mcu.externaltools.gnu-tools-for-stm32.12.3.rel1.win32_1.1.0.202410251130/tools/bin/../lib/gcc/arm-none-eabi/12.3.1/../../../../arm-none-eabi/lib/thumb/v7e-m+fp/hard\libc_nano.a(libc_a-memset.o)
 .ARM.attributes
                0x00000793       0x34 C:/ST/STM32CubeIDE_1.17.0/STM32CubeIDE/plugins/com.st.stm32cube.ide.mcu.externaltools.gnu-tools-for-stm32.12.3.rel1.win32_1.1.0.202410251130/tools/bin/../lib/gcc/arm-none-eabi/12.3.1/../../../../arm-none-eabi/lib/thumb/v7e-m+fp/hard\libc_nano.a(libc_a-init.o)
 .ARM.attributes
                0x000007c7       0x22 C:/ST/STM32CubeIDE_1.17.0/STM32CubeIDE/plugins/com.st.stm32cube.ide.mcu.externaltools.gnu-tools-for-stm32.12.3.rel1.win32_1.1.0.202410251130/tools/bin/../lib/gcc/arm-none-eabi/12.3.1/thumb/v7e-m+fp/hard\libgcc.a(_arm_addsubdf3.o)
 .ARM.attributes
                0x000007e9       0x22 C:/ST/STM32CubeIDE_1.17.0/STM32CubeIDE/plugins/com.st.stm32cube.ide.mcu.externaltools.gnu-tools-for-stm32.12.3.rel1.win32_1.1.0.202410251130/tools/bin/../lib/gcc/arm-none-eabi/12.3.1/thumb/v7e-m+fp/hard\libgcc.a(_arm_muldivdf3.o)
 .ARM.attributes
                0x0000080b       0x22 C:/ST/STM32CubeIDE_1.17.0/STM32CubeIDE/plugins/com.st.stm32cube.ide.mcu.externaltools.gnu-tools-for-stm32.12.3.rel1.win32_1.1.0.202410251130/tools/bin/../lib/gcc/arm-none-eabi/12.3.1/thumb/v7e-m+fp/hard\libgcc.a(_arm_truncdfsf2.o)
 .ARM.attributes
                0x0000082d       0x22 C:/ST/STM32CubeIDE_1.17.0/STM32CubeIDE/plugins/com.st.stm32cube.ide.mcu.externaltools.gnu-tools-for-stm32.12.3.rel1.win32_1.1.0.202410251130/tools/bin/../lib/gcc/arm-none-eabi/12.3.1/thumb/v7e-m+fp/hard\libgcc.a(_aeabi_uldivmod.o)
 .ARM.attributes
                0x0000084f       0x34 C:/ST/STM32CubeIDE_1.17.0/STM32CubeIDE/plugins/com.st.stm32cube.ide.mcu.externaltools.gnu-tools-for-stm32.12.3.rel1.win32_1.1.0.202410251130/tools/bin/../lib/gcc/arm-none-eabi/12.3.1/thumb/v7e-m+fp/hard\libgcc.a(_udivmoddi4.o)
 .ARM.attributes
                0x00000883       0x22 C:/ST/STM32CubeIDE_1.17.0/STM32CubeIDE/plugins/com.st.stm32cube.ide.mcu.externaltools.gnu-tools-for-stm32.12.3.rel1.win32_1.1.0.202410251130/tools/bin/../lib/gcc/arm-none-eabi/12.3.1/thumb/v7e-m+fp/hard\libgcc.a(_dvmd_tls.o)
 .ARM.attributes
                0x000008a5       0x22 C:/ST/STM32CubeIDE_1.17.0/STM32CubeIDE/plugins/com.st.stm32cube.ide.mcu.externaltools.gnu-tools-for-stm32.12.3.rel1.win32_1.1.0.202410251130/tools/bin/../lib/gcc/arm-none-eabi/12.3.1/thumb/v7e-m+fp/hard/crtn.o
OUTPUT(Modbus_Project_Slave.elf elf32-littlearm)
LOAD linker stubs
LOAD C:/ST/STM32CubeIDE_1.17.0/STM32CubeIDE/plugins/com.st.stm32cube.ide.mcu.externaltools.gnu-tools-for-stm32.12.3.rel1.win32_1.1.0.202410251130/tools/bin/../lib/gcc/arm-none-eabi/12.3.1/../../../../arm-none-eabi/lib/thumb/v7e-m+fp/hard\libc.a
LOAD C:/ST/STM32CubeIDE_1.17.0/STM32CubeIDE/plugins/com.st.stm32cube.ide.mcu.externaltools.gnu-tools-for-stm32.12.3.rel1.win32_1.1.0.202410251130/tools/bin/../lib/gcc/arm-none-eabi/12.3.1/../../../../arm-none-eabi/lib/thumb/v7e-m+fp/hard\libm.a
LOAD C:/ST/STM32CubeIDE_1.17.0/STM32CubeIDE/plugins/com.st.stm32cube.ide.mcu.externaltools.gnu-tools-for-stm32.12.3.rel1.win32_1.1.0.202410251130/tools/bin/../lib/gcc/arm-none-eabi/12.3.1/thumb/v7e-m+fp/hard\libgcc.a

.debug_info     0x00000000    0x1ac68
 .debug_info    0x00000000      0xa00 ./Core/Src/Modbus_Slave.o
 .debug_info    0x00000a00      0x9f1 ./Core/Src/adc.o
 .debug_info    0x000013f1      0x777 ./Core/Src/button.o
 .debug_info    0x00001b68      0x6d4 ./Core/Src/buzzer.o
 .debug_info    0x0000223c      0x14b ./Core/Src/crc16.o
 .debug_info    0x00002387      0x4ad ./Core/Src/dma.o
 .debug_info    0x00002834      0x9ee ./Core/Src/fsmc.o
 .debug_info    0x00003222      0x479 ./Core/Src/gpio.o
 .debug_info    0x0000369b      0x968 ./Core/Src/i2c.o
 .debug_info    0x00004003      0xc29 ./Core/Src/lcd.o
 .debug_info    0x00004c2c      0x80d ./Core/Src/led_7seg.o
 .debug_info    0x00005439      0xea8 ./Core/Src/main.o
 .debug_info    0x000062e1      0xa7e ./Core/Src/rs485.o
 .debug_info    0x00006d5f      0x67f ./Core/Src/sensor.o
 .debug_info    0x000073de      0x8fe ./Core/Src/software_timer.o
 .debug_info    0x00007cdc      0x94d ./Core/Src/spi.o
 .debug_info    0x00008629      0x269 ./Core/Src/stm32f4xx_hal_msp.o
 .debug_info    0x00008892      0x9f4 ./Core/Src/stm32f4xx_it.o
 .debug_info    0x00009286      0x512 ./Core/Src/system_stm32f4xx.o
 .debug_info    0x00009798      0xefa ./Core/Src/tim.o
 .debug_info    0x0000a692      0xbe5 ./Core/Src/usart.o
 .debug_info    0x0000b277       0x30 ./Core/Startup/startup_stm32f407zetx.o
 .debug_info    0x0000b2a7      0x944 ./Drivers/STM32F4xx_HAL_Driver/Src/stm32f4xx_hal.o
 .debug_info    0x0000bbeb      0xcd4 ./Drivers/STM32F4xx_HAL_Driver/Src/stm32f4xx_hal_adc.o
 .debug_info    0x0000c8bf      0xd8c ./Drivers/STM32F4xx_HAL_Driver/Src/stm32f4xx_hal_cortex.o
 .debug_info    0x0000d64b      0x8e7 ./Drivers/STM32F4xx_HAL_Driver/Src/stm32f4xx_hal_dma.o
 .debug_info    0x0000df32      0x6c3 ./Drivers/STM32F4xx_HAL_Driver/Src/stm32f4xx_hal_gpio.o
 .debug_info    0x0000e5f5     0x2415 ./Drivers/STM32F4xx_HAL_Driver/Src/stm32f4xx_hal_i2c.o
 .debug_info    0x00010a0a      0x8af ./Drivers/STM32F4xx_HAL_Driver/Src/stm32f4xx_hal_rcc.o
 .debug_info    0x000112b9     0x1525 ./Drivers/STM32F4xx_HAL_Driver/Src/stm32f4xx_hal_spi.o
 .debug_info    0x000127de      0xd39 ./Drivers/STM32F4xx_HAL_Driver/Src/stm32f4xx_hal_sram.o
 .debug_info    0x00013517     0x299d ./Drivers/STM32F4xx_HAL_Driver/Src/stm32f4xx_hal_tim.o
 .debug_info    0x00015eb4     0x14db ./Drivers/STM32F4xx_HAL_Driver/Src/stm32f4xx_hal_tim_ex.o
 .debug_info    0x0001738f     0x2f4f ./Drivers/STM32F4xx_HAL_Driver/Src/stm32f4xx_hal_uart.o
 .debug_info    0x0001a2de      0x98a ./Drivers/STM32F4xx_HAL_Driver/Src/stm32f4xx_ll_fsmc.o

.debug_abbrev   0x00000000     0x4667
 .debug_abbrev  0x00000000      0x241 ./Core/Src/Modbus_Slave.o
 .debug_abbrev  0x00000241      0x205 ./Core/Src/adc.o
 .debug_abbrev  0x00000446      0x1d1 ./Core/Src/button.o
 .debug_abbrev  0x00000617      0x1a1 ./Core/Src/buzzer.o
 .debug_abbrev  0x000007b8       0xca ./Core/Src/crc16.o
 .debug_abbrev  0x00000882      0x10e ./Core/Src/dma.o
 .debug_abbrev  0x00000990      0x212 ./Core/Src/fsmc.o
 .debug_abbrev  0x00000ba2      0x152 ./Core/Src/gpio.o
 .debug_abbrev  0x00000cf4      0x1f1 ./Core/Src/i2c.o
 .debug_abbrev  0x00000ee5      0x328 ./Core/Src/lcd.o
 .debug_abbrev  0x0000120d      0x1d1 ./Core/Src/led_7seg.o
 .debug_abbrev  0x000013de      0x305 ./Core/Src/main.o
 .debug_abbrev  0x000016e3      0x24c ./Core/Src/rs485.o
 .debug_abbrev  0x0000192f      0x1a8 ./Core/Src/sensor.o
 .debug_abbrev  0x00001ad7      0x231 ./Core/Src/software_timer.o
 .debug_abbrev  0x00001d08      0x1fa ./Core/Src/spi.o
 .debug_abbrev  0x00001f02       0xd8 ./Core/Src/stm32f4xx_hal_msp.o
 .debug_abbrev  0x00001fda      0x1b4 ./Core/Src/stm32f4xx_it.o
 .debug_abbrev  0x0000218e      0x11a ./Core/Src/system_stm32f4xx.o
 .debug_abbrev  0x000022a8      0x22c ./Core/Src/tim.o
 .debug_abbrev  0x000024d4      0x21e ./Core/Src/usart.o
 .debug_abbrev  0x000026f2       0x24 ./Core/Startup/startup_stm32f407zetx.o
 .debug_abbrev  0x00002716      0x214 ./Drivers/STM32F4xx_HAL_Driver/Src/stm32f4xx_hal.o
 .debug_abbrev  0x0000292a      0x252 ./Drivers/STM32F4xx_HAL_Driver/Src/stm32f4xx_hal_adc.o
 .debug_abbrev  0x00002b7c      0x31d ./Drivers/STM32F4xx_HAL_Driver/Src/stm32f4xx_hal_cortex.o
 .debug_abbrev  0x00002e99      0x264 ./Drivers/STM32F4xx_HAL_Driver/Src/stm32f4xx_hal_dma.o
 .debug_abbrev  0x000030fd      0x1d4 ./Drivers/STM32F4xx_HAL_Driver/Src/stm32f4xx_hal_gpio.o
 .debug_abbrev  0x000032d1      0x2ad ./Drivers/STM32F4xx_HAL_Driver/Src/stm32f4xx_hal_i2c.o
 .debug_abbrev  0x0000357e      0x2b7 ./Drivers/STM32F4xx_HAL_Driver/Src/stm32f4xx_hal_rcc.o
 .debug_abbrev  0x00003835      0x27a ./Drivers/STM32F4xx_HAL_Driver/Src/stm32f4xx_hal_spi.o
 .debug_abbrev  0x00003aaf      0x20c ./Drivers/STM32F4xx_HAL_Driver/Src/stm32f4xx_hal_sram.o
 .debug_abbrev  0x00003cbb      0x278 ./Drivers/STM32F4xx_HAL_Driver/Src/stm32f4xx_hal_tim.o
 .debug_abbrev  0x00003f33      0x283 ./Drivers/STM32F4xx_HAL_Driver/Src/stm32f4xx_hal_tim_ex.o
 .debug_abbrev  0x000041b6      0x30e ./Drivers/STM32F4xx_HAL_Driver/Src/stm32f4xx_hal_uart.o
 .debug_abbrev  0x000044c4      0x1a3 ./Drivers/STM32F4xx_HAL_Driver/Src/stm32f4xx_ll_fsmc.o

.debug_aranges  0x00000000     0x1768
 .debug_aranges
                0x00000000       0x58 ./Core/Src/Modbus_Slave.o
 .debug_aranges
                0x00000058       0x30 ./Core/Src/adc.o
 .debug_aranges
                0x00000088       0x28 ./Core/Src/button.o
 .debug_aranges
                0x000000b0       0x28 ./Core/Src/buzzer.o
 .debug_aranges
                0x000000d8       0x20 ./Core/Src/crc16.o
 .debug_aranges
                0x000000f8       0x20 ./Core/Src/dma.o
 .debug_aranges
                0x00000118       0x40 ./Core/Src/fsmc.o
 .debug_aranges
                0x00000158       0x20 ./Core/Src/gpio.o
 .debug_aranges
                0x00000178       0x30 ./Core/Src/i2c.o
 .debug_aranges
                0x000001a8       0xd8 ./Core/Src/lcd.o
 .debug_aranges
                0x00000280       0x48 ./Core/Src/led_7seg.o
 .debug_aranges
                0x000002c8       0x68 ./Core/Src/main.o
 .debug_aranges
                0x00000330       0x50 ./Core/Src/rs485.o
 .debug_aranges
                0x00000380       0x50 ./Core/Src/sensor.o
 .debug_aranges
                0x000003d0       0x60 ./Core/Src/software_timer.o
 .debug_aranges
                0x00000430       0x30 ./Core/Src/spi.o
 .debug_aranges
                0x00000460       0x20 ./Core/Src/stm32f4xx_hal_msp.o
 .debug_aranges
                0x00000480       0x88 ./Core/Src/stm32f4xx_it.o
 .debug_aranges
                0x00000508       0x28 ./Core/Src/system_stm32f4xx.o
 .debug_aranges
                0x00000530       0x48 ./Core/Src/tim.o
 .debug_aranges
                0x00000578       0x38 ./Core/Src/usart.o
 .debug_aranges
                0x000005b0       0x28 ./Core/Startup/startup_stm32f407zetx.o
 .debug_aranges
                0x000005d8       0xf0 ./Drivers/STM32F4xx_HAL_Driver/Src/stm32f4xx_hal.o
 .debug_aranges
                0x000006c8       0xe8 ./Drivers/STM32F4xx_HAL_Driver/Src/stm32f4xx_hal_adc.o
 .debug_aranges
                0x000007b0      0x130 ./Drivers/STM32F4xx_HAL_Driver/Src/stm32f4xx_hal_cortex.o
 .debug_aranges
                0x000008e0       0x90 ./Drivers/STM32F4xx_HAL_Driver/Src/stm32f4xx_hal_dma.o
 .debug_aranges
                0x00000970       0x58 ./Drivers/STM32F4xx_HAL_Driver/Src/stm32f4xx_hal_gpio.o
 .debug_aranges
                0x000009c8      0x2a8 ./Drivers/STM32F4xx_HAL_Driver/Src/stm32f4xx_hal_i2c.o
 .debug_aranges
                0x00000c70       0x88 ./Drivers/STM32F4xx_HAL_Driver/Src/stm32f4xx_hal_rcc.o
 .debug_aranges
                0x00000cf8      0x1d0 ./Drivers/STM32F4xx_HAL_Driver/Src/stm32f4xx_hal_spi.o
 .debug_aranges
                0x00000ec8       0xb8 ./Drivers/STM32F4xx_HAL_Driver/Src/stm32f4xx_hal_sram.o
 .debug_aranges
                0x00000f80      0x3d0 ./Drivers/STM32F4xx_HAL_Driver/Src/stm32f4xx_hal_tim.o
 .debug_aranges
                0x00001350      0x168 ./Drivers/STM32F4xx_HAL_Driver/Src/stm32f4xx_hal_tim_ex.o
 .debug_aranges
                0x000014b8      0x208 ./Drivers/STM32F4xx_HAL_Driver/Src/stm32f4xx_hal_uart.o
 .debug_aranges
                0x000016c0       0xa8 ./Drivers/STM32F4xx_HAL_Driver/Src/stm32f4xx_ll_fsmc.o

.debug_rnglists
                0x00000000     0x1220
 .debug_rnglists
                0x00000000       0x40 ./Core/Src/Modbus_Slave.o
 .debug_rnglists
                0x00000040       0x21 ./Core/Src/adc.o
 .debug_rnglists
                0x00000061       0x1a ./Core/Src/button.o
 .debug_rnglists
                0x0000007b       0x19 ./Core/Src/buzzer.o
 .debug_rnglists
                0x00000094       0x13 ./Core/Src/crc16.o
 .debug_rnglists
                0x000000a7       0x13 ./Core/Src/dma.o
 .debug_rnglists
                0x000000ba       0x2d ./Core/Src/fsmc.o
 .debug_rnglists
                0x000000e7       0x14 ./Core/Src/gpio.o
 .debug_rnglists
                0x000000fb       0x20 ./Core/Src/i2c.o
 .debug_rnglists
                0x0000011b       0xa8 ./Core/Src/lcd.o
 .debug_rnglists
                0x000001c3       0x32 ./Core/Src/led_7seg.o
 .debug_rnglists
                0x000001f5       0x4c ./Core/Src/main.o
 .debug_rnglists
                0x00000241       0x39 ./Core/Src/rs485.o
 .debug_rnglists
                0x0000027a       0x38 ./Core/Src/sensor.o
 .debug_rnglists
                0x000002b2       0x44 ./Core/Src/software_timer.o
 .debug_rnglists
                0x000002f6       0x20 ./Core/Src/spi.o
 .debug_rnglists
                0x00000316       0x13 ./Core/Src/stm32f4xx_hal_msp.o
 .debug_rnglists
                0x00000329       0x61 ./Core/Src/stm32f4xx_it.o
 .debug_rnglists
                0x0000038a       0x1a ./Core/Src/system_stm32f4xx.o
 .debug_rnglists
                0x000003a4       0x35 ./Core/Src/tim.o
 .debug_rnglists
                0x000003d9       0x26 ./Core/Src/usart.o
 .debug_rnglists
                0x000003ff       0x19 ./Core/Startup/startup_stm32f407zetx.o
 .debug_rnglists
                0x00000418       0xaf ./Drivers/STM32F4xx_HAL_Driver/Src/stm32f4xx_hal.o
 .debug_rnglists
                0x000004c7       0xb5 ./Drivers/STM32F4xx_HAL_Driver/Src/stm32f4xx_hal_adc.o
 .debug_rnglists
                0x0000057c       0xe0 ./Drivers/STM32F4xx_HAL_Driver/Src/stm32f4xx_hal_cortex.o
 .debug_rnglists
                0x0000065c       0x70 ./Drivers/STM32F4xx_HAL_Driver/Src/stm32f4xx_hal_dma.o
 .debug_rnglists
                0x000006cc       0x3f ./Drivers/STM32F4xx_HAL_Driver/Src/stm32f4xx_hal_gpio.o
 .debug_rnglists
                0x0000070b      0x23c ./Drivers/STM32F4xx_HAL_Driver/Src/stm32f4xx_hal_i2c.o
 .debug_rnglists
                0x00000947       0x66 ./Drivers/STM32F4xx_HAL_Driver/Src/stm32f4xx_hal_rcc.o
 .debug_rnglists
                0x000009ad      0x16f ./Drivers/STM32F4xx_HAL_Driver/Src/stm32f4xx_hal_spi.o
 .debug_rnglists
                0x00000b1c       0x8d ./Drivers/STM32F4xx_HAL_Driver/Src/stm32f4xx_hal_sram.o
 .debug_rnglists
                0x00000ba9      0x31a ./Drivers/STM32F4xx_HAL_Driver/Src/stm32f4xx_hal_tim.o
 .debug_rnglists
                0x00000ec3      0x125 ./Drivers/STM32F4xx_HAL_Driver/Src/stm32f4xx_hal_tim_ex.o
 .debug_rnglists
                0x00000fe8      0x1bc ./Drivers/STM32F4xx_HAL_Driver/Src/stm32f4xx_hal_uart.o
 .debug_rnglists
                0x000011a4       0x7c ./Drivers/STM32F4xx_HAL_Driver/Src/stm32f4xx_ll_fsmc.o

.debug_macro    0x00000000    0x26561
 .debug_macro   0x00000000      0x38b ./Core/Src/Modbus_Slave.o
 .debug_macro   0x0000038b      0xab4 ./Core/Src/Modbus_Slave.o
 .debug_macro   0x00000e3f      0x2b3 ./Core/Src/Modbus_Slave.o
 .debug_macro   0x000010f2       0x2e ./Core/Src/Modbus_Slave.o
 .debug_macro   0x00001120       0x2f ./Core/Src/Modbus_Slave.o
 .debug_macro   0x0000114f       0x22 ./Core/Src/Modbus_Slave.o
 .debug_macro   0x00001171       0x8e ./Core/Src/Modbus_Slave.o
 .debug_macro   0x000011ff       0x51 ./Core/Src/Modbus_Slave.o
 .debug_macro   0x00001250      0x103 ./Core/Src/Modbus_Slave.o
 .debug_macro   0x00001353       0x6a ./Core/Src/Modbus_Slave.o
 .debug_macro   0x000013bd      0x1df ./Core/Src/Modbus_Slave.o
 .debug_macro   0x0000159c       0x1c ./Core/Src/Modbus_Slave.o
 .debug_macro   0x000015b8       0x22 ./Core/Src/Modbus_Slave.o
 .debug_macro   0x000015da       0xfb ./Core/Src/Modbus_Slave.o
 .debug_macro   0x000016d5     0x1011 ./Core/Src/Modbus_Slave.o
 .debug_macro   0x000026e6      0x11f ./Core/Src/Modbus_Slave.o
 .debug_macro   0x00002805    0x15e97 ./Core/Src/Modbus_Slave.o
 .debug_macro   0x0001869c       0x6d ./Core/Src/Modbus_Slave.o
 .debug_macro   0x00018709     0x369a ./Core/Src/Modbus_Slave.o
 .debug_macro   0x0001bda3      0x189 ./Core/Src/Modbus_Slave.o
 .debug_macro   0x0001bf2c       0x5c ./Core/Src/Modbus_Slave.o
 .debug_macro   0x0001bf88      0x980 ./Core/Src/Modbus_Slave.o
 .debug_macro   0x0001c908      0x9e9 ./Core/Src/Modbus_Slave.o
 .debug_macro   0x0001d2f1      0x115 ./Core/Src/Modbus_Slave.o
 .debug_macro   0x0001d406      0x13e ./Core/Src/Modbus_Slave.o
 .debug_macro   0x0001d544       0xa5 ./Core/Src/Modbus_Slave.o
 .debug_macro   0x0001d5e9      0x174 ./Core/Src/Modbus_Slave.o
 .debug_macro   0x0001d75d      0x287 ./Core/Src/Modbus_Slave.o
 .debug_macro   0x0001d9e4       0x5f ./Core/Src/Modbus_Slave.o
 .debug_macro   0x0001da43      0x236 ./Core/Src/Modbus_Slave.o
 .debug_macro   0x0001dc79      0xb5b ./Core/Src/Modbus_Slave.o
 .debug_macro   0x0001e7d4      0x38b ./Core/Src/Modbus_Slave.o
 .debug_macro   0x0001eb5f      0x176 ./Core/Src/Modbus_Slave.o
 .debug_macro   0x0001ecd5       0xf9 ./Core/Src/Modbus_Slave.o
 .debug_macro   0x0001edce      0x12c ./Core/Src/Modbus_Slave.o
 .debug_macro   0x0001eefa      0x21e ./Core/Src/Modbus_Slave.o
 .debug_macro   0x0001f118       0x2e ./Core/Src/Modbus_Slave.o
 .debug_macro   0x0001f146      0x516 ./Core/Src/Modbus_Slave.o
 .debug_macro   0x0001f65c      0x1b5 ./Core/Src/Modbus_Slave.o
 .debug_macro   0x0001f811       0xd6 ./Core/Src/Modbus_Slave.o
 .debug_macro   0x0001f8e7      0x127 ./Core/Src/Modbus_Slave.o
 .debug_macro   0x0001fa0e       0x7e ./Core/Src/Modbus_Slave.o
 .debug_macro   0x0001fa8c       0x89 ./Core/Src/Modbus_Slave.o
 .debug_macro   0x0001fb15      0x225 ./Core/Src/Modbus_Slave.o
 .debug_macro   0x0001fd3a      0x8ed ./Core/Src/Modbus_Slave.o
 .debug_macro   0x00020627       0x4d ./Core/Src/Modbus_Slave.o
 .debug_macro   0x00020674      0x2aa ./Core/Src/Modbus_Slave.o
 .debug_macro   0x0002091e      0x12d ./Core/Src/Modbus_Slave.o
 .debug_macro   0x00020a4b       0x94 ./Core/Src/Modbus_Slave.o
 .debug_macro   0x00020adf       0x2a ./Core/Src/Modbus_Slave.o
 .debug_macro   0x00020b09       0x61 ./Core/Src/Modbus_Slave.o
 .debug_macro   0x00020b6a       0x43 ./Core/Src/Modbus_Slave.o
 .debug_macro   0x00020bad       0x34 ./Core/Src/Modbus_Slave.o
 .debug_macro   0x00020be1       0x16 ./Core/Src/Modbus_Slave.o
 .debug_macro   0x00020bf7       0x35 ./Core/Src/Modbus_Slave.o
 .debug_macro   0x00020c2c       0x16 ./Core/Src/Modbus_Slave.o
 .debug_macro   0x00020c42       0x43 ./Core/Src/Modbus_Slave.o
 .debug_macro   0x00020c85       0x34 ./Core/Src/Modbus_Slave.o
 .debug_macro   0x00020cb9       0x10 ./Core/Src/Modbus_Slave.o
 .debug_macro   0x00020cc9       0x58 ./Core/Src/Modbus_Slave.o
 .debug_macro   0x00020d21       0x8e ./Core/Src/Modbus_Slave.o
 .debug_macro   0x00020daf       0x1c ./Core/Src/Modbus_Slave.o
 .debug_macro   0x00020dcb      0x177 ./Core/Src/Modbus_Slave.o
 .debug_macro   0x00020f42      0x369 ./Core/Src/Modbus_Slave.o
 .debug_macro   0x000212ab       0x16 ./Core/Src/Modbus_Slave.o
 .debug_macro   0x000212c1       0x29 ./Core/Src/Modbus_Slave.o
 .debug_macro   0x000212ea       0x16 ./Core/Src/Modbus_Slave.o
 .debug_macro   0x00021300       0x20 ./Core/Src/Modbus_Slave.o
 .debug_macro   0x00021320       0x3a ./Core/Src/Modbus_Slave.o
 .debug_macro   0x0002135a       0x28 ./Core/Src/Modbus_Slave.o
 .debug_macro   0x00021382       0xca ./Core/Src/Modbus_Slave.o
 .debug_macro   0x0002144c      0x24e ./Core/Src/adc.o
 .debug_macro   0x0002169a      0x262 ./Core/Src/button.o
 .debug_macro   0x000218fc      0x258 ./Core/Src/buzzer.o
 .debug_macro   0x00021b54      0x13e ./Core/Src/crc16.o
 .debug_macro   0x00021c92      0x11c ./Core/Src/crc16.o
 .debug_macro   0x00021dae       0x94 ./Core/Src/crc16.o
 .debug_macro   0x00021e42      0x24e ./Core/Src/dma.o
 .debug_macro   0x00022090      0x24e ./Core/Src/fsmc.o
 .debug_macro   0x000222de      0x24e ./Core/Src/gpio.o
 .debug_macro   0x0002252c      0x24e ./Core/Src/i2c.o
 .debug_macro   0x0002277a      0x36d ./Core/Src/lcd.o
 .debug_macro   0x00022ae7      0x258 ./Core/Src/led_7seg.o
 .debug_macro   0x00022d3f      0x417 ./Core/Src/main.o
 .debug_macro   0x00023156       0x1c ./Core/Src/main.o
 .debug_macro   0x00023172       0x34 ./Core/Src/main.o
 .debug_macro   0x000231a6      0x359 ./Core/Src/rs485.o
 .debug_macro   0x000234ff      0x258 ./Core/Src/sensor.o
 .debug_macro   0x00023757      0x267 ./Core/Src/software_timer.o
 .debug_macro   0x000239be       0x16 ./Core/Src/software_timer.o
 .debug_macro   0x000239d4      0x24e ./Core/Src/spi.o
 .debug_macro   0x00023c22      0x244 ./Core/Src/stm32f4xx_hal_msp.o
 .debug_macro   0x00023e66      0x24e ./Core/Src/stm32f4xx_it.o
 .debug_macro   0x000240b4      0x235 ./Core/Src/system_stm32f4xx.o
 .debug_macro   0x000242e9      0x24e ./Core/Src/tim.o
 .debug_macro   0x00024537      0x24e ./Core/Src/usart.o
 .debug_macro   0x00024785      0x295 ./Drivers/STM32F4xx_HAL_Driver/Src/stm32f4xx_hal.o
 .debug_macro   0x00024a1a      0x236 ./Drivers/STM32F4xx_HAL_Driver/Src/stm32f4xx_hal_adc.o
 .debug_macro   0x00024c50      0x235 ./Drivers/STM32F4xx_HAL_Driver/Src/stm32f4xx_hal_cortex.o
 .debug_macro   0x00024e85      0x23b ./Drivers/STM32F4xx_HAL_Driver/Src/stm32f4xx_hal_dma.o
 .debug_macro   0x000250c0      0x23b ./Drivers/STM32F4xx_HAL_Driver/Src/stm32f4xx_hal_gpio.o
 .debug_macro   0x000252fb      0x283 ./Drivers/STM32F4xx_HAL_Driver/Src/stm32f4xx_hal_i2c.o
 .debug_macro   0x0002557e      0x259 ./Drivers/STM32F4xx_HAL_Driver/Src/stm32f4xx_hal_rcc.o
 .debug_macro   0x000257d7      0x244 ./Drivers/STM32F4xx_HAL_Driver/Src/stm32f4xx_hal_spi.o
 .debug_macro   0x00025a1b      0x235 ./Drivers/STM32F4xx_HAL_Driver/Src/stm32f4xx_hal_sram.o
 .debug_macro   0x00025c50      0x236 ./Drivers/STM32F4xx_HAL_Driver/Src/stm32f4xx_hal_tim.o
 .debug_macro   0x00025e86      0x235 ./Drivers/STM32F4xx_HAL_Driver/Src/stm32f4xx_hal_tim_ex.o
 .debug_macro   0x000260bb      0x236 ./Drivers/STM32F4xx_HAL_Driver/Src/stm32f4xx_hal_uart.o
 .debug_macro   0x000262f1      0x270 ./Drivers/STM32F4xx_HAL_Driver/Src/stm32f4xx_ll_fsmc.o

.debug_line     0x00000000    0x20d0b
 .debug_line    0x00000000      0xb3b ./Core/Src/Modbus_Slave.o
 .debug_line    0x00000b3b      0x8f4 ./Core/Src/adc.o
 .debug_line    0x0000142f      0x88a ./Core/Src/button.o
 .debug_line    0x00001cb9      0x827 ./Core/Src/buzzer.o
 .debug_line    0x000024e0      0x5d5 ./Core/Src/crc16.o
 .debug_line    0x00002ab5      0x800 ./Core/Src/dma.o
 .debug_line    0x000032b5      0x905 ./Core/Src/fsmc.o
 .debug_line    0x00003bba      0x864 ./Core/Src/gpio.o
 .debug_line    0x0000441e      0x86e ./Core/Src/i2c.o
 .debug_line    0x00004c8c     0x1056 ./Core/Src/lcd.o
 .debug_line    0x00005ce2      0x8f8 ./Core/Src/led_7seg.o
 .debug_line    0x000065da      0xc06 ./Core/Src/main.o
 .debug_line    0x000071e0      0xb7c ./Core/Src/rs485.o
 .debug_line    0x00007d5c      0x8c1 ./Core/Src/sensor.o
 .debug_line    0x0000861d      0x97e ./Core/Src/software_timer.o
 .debug_line    0x00008f9b      0x876 ./Core/Src/spi.o
 .debug_line    0x00009811      0x805 ./Core/Src/stm32f4xx_hal_msp.o
 .debug_line    0x0000a016      0x93f ./Core/Src/stm32f4xx_it.o
 .debug_line    0x0000a955      0x889 ./Core/Src/system_stm32f4xx.o
 .debug_line    0x0000b1de      0x987 ./Core/Src/tim.o
 .debug_line    0x0000bb65      0x8de ./Core/Src/usart.o
 .debug_line    0x0000c443       0x7a ./Core/Startup/startup_stm32f407zetx.o
 .debug_line    0x0000c4bd      0xaf2 ./Drivers/STM32F4xx_HAL_Driver/Src/stm32f4xx_hal.o
 .debug_line    0x0000cfaf     0x137a ./Drivers/STM32F4xx_HAL_Driver/Src/stm32f4xx_hal_adc.o
 .debug_line    0x0000e329      0xde4 ./Drivers/STM32F4xx_HAL_Driver/Src/stm32f4xx_hal_cortex.o
 .debug_line    0x0000f10d     0x1062 ./Drivers/STM32F4xx_HAL_Driver/Src/stm32f4xx_hal_dma.o
 .debug_line    0x0001016f      0xc7e ./Drivers/STM32F4xx_HAL_Driver/Src/stm32f4xx_hal_gpio.o
 .debug_line    0x00010ded     0x3c38 ./Drivers/STM32F4xx_HAL_Driver/Src/stm32f4xx_hal_i2c.o
 .debug_line    0x00014a25      0xe7d ./Drivers/STM32F4xx_HAL_Driver/Src/stm32f4xx_hal_rcc.o
 .debug_line    0x000158a2     0x1e10 ./Drivers/STM32F4xx_HAL_Driver/Src/stm32f4xx_hal_spi.o
 .debug_line    0x000176b2      0xe07 ./Drivers/STM32F4xx_HAL_Driver/Src/stm32f4xx_hal_sram.o
 .debug_line    0x000184b9     0x3896 ./Drivers/STM32F4xx_HAL_Driver/Src/stm32f4xx_hal_tim.o
 .debug_line    0x0001bd4f     0x1ae8 ./Drivers/STM32F4xx_HAL_Driver/Src/stm32f4xx_hal_tim_ex.o
 .debug_line    0x0001d837     0x29c4 ./Drivers/STM32F4xx_HAL_Driver/Src/stm32f4xx_hal_uart.o
 .debug_line    0x000201fb      0xb10 ./Drivers/STM32F4xx_HAL_Driver/Src/stm32f4xx_ll_fsmc.o

.debug_str      0x00000000    0xdff0e
 .debug_str     0x00000000    0xd9bda ./Core/Src/Modbus_Slave.o
                              0xd9f1f (size before relaxing)
 .debug_str     0x000d9bda      0x3e9 ./Core/Src/adc.o
                              0xd680a (size before relaxing)
 .debug_str     0x000d9fc3      0x23a ./Core/Src/button.o
                              0xd6706 (size before relaxing)
 .debug_str     0x000da1fd      0x2e0 ./Core/Src/buzzer.o
                              0xd6765 (size before relaxing)
 .debug_str     0x000da4dd       0x37 ./Core/Src/crc16.o
                               0x7294 (size before relaxing)
 .debug_str     0x000da514      0x52c ./Core/Src/dma.o
                              0xd67c4 (size before relaxing)
 .debug_str     0x000daa40      0x290 ./Core/Src/fsmc.o
                              0xd68c4 (size before relaxing)
 .debug_str     0x000dacd0       0x20 ./Core/Src/gpio.o
                              0xd6372 (size before relaxing)
 .debug_str     0x000dacf0      0x2bb ./Core/Src/i2c.o
                              0xd68a1 (size before relaxing)
 .debug_str     0x000dafab      0x28a ./Core/Src/lcd.o
                              0xd9919 (size before relaxing)
 .debug_str     0x000db235       0xe5 ./Core/Src/led_7seg.o
                              0xd6783 (size before relaxing)
 .debug_str     0x000db31a      0x3ac ./Core/Src/main.o
                              0xda3df (size before relaxing)
 .debug_str     0x000db6c6       0xc8 ./Core/Src/rs485.o
                              0xd9b93 (size before relaxing)
 .debug_str     0x000db78e       0x33 ./Core/Src/sensor.o
                              0xd666e (size before relaxing)
 .debug_str     0x000db7c1      0x10d ./Core/Src/software_timer.o
                              0xd68aa (size before relaxing)
 .debug_str     0x000db8ce       0x4b ./Core/Src/spi.o
                              0xd67fe (size before relaxing)
 .debug_str     0x000db919       0x2c ./Core/Src/stm32f4xx_hal_msp.o
                              0xd62a7 (size before relaxing)
 .debug_str     0x000db945      0x15f ./Core/Src/stm32f4xx_it.o
                              0xd6a3f (size before relaxing)
 .debug_str     0x000dbaa4       0xdb ./Core/Src/system_stm32f4xx.o
                              0xd6101 (size before relaxing)
 .debug_str     0x000dbb7f      0x1ef ./Core/Src/tim.o
                              0xd6fee (size before relaxing)
 .debug_str     0x000dbd6e       0x51 ./Core/Src/usart.o
                              0xd6d7e (size before relaxing)
 .debug_str     0x000dbdbf       0x44 ./Core/Startup/startup_stm32f407zetx.o
                                 0x74 (size before relaxing)
 .debug_str     0x000dbe03      0x5f7 ./Drivers/STM32F4xx_HAL_Driver/Src/stm32f4xx_hal.o
                              0xd6c85 (size before relaxing)
 .debug_str     0x000dc3fa      0x2ac ./Drivers/STM32F4xx_HAL_Driver/Src/stm32f4xx_hal_adc.o
                              0xd66ee (size before relaxing)
 .debug_str     0x000dc6a6      0x36b ./Drivers/STM32F4xx_HAL_Driver/Src/stm32f4xx_hal_cortex.o
                              0xd6a01 (size before relaxing)
 .debug_str     0x000dca11      0x2c7 ./Drivers/STM32F4xx_HAL_Driver/Src/stm32f4xx_hal_dma.o
                              0xd651b (size before relaxing)
 .debug_str     0x000dccd8      0x109 ./Drivers/STM32F4xx_HAL_Driver/Src/stm32f4xx_hal_gpio.o
                              0xd627c (size before relaxing)
 .debug_str     0x000dcde1      0xb09 ./Drivers/STM32F4xx_HAL_Driver/Src/stm32f4xx_hal_i2c.o
                              0xd711f (size before relaxing)
 .debug_str     0x000dd8ea      0x213 ./Drivers/STM32F4xx_HAL_Driver/Src/stm32f4xx_hal_rcc.o
                              0xd6535 (size before relaxing)
 .debug_str     0x000ddafd      0x536 ./Drivers/STM32F4xx_HAL_Driver/Src/stm32f4xx_hal_spi.o
                              0xd69bf (size before relaxing)
 .debug_str     0x000de033      0x1eb ./Drivers/STM32F4xx_HAL_Driver/Src/stm32f4xx_hal_sram.o
                              0xd66ff (size before relaxing)
 .debug_str     0x000de21e      0xcfd ./Drivers/STM32F4xx_HAL_Driver/Src/stm32f4xx_hal_tim.o
                              0xd748b (size before relaxing)
 .debug_str     0x000def1b      0x493 ./Drivers/STM32F4xx_HAL_Driver/Src/stm32f4xx_hal_tim_ex.o
                              0xd6c97 (size before relaxing)
 .debug_str     0x000df3ae      0x5a4 ./Drivers/STM32F4xx_HAL_Driver/Src/stm32f4xx_hal_uart.o
                              0xd6b16 (size before relaxing)
 .debug_str     0x000df952      0x5bc ./Drivers/STM32F4xx_HAL_Driver/Src/stm32f4xx_ll_fsmc.o
                              0xd696c (size before relaxing)

.comment        0x00000000       0x43
 .comment       0x00000000       0x43 ./Core/Src/Modbus_Slave.o
                                 0x44 (size before relaxing)
 .comment       0x00000043       0x44 ./Core/Src/adc.o
 .comment       0x00000043       0x44 ./Core/Src/button.o
 .comment       0x00000043       0x44 ./Core/Src/buzzer.o
 .comment       0x00000043       0x44 ./Core/Src/crc16.o
 .comment       0x00000043       0x44 ./Core/Src/dma.o
 .comment       0x00000043       0x44 ./Core/Src/fsmc.o
 .comment       0x00000043       0x44 ./Core/Src/gpio.o
 .comment       0x00000043       0x44 ./Core/Src/i2c.o
 .comment       0x00000043       0x44 ./Core/Src/lcd.o
 .comment       0x00000043       0x44 ./Core/Src/led_7seg.o
 .comment       0x00000043       0x44 ./Core/Src/main.o
 .comment       0x00000043       0x44 ./Core/Src/rs485.o
 .comment       0x00000043       0x44 ./Core/Src/sensor.o
 .comment       0x00000043       0x44 ./Core/Src/software_timer.o
 .comment       0x00000043       0x44 ./Core/Src/spi.o
 .comment       0x00000043       0x44 ./Core/Src/stm32f4xx_hal_msp.o
 .comment       0x00000043       0x44 ./Core/Src/stm32f4xx_it.o
 .comment       0x00000043       0x44 ./Core/Src/system_stm32f4xx.o
 .comment       0x00000043       0x44 ./Core/Src/tim.o
 .comment       0x00000043       0x44 ./Core/Src/usart.o
 .comment       0x00000043       0x44 ./Drivers/STM32F4xx_HAL_Driver/Src/stm32f4xx_hal.o
 .comment       0x00000043       0x44 ./Drivers/STM32F4xx_HAL_Driver/Src/stm32f4xx_hal_adc.o
 .comment       0x00000043       0x44 ./Drivers/STM32F4xx_HAL_Driver/Src/stm32f4xx_hal_cortex.o
 .comment       0x00000043       0x44 ./Drivers/STM32F4xx_HAL_Driver/Src/stm32f4xx_hal_dma.o
 .comment       0x00000043       0x44 ./Drivers/STM32F4xx_HAL_Driver/Src/stm32f4xx_hal_gpio.o
 .comment       0x00000043       0x44 ./Drivers/STM32F4xx_HAL_Driver/Src/stm32f4xx_hal_i2c.o
 .comment       0x00000043       0x44 ./Drivers/STM32F4xx_HAL_Driver/Src/stm32f4xx_hal_rcc.o
 .comment       0x00000043       0x44 ./Drivers/STM32F4xx_HAL_Driver/Src/stm32f4xx_hal_spi.o
 .comment       0x00000043       0x44 ./Drivers/STM32F4xx_HAL_Driver/Src/stm32f4xx_hal_sram.o
 .comment       0x00000043       0x44 ./Drivers/STM32F4xx_HAL_Driver/Src/stm32f4xx_hal_tim.o
 .comment       0x00000043       0x44 ./Drivers/STM32F4xx_HAL_Driver/Src/stm32f4xx_hal_tim_ex.o
 .comment       0x00000043       0x44 ./Drivers/STM32F4xx_HAL_Driver/Src/stm32f4xx_hal_uart.o
 .comment       0x00000043       0x44 ./Drivers/STM32F4xx_HAL_Driver/Src/stm32f4xx_ll_fsmc.o

.debug_frame    0x00000000     0x6104
 .debug_frame   0x00000000      0x144 ./Core/Src/Modbus_Slave.o
 .debug_frame   0x00000144       0x7c ./Core/Src/adc.o
 .debug_frame   0x000001c0       0x50 ./Core/Src/button.o
 .debug_frame   0x00000210       0x54 ./Core/Src/buzzer.o
 .debug_frame   0x00000264       0x38 ./Core/Src/crc16.o
 .debug_frame   0x0000029c       0x34 ./Core/Src/dma.o
 .debug_frame   0x000002d0       0xbc ./Core/Src/fsmc.o
 .debug_frame   0x0000038c       0x34 ./Core/Src/gpio.o
 .debug_frame   0x000003c0       0x74 ./Core/Src/i2c.o
 .debug_frame   0x00000434      0x394 ./Core/Src/lcd.o
 .debug_frame   0x000007c8       0xe8 ./Core/Src/led_7seg.o
 .debug_frame   0x000008b0      0x14c ./Core/Src/main.o
 .debug_frame   0x000009fc      0x10c ./Core/Src/rs485.o
 .debug_frame   0x00000b08       0xe0 ./Core/Src/sensor.o
 .debug_frame   0x00000be8      0x15c ./Core/Src/software_timer.o
 .debug_frame   0x00000d44       0x74 ./Core/Src/spi.o
 .debug_frame   0x00000db8       0x38 ./Core/Src/stm32f4xx_hal_msp.o
 .debug_frame   0x00000df0      0x190 ./Core/Src/stm32f4xx_it.o
 .debug_frame   0x00000f80       0x58 ./Core/Src/system_stm32f4xx.o
 .debug_frame   0x00000fd8       0xe8 ./Core/Src/tim.o
 .debug_frame   0x000010c0       0x90 ./Core/Src/usart.o
 .debug_frame   0x00001150      0x374 ./Drivers/STM32F4xx_HAL_Driver/Src/stm32f4xx_hal.o
 .debug_frame   0x000014c4      0x3fc ./Drivers/STM32F4xx_HAL_Driver/Src/stm32f4xx_hal_adc.o
 .debug_frame   0x000018c0      0x508 ./Drivers/STM32F4xx_HAL_Driver/Src/stm32f4xx_hal_cortex.o
 .debug_frame   0x00001dc8      0x250 ./Drivers/STM32F4xx_HAL_Driver/Src/stm32f4xx_hal_dma.o
 .debug_frame   0x00002018      0x14c ./Drivers/STM32F4xx_HAL_Driver/Src/stm32f4xx_hal_gpio.o
 .debug_frame   0x00002164      0xc84 ./Drivers/STM32F4xx_HAL_Driver/Src/stm32f4xx_hal_i2c.o
 .debug_frame   0x00002de8      0x1f4 ./Drivers/STM32F4xx_HAL_Driver/Src/stm32f4xx_hal_rcc.o
 .debug_frame   0x00002fdc      0x828 ./Drivers/STM32F4xx_HAL_Driver/Src/stm32f4xx_hal_spi.o
 .debug_frame   0x00003804      0x30c ./Drivers/STM32F4xx_HAL_Driver/Src/stm32f4xx_hal_sram.o
 .debug_frame   0x00003b10     0x11c0 ./Drivers/STM32F4xx_HAL_Driver/Src/stm32f4xx_hal_tim.o
 .debug_frame   0x00004cd0      0x638 ./Drivers/STM32F4xx_HAL_Driver/Src/stm32f4xx_hal_tim_ex.o
 .debug_frame   0x00005308      0x954 ./Drivers/STM32F4xx_HAL_Driver/Src/stm32f4xx_hal_uart.o
 .debug_frame   0x00005c5c      0x2dc ./Drivers/STM32F4xx_HAL_Driver/Src/stm32f4xx_ll_fsmc.o
 .debug_frame   0x00005f38       0x20 C:/ST/STM32CubeIDE_1.17.0/STM32CubeIDE/plugins/com.st.stm32cube.ide.mcu.externaltools.gnu-tools-for-stm32.12.3.rel1.win32_1.1.0.202410251130/tools/bin/../lib/gcc/arm-none-eabi/12.3.1/../../../../arm-none-eabi/lib/thumb/v7e-m+fp/hard\libc_nano.a(libc_a-memset.o)
 .debug_frame   0x00005f58       0x2c C:/ST/STM32CubeIDE_1.17.0/STM32CubeIDE/plugins/com.st.stm32cube.ide.mcu.externaltools.gnu-tools-for-stm32.12.3.rel1.win32_1.1.0.202410251130/tools/bin/../lib/gcc/arm-none-eabi/12.3.1/../../../../arm-none-eabi/lib/thumb/v7e-m+fp/hard\libc_nano.a(libc_a-init.o)
 .debug_frame   0x00005f84       0xac C:/ST/STM32CubeIDE_1.17.0/STM32CubeIDE/plugins/com.st.stm32cube.ide.mcu.externaltools.gnu-tools-for-stm32.12.3.rel1.win32_1.1.0.202410251130/tools/bin/../lib/gcc/arm-none-eabi/12.3.1/thumb/v7e-m+fp/hard\libgcc.a(_arm_addsubdf3.o)