../Core/Src/main.c:81:6:HAL_UART_RxCpltCallback	16	static
../Core/Src/main.c:85:6:HAL_TIM_PeriodElapsedCallback	16	static
../Core/Src/main.c:100:5:main	8	static
../Core/Src/main.c:171:6:SystemClock_Config	88	static
../Core/Src/main.c:214:6:system_init	8	static
../Core/Src/main.c:224:9:IsButtonUp	4	static
../Core/Src/main.c:231:9:IsButtonDown	4	static
../Core/Src/main.c:238:9:isButtonRight	4	static
../Core/Src/main.c:246:6:TestADC	24	static
../Core/Src/main.c:265:6:TestBuzzer	8	static
../Core/Src/main.c:284:6:Error_Handler	4	static,ignoring_inline_asm
