../Core/Src/main.c:81:6:HAL_UARTEx_RxEventCallback	16	static
../Core/Src/main.c:84:6:HAL_TIM_PeriodElapsedCallback	16	static
../Core/Src/main.c:98:5:main	8	static
../Core/Src/main.c:169:6:SystemClock_Config	88	static
../Core/Src/main.c:212:6:system_init	8	static
../Core/Src/main.c:225:9:IsButtonUp	4	static
../Core/Src/main.c:232:9:IsButtonDown	4	static
../Core/Src/main.c:239:9:isButtonRight	4	static
../Core/Src/main.c:247:6:TestADC	24	static
../Core/Src/main.c:266:6:TestBuzzer	8	static
../Core/Src/main.c:285:6:Error_Handler	4	static,ignoring_inline_asm
