../Core/Src/Modbus_Slave.c:14:6:InitSlave	16	static
../Core/Src/Modbus_Slave.c:22:6:CommandParser_handler	16	static
../Core/Src/Modbus_Slave.c:55:6:splitFloat	16	static
../Core/Src/Modbus_Slave.c:63:6:splitUint16	24	static
../Core/Src/Modbus_Slave.c:69:6:Read_multiple_holding_register_handler	40	static
../Core/Src/Modbus_Slave.c:76:6:Read_holding_register_handler	32	static
../Core/Src/Modbus_Slave.c:85:13:ReadData	32	static
../Core/Src/Modbus_Slave.c:105:6:Write_holding_register_handler	24	static
../Core/Src/Modbus_Slave.c:118:6:TurnOffAllLed	8	static
../Core/Src/Modbus_Slave.c:127:6:slave_behavior	16	static
