../Core/Src/modbus485_fsm.c:28:6:rs485_send_cmd	24	static
../Core/Src/modbus485_fsm.c:43:9:is_frame_status	4	static
../Core/Src/modbus485_fsm.c:53:9:get_frame_size	4	static
../Core/Src/modbus485_fsm.c:58:9:is_character_received	4	static
../Core/Src/modbus485_fsm.c:68:9:is_transmit	4	static
../Core/Src/modbus485_fsm.c:78:9:crc_checking	16	static
../Core/Src/modbus485_fsm.c:100:6:rs485_fsm_init	8	static
../Core/Src/modbus485_fsm.c:108:6:rs485_fsm	8	static
../Core/Src/modbus485_fsm.c:186:6:init_rs485_super_init	4	static
../Core/Src/modbus485_fsm.c:193:6:rs485_super_init	4	static
../Core/Src/modbus485_fsm.c:197:6:init_rs485_init	8	static
../Core/Src/modbus485_fsm.c:204:6:rs485_init	4	static
../Core/Src/modbus485_fsm.c:208:6:init_rs485_idle	4	static
../Core/Src/modbus485_fsm.c:216:6:rs485_idle	4	static
../Core/Src/modbus485_fsm.c:220:6:init_rs485_transmit	8	static
../Core/Src/modbus485_fsm.c:228:6:rs485_transmit	4	static
../Core/Src/modbus485_fsm.c:232:6:init_rs485_receive	8	static
../Core/Src/modbus485_fsm.c:240:6:rs485_receive	4	static
../Core/Src/modbus485_fsm.c:244:6:init_rs485_waiting_control	4	static
../Core/Src/modbus485_fsm.c:251:6:rs485_waiting_control	8	static
../Core/Src/modbus485_fsm.c:273:6:RS485_UART_Callback	16	static
