../Core/Src/modbus485_fsm.c:28:6:rs485_send_cmd	24	static
../Core/Src/modbus485_fsm.c:46:9:is_frame_status	4	static
../Core/Src/modbus485_fsm.c:56:9:get_frame_size	4	static
../Core/Src/modbus485_fsm.c:61:9:is_character_received	4	static
../Core/Src/modbus485_fsm.c:71:9:is_transmit	4	static
../Core/Src/modbus485_fsm.c:81:9:crc_checking	16	static
../Core/Src/modbus485_fsm.c:103:6:rs485_fsm_init	8	static
../Core/Src/modbus485_fsm.c:111:6:rs485_fsm	8	static
../Core/Src/modbus485_fsm.c:191:6:init_rs485_super_init	4	static
../Core/Src/modbus485_fsm.c:198:6:rs485_super_init	4	static
../Core/Src/modbus485_fsm.c:202:6:init_rs485_init	8	static
../Core/Src/modbus485_fsm.c:209:6:rs485_init	4	static
../Core/Src/modbus485_fsm.c:213:6:init_rs485_idle	4	static
../Core/Src/modbus485_fsm.c:221:6:rs485_idle	4	static
../Core/Src/modbus485_fsm.c:225:6:init_rs485_transmit	8	static
../Core/Src/modbus485_fsm.c:233:6:rs485_transmit	4	static
../Core/Src/modbus485_fsm.c:237:6:init_rs485_receive	8	static
../Core/Src/modbus485_fsm.c:245:6:rs485_receive	4	static
../Core/Src/modbus485_fsm.c:249:6:init_rs485_waiting_control	4	static
../Core/Src/modbus485_fsm.c:256:6:rs485_waiting_control	8	static
../Core/Src/modbus485_fsm.c:278:6:RS485_UART_Callback	16	static
