13:15:53 **** Incremental Build of configuration Debug for project Modbus_Project_Slave ****
make -j22 all 
arm-none-eabi-gcc "../Core/Src/Modbus_Slave.c" -mcpu=cortex-m4 -std=gnu11 -g3 -DDEBUG -DUSE_HAL_DRIVER -DSTM32F407xx -c -I../Core/Inc -I../Drivers/STM32F4xx_HAL_Driver/Inc -I../Drivers/STM32F4xx_HAL_Driver/Inc/Legacy -I../Drivers/CMSIS/Device/ST/STM32F4xx/Include -I../Drivers/CMSIS/Include -O0 -ffunction-sections -fdata-sections -Wall -fstack-usage -fcyclomatic-complexity -MMD -MP -MF"Core/Src/Modbus_Slave.d" -MT"Core/Src/Modbus_Slave.o" --specs=nano.specs -mfpu=fpv4-sp-d16 -mfloat-abi=hard -mthumb -o "Core/Src/Modbus_Slave.o"
arm-none-eabi-gcc -o "Modbus_Project_Slave.elf" @"objects.list"   -mcpu=cortex-m4 -T"D:\BKIT\BKIT_PROJECT\Modbus_Project_Slave\STM32F407ZGTX_FLASH.ld" --specs=nosys.specs -Wl,-Map="Modbus_Project_Slave.map" -Wl,--gc-sections -static --specs=nano.specs -mfpu=fpv4-sp-d16 -mfloat-abi=hard -mthumb -Wl,--start-group -lc -lm -Wl,--end-group
C:/ST/STM32CubeIDE_1.17.0/STM32CubeIDE/plugins/com.st.stm32cube.ide.mcu.externaltools.gnu-tools-for-stm32.12.3.rel1.win32_1.1.0.202410251130/tools/bin/../lib/gcc/arm-none-eabi/12.3.1/../../../../arm-none-eabi/bin/ld.exe: warning: Modbus_Project_Slave.elf has a LOAD segment with RWX permissions
Finished building target: Modbus_Project_Slave.elf
 
arm-none-eabi-size  Modbus_Project_Slave.elf 
arm-none-eabi-objdump -h -S Modbus_Project_Slave.elf  > "Modbus_Project_Slave.list"
arm-none-eabi-objcopy  -O binary Modbus_Project_Slave.elf  "Modbus_Project_Slave.bin"
   text	   data	    bss	    dec	    hex	filename
  43368	    532	   2948	  46848	   b700	Modbus_Project_Slave.elf
Finished building: default.size.stdout
 
Finished building: Modbus_Project_Slave.bin
 
Finished building: Modbus_Project_Slave.list
 
